Archive member included to satisfy reference by file (symbol)

/Users/sl/projects/stm32-DS18x20/libopencm3/lib/libopencm3_stm32f1.a(gpio.o)
                              CMakeFiles/stm32-DS18x20.elf.dir/main.c.obj (gpio_set_mode)
/Users/sl/projects/stm32-DS18x20/libopencm3/lib/libopencm3_stm32f1.a(rcc.o)
                              CMakeFiles/stm32-DS18x20.elf.dir/main.c.obj (rcc_clock_setup_in_hse_8mhz_out_72mhz)
/Users/sl/projects/stm32-DS18x20/libopencm3/lib/libopencm3_stm32f1.a(gpio_common_all.o)
                              CMakeFiles/stm32-DS18x20.elf.dir/main.c.obj (gpio_set)
/Users/sl/projects/stm32-DS18x20/libopencm3/lib/libopencm3_stm32f1.a(usart_common_all.o)
                              CMakeFiles/stm32-DS18x20.elf.dir/main.c.obj (usart_set_baudrate)
/Users/sl/projects/stm32-DS18x20/libopencm3/lib/libopencm3_stm32f1.a(usart_common_f124.o)
                              /Users/sl/projects/stm32-DS18x20/libopencm3/lib/libopencm3_stm32f1.a(usart_common_all.o) (usart_send)
/Users/sl/projects/stm32-DS18x20/libopencm3/lib/libopencm3_stm32f1.a(rcc_common_all.o)
                              CMakeFiles/stm32-DS18x20.elf.dir/main.c.obj (rcc_periph_clock_enable)
/Users/sl/projects/stm32-DS18x20/libopencm3/lib/libopencm3_stm32f1.a(flash_common_f01.o)
                              /Users/sl/projects/stm32-DS18x20/libopencm3/lib/libopencm3_stm32f1.a(rcc.o) (flash_set_ws)
/Users/sl/projects/stm32-DS18x20/libopencm3/lib/libopencm3_stm32f1.a(vector.o)
                              (reset_handler)
/Users/sl/projects/stm32-DS18x20/libopencm3/lib/libopencm3_stm32f1.a(assert.o)
                              /Users/sl/projects/stm32-DS18x20/libopencm3/lib/libopencm3_stm32f1.a(rcc.o) (cm3_assert_failed)
/Users/sl/projects/stm32-DS18x20/libopencm3/lib/libopencm3_stm32f1.a(flash.o)
                              /Users/sl/projects/stm32-DS18x20/libopencm3/lib/libopencm3_stm32f1.a(flash_common_f01.o) (flash_get_status_flags)

Discarded input sections

 .group         0x0000000000000000        0x8 /Users/sl/projects/stm32-DS18x20/libopencm3/lib/libopencm3_stm32f1.a(gpio.o)
 .group         0x0000000000000000        0x8 /Users/sl/projects/stm32-DS18x20/libopencm3/lib/libopencm3_stm32f1.a(gpio.o)
 .group         0x0000000000000000        0x8 /Users/sl/projects/stm32-DS18x20/libopencm3/lib/libopencm3_stm32f1.a(gpio.o)
 .group         0x0000000000000000        0x8 /Users/sl/projects/stm32-DS18x20/libopencm3/lib/libopencm3_stm32f1.a(gpio.o)
 .group         0x0000000000000000        0x8 /Users/sl/projects/stm32-DS18x20/libopencm3/lib/libopencm3_stm32f1.a(gpio.o)
 .group         0x0000000000000000        0x8 /Users/sl/projects/stm32-DS18x20/libopencm3/lib/libopencm3_stm32f1.a(gpio.o)
 .group         0x0000000000000000        0x8 /Users/sl/projects/stm32-DS18x20/libopencm3/lib/libopencm3_stm32f1.a(gpio.o)
 .group         0x0000000000000000        0x8 /Users/sl/projects/stm32-DS18x20/libopencm3/lib/libopencm3_stm32f1.a(gpio.o)
 .group         0x0000000000000000        0x8 /Users/sl/projects/stm32-DS18x20/libopencm3/lib/libopencm3_stm32f1.a(gpio.o)
 .group         0x0000000000000000        0x8 /Users/sl/projects/stm32-DS18x20/libopencm3/lib/libopencm3_stm32f1.a(gpio.o)
 .group         0x0000000000000000        0x8 /Users/sl/projects/stm32-DS18x20/libopencm3/lib/libopencm3_stm32f1.a(gpio.o)
 .group         0x0000000000000000        0x8 /Users/sl/projects/stm32-DS18x20/libopencm3/lib/libopencm3_stm32f1.a(gpio.o)
 .group         0x0000000000000000        0x8 /Users/sl/projects/stm32-DS18x20/libopencm3/lib/libopencm3_stm32f1.a(gpio.o)
 .group         0x0000000000000000        0x8 /Users/sl/projects/stm32-DS18x20/libopencm3/lib/libopencm3_stm32f1.a(rcc.o)
 .group         0x0000000000000000        0x8 /Users/sl/projects/stm32-DS18x20/libopencm3/lib/libopencm3_stm32f1.a(rcc.o)
 .group         0x0000000000000000        0x8 /Users/sl/projects/stm32-DS18x20/libopencm3/lib/libopencm3_stm32f1.a(rcc.o)
 .group         0x0000000000000000        0x8 /Users/sl/projects/stm32-DS18x20/libopencm3/lib/libopencm3_stm32f1.a(rcc.o)
 .group         0x0000000000000000        0x8 /Users/sl/projects/stm32-DS18x20/libopencm3/lib/libopencm3_stm32f1.a(rcc.o)
 .group         0x0000000000000000        0x8 /Users/sl/projects/stm32-DS18x20/libopencm3/lib/libopencm3_stm32f1.a(rcc.o)
 .group         0x0000000000000000        0x8 /Users/sl/projects/stm32-DS18x20/libopencm3/lib/libopencm3_stm32f1.a(rcc.o)
 .group         0x0000000000000000        0x8 /Users/sl/projects/stm32-DS18x20/libopencm3/lib/libopencm3_stm32f1.a(rcc.o)
 .group         0x0000000000000000        0x8 /Users/sl/projects/stm32-DS18x20/libopencm3/lib/libopencm3_stm32f1.a(rcc.o)
 .group         0x0000000000000000        0x8 /Users/sl/projects/stm32-DS18x20/libopencm3/lib/libopencm3_stm32f1.a(rcc.o)
 .group         0x0000000000000000        0x8 /Users/sl/projects/stm32-DS18x20/libopencm3/lib/libopencm3_stm32f1.a(rcc.o)
 .group         0x0000000000000000        0x8 /Users/sl/projects/stm32-DS18x20/libopencm3/lib/libopencm3_stm32f1.a(rcc.o)
 .group         0x0000000000000000        0x8 /Users/sl/projects/stm32-DS18x20/libopencm3/lib/libopencm3_stm32f1.a(rcc.o)
 .group         0x0000000000000000        0x8 /Users/sl/projects/stm32-DS18x20/libopencm3/lib/libopencm3_stm32f1.a(rcc.o)
 .group         0x0000000000000000        0x8 /Users/sl/projects/stm32-DS18x20/libopencm3/lib/libopencm3_stm32f1.a(rcc.o)
 .debug_macro   0x0000000000000000      0x874 /Users/sl/projects/stm32-DS18x20/libopencm3/lib/libopencm3_stm32f1.a(rcc.o)
 .debug_macro   0x0000000000000000       0x22 /Users/sl/projects/stm32-DS18x20/libopencm3/lib/libopencm3_stm32f1.a(rcc.o)
 .debug_macro   0x0000000000000000       0x87 /Users/sl/projects/stm32-DS18x20/libopencm3/lib/libopencm3_stm32f1.a(rcc.o)
 .debug_macro   0x0000000000000000       0x44 /Users/sl/projects/stm32-DS18x20/libopencm3/lib/libopencm3_stm32f1.a(rcc.o)
 .debug_macro   0x0000000000000000       0xfd /Users/sl/projects/stm32-DS18x20/libopencm3/lib/libopencm3_stm32f1.a(rcc.o)
 .debug_macro   0x0000000000000000       0x5e /Users/sl/projects/stm32-DS18x20/libopencm3/lib/libopencm3_stm32f1.a(rcc.o)
 .debug_macro   0x0000000000000000      0x1df /Users/sl/projects/stm32-DS18x20/libopencm3/lib/libopencm3_stm32f1.a(rcc.o)
 .debug_macro   0x0000000000000000       0x22 /Users/sl/projects/stm32-DS18x20/libopencm3/lib/libopencm3_stm32f1.a(rcc.o)
 .debug_macro   0x0000000000000000       0xfa /Users/sl/projects/stm32-DS18x20/libopencm3/lib/libopencm3_stm32f1.a(rcc.o)
 .debug_macro   0x0000000000000000       0x58 /Users/sl/projects/stm32-DS18x20/libopencm3/lib/libopencm3_stm32f1.a(rcc.o)
 .debug_macro   0x0000000000000000      0x1b4 /Users/sl/projects/stm32-DS18x20/libopencm3/lib/libopencm3_stm32f1.a(rcc.o)
 .group         0x0000000000000000        0x8 /Users/sl/projects/stm32-DS18x20/libopencm3/lib/libopencm3_stm32f1.a(gpio_common_all.o)
 .group         0x0000000000000000        0x8 /Users/sl/projects/stm32-DS18x20/libopencm3/lib/libopencm3_stm32f1.a(gpio_common_all.o)
 .group         0x0000000000000000        0x8 /Users/sl/projects/stm32-DS18x20/libopencm3/lib/libopencm3_stm32f1.a(gpio_common_all.o)
 .group         0x0000000000000000        0x8 /Users/sl/projects/stm32-DS18x20/libopencm3/lib/libopencm3_stm32f1.a(gpio_common_all.o)
 .group         0x0000000000000000        0x8 /Users/sl/projects/stm32-DS18x20/libopencm3/lib/libopencm3_stm32f1.a(gpio_common_all.o)
 .group         0x0000000000000000        0x8 /Users/sl/projects/stm32-DS18x20/libopencm3/lib/libopencm3_stm32f1.a(gpio_common_all.o)
 .group         0x0000000000000000        0x8 /Users/sl/projects/stm32-DS18x20/libopencm3/lib/libopencm3_stm32f1.a(gpio_common_all.o)
 .group         0x0000000000000000        0x8 /Users/sl/projects/stm32-DS18x20/libopencm3/lib/libopencm3_stm32f1.a(gpio_common_all.o)
 .group         0x0000000000000000        0x8 /Users/sl/projects/stm32-DS18x20/libopencm3/lib/libopencm3_stm32f1.a(gpio_common_all.o)
 .group         0x0000000000000000        0x8 /Users/sl/projects/stm32-DS18x20/libopencm3/lib/libopencm3_stm32f1.a(gpio_common_all.o)
 .group         0x0000000000000000        0x8 /Users/sl/projects/stm32-DS18x20/libopencm3/lib/libopencm3_stm32f1.a(gpio_common_all.o)
 .group         0x0000000000000000        0x8 /Users/sl/projects/stm32-DS18x20/libopencm3/lib/libopencm3_stm32f1.a(gpio_common_all.o)
 .group         0x0000000000000000        0x8 /Users/sl/projects/stm32-DS18x20/libopencm3/lib/libopencm3_stm32f1.a(gpio_common_all.o)
 .debug_macro   0x0000000000000000      0x874 /Users/sl/projects/stm32-DS18x20/libopencm3/lib/libopencm3_stm32f1.a(gpio_common_all.o)
 .debug_macro   0x0000000000000000       0x22 /Users/sl/projects/stm32-DS18x20/libopencm3/lib/libopencm3_stm32f1.a(gpio_common_all.o)
 .debug_macro   0x0000000000000000       0x87 /Users/sl/projects/stm32-DS18x20/libopencm3/lib/libopencm3_stm32f1.a(gpio_common_all.o)
 .debug_macro   0x0000000000000000       0x44 /Users/sl/projects/stm32-DS18x20/libopencm3/lib/libopencm3_stm32f1.a(gpio_common_all.o)
 .debug_macro   0x0000000000000000       0xfd /Users/sl/projects/stm32-DS18x20/libopencm3/lib/libopencm3_stm32f1.a(gpio_common_all.o)
 .debug_macro   0x0000000000000000       0x5e /Users/sl/projects/stm32-DS18x20/libopencm3/lib/libopencm3_stm32f1.a(gpio_common_all.o)
 .debug_macro   0x0000000000000000      0x1df /Users/sl/projects/stm32-DS18x20/libopencm3/lib/libopencm3_stm32f1.a(gpio_common_all.o)
 .debug_macro   0x0000000000000000       0x22 /Users/sl/projects/stm32-DS18x20/libopencm3/lib/libopencm3_stm32f1.a(gpio_common_all.o)
 .debug_macro   0x0000000000000000       0xfa /Users/sl/projects/stm32-DS18x20/libopencm3/lib/libopencm3_stm32f1.a(gpio_common_all.o)
 .debug_macro   0x0000000000000000       0x58 /Users/sl/projects/stm32-DS18x20/libopencm3/lib/libopencm3_stm32f1.a(gpio_common_all.o)
 .debug_macro   0x0000000000000000      0x1b4 /Users/sl/projects/stm32-DS18x20/libopencm3/lib/libopencm3_stm32f1.a(gpio_common_all.o)
 .debug_macro   0x0000000000000000       0x76 /Users/sl/projects/stm32-DS18x20/libopencm3/lib/libopencm3_stm32f1.a(gpio_common_all.o)
 .debug_macro   0x0000000000000000      0xdfd /Users/sl/projects/stm32-DS18x20/libopencm3/lib/libopencm3_stm32f1.a(gpio_common_all.o)
 .group         0x0000000000000000        0x8 /Users/sl/projects/stm32-DS18x20/libopencm3/lib/libopencm3_stm32f1.a(usart_common_all.o)
 .group         0x0000000000000000        0x8 /Users/sl/projects/stm32-DS18x20/libopencm3/lib/libopencm3_stm32f1.a(usart_common_all.o)
 .group         0x0000000000000000        0x8 /Users/sl/projects/stm32-DS18x20/libopencm3/lib/libopencm3_stm32f1.a(usart_common_all.o)
 .group         0x0000000000000000        0x8 /Users/sl/projects/stm32-DS18x20/libopencm3/lib/libopencm3_stm32f1.a(usart_common_all.o)
 .group         0x0000000000000000        0x8 /Users/sl/projects/stm32-DS18x20/libopencm3/lib/libopencm3_stm32f1.a(usart_common_all.o)
 .group         0x0000000000000000        0x8 /Users/sl/projects/stm32-DS18x20/libopencm3/lib/libopencm3_stm32f1.a(usart_common_all.o)
 .group         0x0000000000000000        0x8 /Users/sl/projects/stm32-DS18x20/libopencm3/lib/libopencm3_stm32f1.a(usart_common_all.o)
 .group         0x0000000000000000        0x8 /Users/sl/projects/stm32-DS18x20/libopencm3/lib/libopencm3_stm32f1.a(usart_common_all.o)
 .group         0x0000000000000000        0x8 /Users/sl/projects/stm32-DS18x20/libopencm3/lib/libopencm3_stm32f1.a(usart_common_all.o)
 .group         0x0000000000000000        0x8 /Users/sl/projects/stm32-DS18x20/libopencm3/lib/libopencm3_stm32f1.a(usart_common_all.o)
 .group         0x0000000000000000        0x8 /Users/sl/projects/stm32-DS18x20/libopencm3/lib/libopencm3_stm32f1.a(usart_common_all.o)
 .group         0x0000000000000000        0x8 /Users/sl/projects/stm32-DS18x20/libopencm3/lib/libopencm3_stm32f1.a(usart_common_all.o)
 .group         0x0000000000000000        0x8 /Users/sl/projects/stm32-DS18x20/libopencm3/lib/libopencm3_stm32f1.a(usart_common_all.o)
 .group         0x0000000000000000        0x8 /Users/sl/projects/stm32-DS18x20/libopencm3/lib/libopencm3_stm32f1.a(usart_common_all.o)
 .debug_macro   0x0000000000000000      0x874 /Users/sl/projects/stm32-DS18x20/libopencm3/lib/libopencm3_stm32f1.a(usart_common_all.o)
 .debug_macro   0x0000000000000000       0x22 /Users/sl/projects/stm32-DS18x20/libopencm3/lib/libopencm3_stm32f1.a(usart_common_all.o)
 .debug_macro   0x0000000000000000       0x87 /Users/sl/projects/stm32-DS18x20/libopencm3/lib/libopencm3_stm32f1.a(usart_common_all.o)
 .debug_macro   0x0000000000000000       0x44 /Users/sl/projects/stm32-DS18x20/libopencm3/lib/libopencm3_stm32f1.a(usart_common_all.o)
 .debug_macro   0x0000000000000000       0xfd /Users/sl/projects/stm32-DS18x20/libopencm3/lib/libopencm3_stm32f1.a(usart_common_all.o)
 .debug_macro   0x0000000000000000       0x5e /Users/sl/projects/stm32-DS18x20/libopencm3/lib/libopencm3_stm32f1.a(usart_common_all.o)
 .debug_macro   0x0000000000000000      0x1df /Users/sl/projects/stm32-DS18x20/libopencm3/lib/libopencm3_stm32f1.a(usart_common_all.o)
 .debug_macro   0x0000000000000000       0x22 /Users/sl/projects/stm32-DS18x20/libopencm3/lib/libopencm3_stm32f1.a(usart_common_all.o)
 .debug_macro   0x0000000000000000       0xfa /Users/sl/projects/stm32-DS18x20/libopencm3/lib/libopencm3_stm32f1.a(usart_common_all.o)
 .debug_macro   0x0000000000000000       0x58 /Users/sl/projects/stm32-DS18x20/libopencm3/lib/libopencm3_stm32f1.a(usart_common_all.o)
 .debug_macro   0x0000000000000000      0x1b4 /Users/sl/projects/stm32-DS18x20/libopencm3/lib/libopencm3_stm32f1.a(usart_common_all.o)
 .debug_macro   0x0000000000000000      0x825 /Users/sl/projects/stm32-DS18x20/libopencm3/lib/libopencm3_stm32f1.a(usart_common_all.o)
 .group         0x0000000000000000        0x8 /Users/sl/projects/stm32-DS18x20/libopencm3/lib/libopencm3_stm32f1.a(usart_common_f124.o)
 .group         0x0000000000000000        0x8 /Users/sl/projects/stm32-DS18x20/libopencm3/lib/libopencm3_stm32f1.a(usart_common_f124.o)
 .group         0x0000000000000000        0x8 /Users/sl/projects/stm32-DS18x20/libopencm3/lib/libopencm3_stm32f1.a(usart_common_f124.o)
 .group         0x0000000000000000        0x8 /Users/sl/projects/stm32-DS18x20/libopencm3/lib/libopencm3_stm32f1.a(usart_common_f124.o)
 .group         0x0000000000000000        0x8 /Users/sl/projects/stm32-DS18x20/libopencm3/lib/libopencm3_stm32f1.a(usart_common_f124.o)
 .group         0x0000000000000000        0x8 /Users/sl/projects/stm32-DS18x20/libopencm3/lib/libopencm3_stm32f1.a(usart_common_f124.o)
 .group         0x0000000000000000        0x8 /Users/sl/projects/stm32-DS18x20/libopencm3/lib/libopencm3_stm32f1.a(usart_common_f124.o)
 .group         0x0000000000000000        0x8 /Users/sl/projects/stm32-DS18x20/libopencm3/lib/libopencm3_stm32f1.a(usart_common_f124.o)
 .group         0x0000000000000000        0x8 /Users/sl/projects/stm32-DS18x20/libopencm3/lib/libopencm3_stm32f1.a(usart_common_f124.o)
 .group         0x0000000000000000        0x8 /Users/sl/projects/stm32-DS18x20/libopencm3/lib/libopencm3_stm32f1.a(usart_common_f124.o)
 .group         0x0000000000000000        0x8 /Users/sl/projects/stm32-DS18x20/libopencm3/lib/libopencm3_stm32f1.a(usart_common_f124.o)
 .group         0x0000000000000000        0x8 /Users/sl/projects/stm32-DS18x20/libopencm3/lib/libopencm3_stm32f1.a(usart_common_f124.o)
 .group         0x0000000000000000        0x8 /Users/sl/projects/stm32-DS18x20/libopencm3/lib/libopencm3_stm32f1.a(usart_common_f124.o)
 .group         0x0000000000000000        0x8 /Users/sl/projects/stm32-DS18x20/libopencm3/lib/libopencm3_stm32f1.a(usart_common_f124.o)
 .debug_macro   0x0000000000000000      0x874 /Users/sl/projects/stm32-DS18x20/libopencm3/lib/libopencm3_stm32f1.a(usart_common_f124.o)
 .debug_macro   0x0000000000000000       0x22 /Users/sl/projects/stm32-DS18x20/libopencm3/lib/libopencm3_stm32f1.a(usart_common_f124.o)
 .debug_macro   0x0000000000000000       0x87 /Users/sl/projects/stm32-DS18x20/libopencm3/lib/libopencm3_stm32f1.a(usart_common_f124.o)
 .debug_macro   0x0000000000000000       0x44 /Users/sl/projects/stm32-DS18x20/libopencm3/lib/libopencm3_stm32f1.a(usart_common_f124.o)
 .debug_macro   0x0000000000000000       0xfd /Users/sl/projects/stm32-DS18x20/libopencm3/lib/libopencm3_stm32f1.a(usart_common_f124.o)
 .debug_macro   0x0000000000000000       0x5e /Users/sl/projects/stm32-DS18x20/libopencm3/lib/libopencm3_stm32f1.a(usart_common_f124.o)
 .debug_macro   0x0000000000000000      0x1df /Users/sl/projects/stm32-DS18x20/libopencm3/lib/libopencm3_stm32f1.a(usart_common_f124.o)
 .debug_macro   0x0000000000000000       0x22 /Users/sl/projects/stm32-DS18x20/libopencm3/lib/libopencm3_stm32f1.a(usart_common_f124.o)
 .debug_macro   0x0000000000000000       0xfa /Users/sl/projects/stm32-DS18x20/libopencm3/lib/libopencm3_stm32f1.a(usart_common_f124.o)
 .debug_macro   0x0000000000000000       0x58 /Users/sl/projects/stm32-DS18x20/libopencm3/lib/libopencm3_stm32f1.a(usart_common_f124.o)
 .debug_macro   0x0000000000000000      0x1b4 /Users/sl/projects/stm32-DS18x20/libopencm3/lib/libopencm3_stm32f1.a(usart_common_f124.o)
 .debug_macro   0x0000000000000000       0x8e /Users/sl/projects/stm32-DS18x20/libopencm3/lib/libopencm3_stm32f1.a(usart_common_f124.o)
 .debug_macro   0x0000000000000000      0x273 /Users/sl/projects/stm32-DS18x20/libopencm3/lib/libopencm3_stm32f1.a(usart_common_f124.o)
 .debug_macro   0x0000000000000000      0x825 /Users/sl/projects/stm32-DS18x20/libopencm3/lib/libopencm3_stm32f1.a(usart_common_f124.o)
 .group         0x0000000000000000        0x8 /Users/sl/projects/stm32-DS18x20/libopencm3/lib/libopencm3_stm32f1.a(rcc_common_all.o)
 .group         0x0000000000000000        0x8 /Users/sl/projects/stm32-DS18x20/libopencm3/lib/libopencm3_stm32f1.a(rcc_common_all.o)
 .group         0x0000000000000000        0x8 /Users/sl/projects/stm32-DS18x20/libopencm3/lib/libopencm3_stm32f1.a(rcc_common_all.o)
 .group         0x0000000000000000        0x8 /Users/sl/projects/stm32-DS18x20/libopencm3/lib/libopencm3_stm32f1.a(rcc_common_all.o)
 .group         0x0000000000000000        0x8 /Users/sl/projects/stm32-DS18x20/libopencm3/lib/libopencm3_stm32f1.a(rcc_common_all.o)
 .group         0x0000000000000000        0x8 /Users/sl/projects/stm32-DS18x20/libopencm3/lib/libopencm3_stm32f1.a(rcc_common_all.o)
 .group         0x0000000000000000        0x8 /Users/sl/projects/stm32-DS18x20/libopencm3/lib/libopencm3_stm32f1.a(rcc_common_all.o)
 .group         0x0000000000000000        0x8 /Users/sl/projects/stm32-DS18x20/libopencm3/lib/libopencm3_stm32f1.a(rcc_common_all.o)
 .group         0x0000000000000000        0x8 /Users/sl/projects/stm32-DS18x20/libopencm3/lib/libopencm3_stm32f1.a(rcc_common_all.o)
 .group         0x0000000000000000        0x8 /Users/sl/projects/stm32-DS18x20/libopencm3/lib/libopencm3_stm32f1.a(rcc_common_all.o)
 .group         0x0000000000000000        0x8 /Users/sl/projects/stm32-DS18x20/libopencm3/lib/libopencm3_stm32f1.a(rcc_common_all.o)
 .group         0x0000000000000000        0x8 /Users/sl/projects/stm32-DS18x20/libopencm3/lib/libopencm3_stm32f1.a(rcc_common_all.o)
 .debug_macro   0x0000000000000000      0x874 /Users/sl/projects/stm32-DS18x20/libopencm3/lib/libopencm3_stm32f1.a(rcc_common_all.o)
 .debug_macro   0x0000000000000000       0x22 /Users/sl/projects/stm32-DS18x20/libopencm3/lib/libopencm3_stm32f1.a(rcc_common_all.o)
 .debug_macro   0x0000000000000000       0x87 /Users/sl/projects/stm32-DS18x20/libopencm3/lib/libopencm3_stm32f1.a(rcc_common_all.o)
 .debug_macro   0x0000000000000000       0x44 /Users/sl/projects/stm32-DS18x20/libopencm3/lib/libopencm3_stm32f1.a(rcc_common_all.o)
 .debug_macro   0x0000000000000000       0xfd /Users/sl/projects/stm32-DS18x20/libopencm3/lib/libopencm3_stm32f1.a(rcc_common_all.o)
 .debug_macro   0x0000000000000000       0x5e /Users/sl/projects/stm32-DS18x20/libopencm3/lib/libopencm3_stm32f1.a(rcc_common_all.o)
 .debug_macro   0x0000000000000000      0x1df /Users/sl/projects/stm32-DS18x20/libopencm3/lib/libopencm3_stm32f1.a(rcc_common_all.o)
 .debug_macro   0x0000000000000000       0x22 /Users/sl/projects/stm32-DS18x20/libopencm3/lib/libopencm3_stm32f1.a(rcc_common_all.o)
 .debug_macro   0x0000000000000000       0xfa /Users/sl/projects/stm32-DS18x20/libopencm3/lib/libopencm3_stm32f1.a(rcc_common_all.o)
 .debug_macro   0x0000000000000000       0x58 /Users/sl/projects/stm32-DS18x20/libopencm3/lib/libopencm3_stm32f1.a(rcc_common_all.o)
 .debug_macro   0x0000000000000000      0x1b4 /Users/sl/projects/stm32-DS18x20/libopencm3/lib/libopencm3_stm32f1.a(rcc_common_all.o)
 .debug_macro   0x0000000000000000      0x825 /Users/sl/projects/stm32-DS18x20/libopencm3/lib/libopencm3_stm32f1.a(rcc_common_all.o)
 .group         0x0000000000000000        0x8 /Users/sl/projects/stm32-DS18x20/libopencm3/lib/libopencm3_stm32f1.a(flash_common_f01.o)
 .group         0x0000000000000000        0x8 /Users/sl/projects/stm32-DS18x20/libopencm3/lib/libopencm3_stm32f1.a(flash_common_f01.o)
 .group         0x0000000000000000        0x8 /Users/sl/projects/stm32-DS18x20/libopencm3/lib/libopencm3_stm32f1.a(flash_common_f01.o)
 .group         0x0000000000000000        0x8 /Users/sl/projects/stm32-DS18x20/libopencm3/lib/libopencm3_stm32f1.a(flash_common_f01.o)
 .group         0x0000000000000000        0x8 /Users/sl/projects/stm32-DS18x20/libopencm3/lib/libopencm3_stm32f1.a(flash_common_f01.o)
 .group         0x0000000000000000        0x8 /Users/sl/projects/stm32-DS18x20/libopencm3/lib/libopencm3_stm32f1.a(flash_common_f01.o)
 .group         0x0000000000000000        0x8 /Users/sl/projects/stm32-DS18x20/libopencm3/lib/libopencm3_stm32f1.a(flash_common_f01.o)
 .group         0x0000000000000000        0x8 /Users/sl/projects/stm32-DS18x20/libopencm3/lib/libopencm3_stm32f1.a(flash_common_f01.o)
 .group         0x0000000000000000        0x8 /Users/sl/projects/stm32-DS18x20/libopencm3/lib/libopencm3_stm32f1.a(flash_common_f01.o)
 .group         0x0000000000000000        0x8 /Users/sl/projects/stm32-DS18x20/libopencm3/lib/libopencm3_stm32f1.a(flash_common_f01.o)
 .group         0x0000000000000000        0x8 /Users/sl/projects/stm32-DS18x20/libopencm3/lib/libopencm3_stm32f1.a(flash_common_f01.o)
 .group         0x0000000000000000        0x8 /Users/sl/projects/stm32-DS18x20/libopencm3/lib/libopencm3_stm32f1.a(flash_common_f01.o)
 .group         0x0000000000000000        0x8 /Users/sl/projects/stm32-DS18x20/libopencm3/lib/libopencm3_stm32f1.a(flash_common_f01.o)
 .debug_macro   0x0000000000000000      0x874 /Users/sl/projects/stm32-DS18x20/libopencm3/lib/libopencm3_stm32f1.a(flash_common_f01.o)
 .debug_macro   0x0000000000000000       0x22 /Users/sl/projects/stm32-DS18x20/libopencm3/lib/libopencm3_stm32f1.a(flash_common_f01.o)
 .debug_macro   0x0000000000000000       0x87 /Users/sl/projects/stm32-DS18x20/libopencm3/lib/libopencm3_stm32f1.a(flash_common_f01.o)
 .debug_macro   0x0000000000000000       0x44 /Users/sl/projects/stm32-DS18x20/libopencm3/lib/libopencm3_stm32f1.a(flash_common_f01.o)
 .debug_macro   0x0000000000000000       0xfd /Users/sl/projects/stm32-DS18x20/libopencm3/lib/libopencm3_stm32f1.a(flash_common_f01.o)
 .debug_macro   0x0000000000000000       0x5e /Users/sl/projects/stm32-DS18x20/libopencm3/lib/libopencm3_stm32f1.a(flash_common_f01.o)
 .debug_macro   0x0000000000000000      0x1df /Users/sl/projects/stm32-DS18x20/libopencm3/lib/libopencm3_stm32f1.a(flash_common_f01.o)
 .debug_macro   0x0000000000000000       0x22 /Users/sl/projects/stm32-DS18x20/libopencm3/lib/libopencm3_stm32f1.a(flash_common_f01.o)
 .debug_macro   0x0000000000000000       0xfa /Users/sl/projects/stm32-DS18x20/libopencm3/lib/libopencm3_stm32f1.a(flash_common_f01.o)
 .debug_macro   0x0000000000000000       0x58 /Users/sl/projects/stm32-DS18x20/libopencm3/lib/libopencm3_stm32f1.a(flash_common_f01.o)
 .debug_macro   0x0000000000000000      0x1b4 /Users/sl/projects/stm32-DS18x20/libopencm3/lib/libopencm3_stm32f1.a(flash_common_f01.o)
 .debug_macro   0x0000000000000000       0xdc /Users/sl/projects/stm32-DS18x20/libopencm3/lib/libopencm3_stm32f1.a(flash_common_f01.o)
 .debug_macro   0x0000000000000000       0x82 /Users/sl/projects/stm32-DS18x20/libopencm3/lib/libopencm3_stm32f1.a(flash_common_f01.o)
 .group         0x0000000000000000        0x8 /Users/sl/projects/stm32-DS18x20/libopencm3/lib/libopencm3_stm32f1.a(vector.o)
 .group         0x0000000000000000        0x8 /Users/sl/projects/stm32-DS18x20/libopencm3/lib/libopencm3_stm32f1.a(vector.o)
 .group         0x0000000000000000        0x8 /Users/sl/projects/stm32-DS18x20/libopencm3/lib/libopencm3_stm32f1.a(vector.o)
 .group         0x0000000000000000        0x8 /Users/sl/projects/stm32-DS18x20/libopencm3/lib/libopencm3_stm32f1.a(vector.o)
 .group         0x0000000000000000        0x8 /Users/sl/projects/stm32-DS18x20/libopencm3/lib/libopencm3_stm32f1.a(vector.o)
 .group         0x0000000000000000        0x8 /Users/sl/projects/stm32-DS18x20/libopencm3/lib/libopencm3_stm32f1.a(vector.o)
 .group         0x0000000000000000        0x8 /Users/sl/projects/stm32-DS18x20/libopencm3/lib/libopencm3_stm32f1.a(vector.o)
 .group         0x0000000000000000        0x8 /Users/sl/projects/stm32-DS18x20/libopencm3/lib/libopencm3_stm32f1.a(vector.o)
 .group         0x0000000000000000        0x8 /Users/sl/projects/stm32-DS18x20/libopencm3/lib/libopencm3_stm32f1.a(vector.o)
 .group         0x0000000000000000        0x8 /Users/sl/projects/stm32-DS18x20/libopencm3/lib/libopencm3_stm32f1.a(vector.o)
 .group         0x0000000000000000        0x8 /Users/sl/projects/stm32-DS18x20/libopencm3/lib/libopencm3_stm32f1.a(vector.o)
 .group         0x0000000000000000        0x8 /Users/sl/projects/stm32-DS18x20/libopencm3/lib/libopencm3_stm32f1.a(vector.o)
 .group         0x0000000000000000        0x8 /Users/sl/projects/stm32-DS18x20/libopencm3/lib/libopencm3_stm32f1.a(vector.o)
 .debug_macro   0x0000000000000000      0x874 /Users/sl/projects/stm32-DS18x20/libopencm3/lib/libopencm3_stm32f1.a(vector.o)
 .debug_macro   0x0000000000000000       0x58 /Users/sl/projects/stm32-DS18x20/libopencm3/lib/libopencm3_stm32f1.a(vector.o)
 .debug_macro   0x0000000000000000       0x22 /Users/sl/projects/stm32-DS18x20/libopencm3/lib/libopencm3_stm32f1.a(vector.o)
 .debug_macro   0x0000000000000000       0x87 /Users/sl/projects/stm32-DS18x20/libopencm3/lib/libopencm3_stm32f1.a(vector.o)
 .debug_macro   0x0000000000000000       0x44 /Users/sl/projects/stm32-DS18x20/libopencm3/lib/libopencm3_stm32f1.a(vector.o)
 .debug_macro   0x0000000000000000       0xfd /Users/sl/projects/stm32-DS18x20/libopencm3/lib/libopencm3_stm32f1.a(vector.o)
 .debug_macro   0x0000000000000000       0x5e /Users/sl/projects/stm32-DS18x20/libopencm3/lib/libopencm3_stm32f1.a(vector.o)
 .debug_macro   0x0000000000000000      0x1df /Users/sl/projects/stm32-DS18x20/libopencm3/lib/libopencm3_stm32f1.a(vector.o)
 .debug_macro   0x0000000000000000       0x22 /Users/sl/projects/stm32-DS18x20/libopencm3/lib/libopencm3_stm32f1.a(vector.o)
 .debug_macro   0x0000000000000000       0xfa /Users/sl/projects/stm32-DS18x20/libopencm3/lib/libopencm3_stm32f1.a(vector.o)
 .group         0x0000000000000000        0x8 /Users/sl/projects/stm32-DS18x20/libopencm3/lib/libopencm3_stm32f1.a(assert.o)
 .group         0x0000000000000000        0x8 /Users/sl/projects/stm32-DS18x20/libopencm3/lib/libopencm3_stm32f1.a(assert.o)
 .group         0x0000000000000000        0x8 /Users/sl/projects/stm32-DS18x20/libopencm3/lib/libopencm3_stm32f1.a(assert.o)
 .group         0x0000000000000000        0x8 /Users/sl/projects/stm32-DS18x20/libopencm3/lib/libopencm3_stm32f1.a(assert.o)
 .group         0x0000000000000000        0x8 /Users/sl/projects/stm32-DS18x20/libopencm3/lib/libopencm3_stm32f1.a(assert.o)
 .group         0x0000000000000000        0x8 /Users/sl/projects/stm32-DS18x20/libopencm3/lib/libopencm3_stm32f1.a(assert.o)
 .group         0x0000000000000000        0x8 /Users/sl/projects/stm32-DS18x20/libopencm3/lib/libopencm3_stm32f1.a(assert.o)
 .group         0x0000000000000000        0x8 /Users/sl/projects/stm32-DS18x20/libopencm3/lib/libopencm3_stm32f1.a(assert.o)
 .group         0x0000000000000000        0x8 /Users/sl/projects/stm32-DS18x20/libopencm3/lib/libopencm3_stm32f1.a(assert.o)
 .group         0x0000000000000000        0x8 /Users/sl/projects/stm32-DS18x20/libopencm3/lib/libopencm3_stm32f1.a(assert.o)
 .debug_macro   0x0000000000000000      0x874 /Users/sl/projects/stm32-DS18x20/libopencm3/lib/libopencm3_stm32f1.a(assert.o)
 .debug_macro   0x0000000000000000       0x22 /Users/sl/projects/stm32-DS18x20/libopencm3/lib/libopencm3_stm32f1.a(assert.o)
 .debug_macro   0x0000000000000000       0x87 /Users/sl/projects/stm32-DS18x20/libopencm3/lib/libopencm3_stm32f1.a(assert.o)
 .debug_macro   0x0000000000000000       0x44 /Users/sl/projects/stm32-DS18x20/libopencm3/lib/libopencm3_stm32f1.a(assert.o)
 .debug_macro   0x0000000000000000       0xfd /Users/sl/projects/stm32-DS18x20/libopencm3/lib/libopencm3_stm32f1.a(assert.o)
 .debug_macro   0x0000000000000000       0x5e /Users/sl/projects/stm32-DS18x20/libopencm3/lib/libopencm3_stm32f1.a(assert.o)
 .debug_macro   0x0000000000000000      0x1df /Users/sl/projects/stm32-DS18x20/libopencm3/lib/libopencm3_stm32f1.a(assert.o)
 .debug_macro   0x0000000000000000       0x22 /Users/sl/projects/stm32-DS18x20/libopencm3/lib/libopencm3_stm32f1.a(assert.o)
 .debug_macro   0x0000000000000000       0xfa /Users/sl/projects/stm32-DS18x20/libopencm3/lib/libopencm3_stm32f1.a(assert.o)
 .debug_macro   0x0000000000000000       0x16 /Users/sl/projects/stm32-DS18x20/libopencm3/lib/libopencm3_stm32f1.a(assert.o)
 .group         0x0000000000000000        0x8 /Users/sl/projects/stm32-DS18x20/libopencm3/lib/libopencm3_stm32f1.a(flash.o)
 .group         0x0000000000000000        0x8 /Users/sl/projects/stm32-DS18x20/libopencm3/lib/libopencm3_stm32f1.a(flash.o)
 .group         0x0000000000000000        0x8 /Users/sl/projects/stm32-DS18x20/libopencm3/lib/libopencm3_stm32f1.a(flash.o)
 .group         0x0000000000000000        0x8 /Users/sl/projects/stm32-DS18x20/libopencm3/lib/libopencm3_stm32f1.a(flash.o)
 .group         0x0000000000000000        0x8 /Users/sl/projects/stm32-DS18x20/libopencm3/lib/libopencm3_stm32f1.a(flash.o)
 .group         0x0000000000000000        0x8 /Users/sl/projects/stm32-DS18x20/libopencm3/lib/libopencm3_stm32f1.a(flash.o)
 .group         0x0000000000000000        0x8 /Users/sl/projects/stm32-DS18x20/libopencm3/lib/libopencm3_stm32f1.a(flash.o)
 .group         0x0000000000000000        0x8 /Users/sl/projects/stm32-DS18x20/libopencm3/lib/libopencm3_stm32f1.a(flash.o)
 .group         0x0000000000000000        0x8 /Users/sl/projects/stm32-DS18x20/libopencm3/lib/libopencm3_stm32f1.a(flash.o)
 .group         0x0000000000000000        0x8 /Users/sl/projects/stm32-DS18x20/libopencm3/lib/libopencm3_stm32f1.a(flash.o)
 .group         0x0000000000000000        0x8 /Users/sl/projects/stm32-DS18x20/libopencm3/lib/libopencm3_stm32f1.a(flash.o)
 .group         0x0000000000000000        0x8 /Users/sl/projects/stm32-DS18x20/libopencm3/lib/libopencm3_stm32f1.a(flash.o)
 .group         0x0000000000000000        0x8 /Users/sl/projects/stm32-DS18x20/libopencm3/lib/libopencm3_stm32f1.a(flash.o)
 .debug_macro   0x0000000000000000      0x874 /Users/sl/projects/stm32-DS18x20/libopencm3/lib/libopencm3_stm32f1.a(flash.o)
 .debug_macro   0x0000000000000000       0x22 /Users/sl/projects/stm32-DS18x20/libopencm3/lib/libopencm3_stm32f1.a(flash.o)
 .debug_macro   0x0000000000000000       0x87 /Users/sl/projects/stm32-DS18x20/libopencm3/lib/libopencm3_stm32f1.a(flash.o)
 .debug_macro   0x0000000000000000       0x44 /Users/sl/projects/stm32-DS18x20/libopencm3/lib/libopencm3_stm32f1.a(flash.o)
 .debug_macro   0x0000000000000000       0xfd /Users/sl/projects/stm32-DS18x20/libopencm3/lib/libopencm3_stm32f1.a(flash.o)
 .debug_macro   0x0000000000000000       0x5e /Users/sl/projects/stm32-DS18x20/libopencm3/lib/libopencm3_stm32f1.a(flash.o)
 .debug_macro   0x0000000000000000      0x1df /Users/sl/projects/stm32-DS18x20/libopencm3/lib/libopencm3_stm32f1.a(flash.o)
 .debug_macro   0x0000000000000000       0x22 /Users/sl/projects/stm32-DS18x20/libopencm3/lib/libopencm3_stm32f1.a(flash.o)
 .debug_macro   0x0000000000000000       0xfa /Users/sl/projects/stm32-DS18x20/libopencm3/lib/libopencm3_stm32f1.a(flash.o)
 .debug_macro   0x0000000000000000       0x58 /Users/sl/projects/stm32-DS18x20/libopencm3/lib/libopencm3_stm32f1.a(flash.o)
 .debug_macro   0x0000000000000000      0x1b4 /Users/sl/projects/stm32-DS18x20/libopencm3/lib/libopencm3_stm32f1.a(flash.o)
 .debug_macro   0x0000000000000000       0xdc /Users/sl/projects/stm32-DS18x20/libopencm3/lib/libopencm3_stm32f1.a(flash.o)
 .debug_macro   0x0000000000000000       0x82 /Users/sl/projects/stm32-DS18x20/libopencm3/lib/libopencm3_stm32f1.a(flash.o)

Memory Configuration

Name             Origin             Length             Attributes
rom              0x0000000008000000 0x0000000000010000 xr
ram              0x0000000020000000 0x0000000000005000 xrw
*default*        0x0000000000000000 0xffffffffffffffff

Linker script and memory map

LOAD CMakeFiles/stm32-DS18x20.elf.dir/main.c.obj
LOAD /Users/sl/projects/stm32-DS18x20/libopencm3/lib/libopencm3_stm32f1.a
START GROUP
LOAD /usr/local/bin/../lib/gcc/arm-none-eabi/5.4.1/armv7-m/libgcc.a
LOAD /usr/local/bin/../lib/gcc/arm-none-eabi/5.4.1/../../../../arm-none-eabi/lib/armv7-m/libg.a
LOAD /usr/local/bin/../lib/gcc/arm-none-eabi/5.4.1/../../../../arm-none-eabi/lib/armv7-m/libc.a
END GROUP
START GROUP
LOAD /usr/local/bin/../lib/gcc/arm-none-eabi/5.4.1/armv7-m/libgcc.a
LOAD /usr/local/bin/../lib/gcc/arm-none-eabi/5.4.1/../../../../arm-none-eabi/lib/armv7-m/libc.a
LOAD /usr/local/bin/../lib/gcc/arm-none-eabi/5.4.1/../../../../arm-none-eabi/lib/armv7-m/librdimon.a
END GROUP

.text           0x0000000008000000     0x1384
 *(.vectors)
 .vectors       0x0000000008000000      0x150 /Users/sl/projects/stm32-DS18x20/libopencm3/lib/libopencm3_stm32f1.a(vector.o)
                0x0000000008000000                vector_table
 *(.text*)
 .text          0x0000000008000150      0x17c CMakeFiles/stm32-DS18x20.elf.dir/main.c.obj
                0x000000000800023c                main
 .text          0x00000000080002cc        0x0 /Users/sl/projects/stm32-DS18x20/libopencm3/lib/libopencm3_stm32f1.a(gpio.o)
 .text.gpio_set_mode
                0x00000000080002cc       0x64 /Users/sl/projects/stm32-DS18x20/libopencm3/lib/libopencm3_stm32f1.a(gpio.o)
                0x00000000080002cc                gpio_set_mode
 .text.gpio_set_eventout
                0x0000000008000330       0x10 /Users/sl/projects/stm32-DS18x20/libopencm3/lib/libopencm3_stm32f1.a(gpio.o)
                0x0000000008000330                gpio_set_eventout
 .text.gpio_primary_remap
                0x0000000008000340       0x14 /Users/sl/projects/stm32-DS18x20/libopencm3/lib/libopencm3_stm32f1.a(gpio.o)
                0x0000000008000340                gpio_primary_remap
 .text.gpio_secondary_remap
                0x0000000008000354       0x10 /Users/sl/projects/stm32-DS18x20/libopencm3/lib/libopencm3_stm32f1.a(gpio.o)
                0x0000000008000354                gpio_secondary_remap
 .text          0x0000000008000364        0x0 /Users/sl/projects/stm32-DS18x20/libopencm3/lib/libopencm3_stm32f1.a(rcc.o)
 .text.rcc_osc_on.part.1
                0x0000000008000364       0x10 /Users/sl/projects/stm32-DS18x20/libopencm3/lib/libopencm3_stm32f1.a(rcc.o)
 .text.rcc_osc_ready_int_clear
                0x0000000008000374       0x5c /Users/sl/projects/stm32-DS18x20/libopencm3/lib/libopencm3_stm32f1.a(rcc.o)
                0x0000000008000374                rcc_osc_ready_int_clear
 .text.rcc_osc_ready_int_enable
                0x00000000080003d0       0x5c /Users/sl/projects/stm32-DS18x20/libopencm3/lib/libopencm3_stm32f1.a(rcc.o)
                0x00000000080003d0                rcc_osc_ready_int_enable
 .text.rcc_osc_ready_int_disable
                0x000000000800042c       0x5c /Users/sl/projects/stm32-DS18x20/libopencm3/lib/libopencm3_stm32f1.a(rcc.o)
                0x000000000800042c                rcc_osc_ready_int_disable
 .text.rcc_osc_ready_int_flag
                0x0000000008000488       0x54 /Users/sl/projects/stm32-DS18x20/libopencm3/lib/libopencm3_stm32f1.a(rcc.o)
                0x0000000008000488                rcc_osc_ready_int_flag
 .text.rcc_css_int_clear
                0x00000000080004dc       0x10 /Users/sl/projects/stm32-DS18x20/libopencm3/lib/libopencm3_stm32f1.a(rcc.o)
                0x00000000080004dc                rcc_css_int_clear
 .text.rcc_css_int_flag
                0x00000000080004ec       0x10 /Users/sl/projects/stm32-DS18x20/libopencm3/lib/libopencm3_stm32f1.a(rcc.o)
                0x00000000080004ec                rcc_css_int_flag
 .text.rcc_is_osc_ready
                0x00000000080004fc       0x5c /Users/sl/projects/stm32-DS18x20/libopencm3/lib/libopencm3_stm32f1.a(rcc.o)
                0x00000000080004fc                rcc_is_osc_ready
 .text.rcc_wait_for_osc_ready
                0x0000000008000558       0x10 /Users/sl/projects/stm32-DS18x20/libopencm3/lib/libopencm3_stm32f1.a(rcc.o)
                0x0000000008000558                rcc_wait_for_osc_ready
 .text.rcc_osc_on
                0x0000000008000568       0x54 /Users/sl/projects/stm32-DS18x20/libopencm3/lib/libopencm3_stm32f1.a(rcc.o)
                0x0000000008000568                rcc_osc_on
 .text.rcc_osc_off
                0x00000000080005bc       0x58 /Users/sl/projects/stm32-DS18x20/libopencm3/lib/libopencm3_stm32f1.a(rcc.o)
                0x00000000080005bc                rcc_osc_off
 .text.rcc_css_enable
                0x0000000008000614       0x10 /Users/sl/projects/stm32-DS18x20/libopencm3/lib/libopencm3_stm32f1.a(rcc.o)
                0x0000000008000614                rcc_css_enable
 .text.rcc_css_disable
                0x0000000008000624       0x10 /Users/sl/projects/stm32-DS18x20/libopencm3/lib/libopencm3_stm32f1.a(rcc.o)
                0x0000000008000624                rcc_css_disable
 .text.rcc_osc_bypass_enable
                0x0000000008000634       0x28 /Users/sl/projects/stm32-DS18x20/libopencm3/lib/libopencm3_stm32f1.a(rcc.o)
                0x0000000008000634                rcc_osc_bypass_enable
 .text.rcc_osc_bypass_disable
                0x000000000800065c       0x28 /Users/sl/projects/stm32-DS18x20/libopencm3/lib/libopencm3_stm32f1.a(rcc.o)
                0x000000000800065c                rcc_osc_bypass_disable
 .text.rcc_set_sysclk_source
                0x0000000008000684       0x14 /Users/sl/projects/stm32-DS18x20/libopencm3/lib/libopencm3_stm32f1.a(rcc.o)
                0x0000000008000684                rcc_set_sysclk_source
 .text.rcc_set_pll_multiplication_factor
                0x0000000008000698       0x14 /Users/sl/projects/stm32-DS18x20/libopencm3/lib/libopencm3_stm32f1.a(rcc.o)
                0x0000000008000698                rcc_set_pll_multiplication_factor
 .text.rcc_set_pll2_multiplication_factor
                0x00000000080006ac       0x14 /Users/sl/projects/stm32-DS18x20/libopencm3/lib/libopencm3_stm32f1.a(rcc.o)
                0x00000000080006ac                rcc_set_pll2_multiplication_factor
 .text.rcc_set_pll3_multiplication_factor
                0x00000000080006c0       0x14 /Users/sl/projects/stm32-DS18x20/libopencm3/lib/libopencm3_stm32f1.a(rcc.o)
                0x00000000080006c0                rcc_set_pll3_multiplication_factor
 .text.rcc_set_pll_source
                0x00000000080006d4       0x14 /Users/sl/projects/stm32-DS18x20/libopencm3/lib/libopencm3_stm32f1.a(rcc.o)
                0x00000000080006d4                rcc_set_pll_source
 .text.rcc_set_pllxtpre
                0x00000000080006e8       0x14 /Users/sl/projects/stm32-DS18x20/libopencm3/lib/libopencm3_stm32f1.a(rcc.o)
                0x00000000080006e8                rcc_set_pllxtpre
 .text.rcc_rtc_clock_enabled_flag
                0x00000000080006fc       0x10 /Users/sl/projects/stm32-DS18x20/libopencm3/lib/libopencm3_stm32f1.a(rcc.o)
                0x00000000080006fc                rcc_rtc_clock_enabled_flag
 .text.rcc_enable_rtc_clock
                0x000000000800070c       0x10 /Users/sl/projects/stm32-DS18x20/libopencm3/lib/libopencm3_stm32f1.a(rcc.o)
                0x000000000800070c                rcc_enable_rtc_clock
 .text.rcc_set_rtc_clock_source
                0x000000000800071c       0x90 /Users/sl/projects/stm32-DS18x20/libopencm3/lib/libopencm3_stm32f1.a(rcc.o)
                0x000000000800071c                rcc_set_rtc_clock_source
 .text.rcc_set_adcpre
                0x00000000080007ac       0x14 /Users/sl/projects/stm32-DS18x20/libopencm3/lib/libopencm3_stm32f1.a(rcc.o)
                0x00000000080007ac                rcc_set_adcpre
 .text.rcc_set_ppre2
                0x00000000080007c0       0x14 /Users/sl/projects/stm32-DS18x20/libopencm3/lib/libopencm3_stm32f1.a(rcc.o)
                0x00000000080007c0                rcc_set_ppre2
 .text.rcc_set_ppre1
                0x00000000080007d4       0x14 /Users/sl/projects/stm32-DS18x20/libopencm3/lib/libopencm3_stm32f1.a(rcc.o)
                0x00000000080007d4                rcc_set_ppre1
 .text.rcc_set_hpre
                0x00000000080007e8       0x14 /Users/sl/projects/stm32-DS18x20/libopencm3/lib/libopencm3_stm32f1.a(rcc.o)
                0x00000000080007e8                rcc_set_hpre
 .text.rcc_set_usbpre
                0x00000000080007fc       0x18 /Users/sl/projects/stm32-DS18x20/libopencm3/lib/libopencm3_stm32f1.a(rcc.o)
                0x00000000080007fc                rcc_set_usbpre
 .text.rcc_set_prediv1
                0x0000000008000814       0x14 /Users/sl/projects/stm32-DS18x20/libopencm3/lib/libopencm3_stm32f1.a(rcc.o)
                0x0000000008000814                rcc_set_prediv1
 .text.rcc_set_prediv2
                0x0000000008000828       0x14 /Users/sl/projects/stm32-DS18x20/libopencm3/lib/libopencm3_stm32f1.a(rcc.o)
                0x0000000008000828                rcc_set_prediv2
 .text.rcc_set_prediv1_source
                0x000000000800083c       0x18 /Users/sl/projects/stm32-DS18x20/libopencm3/lib/libopencm3_stm32f1.a(rcc.o)
                0x000000000800083c                rcc_set_prediv1_source
 .text.rcc_system_clock_source
                0x0000000008000854       0x10 /Users/sl/projects/stm32-DS18x20/libopencm3/lib/libopencm3_stm32f1.a(rcc.o)
                0x0000000008000854                rcc_system_clock_source
 .text.rcc_clock_setup_in_hsi_out_64mhz
                0x0000000008000864       0x74 /Users/sl/projects/stm32-DS18x20/libopencm3/lib/libopencm3_stm32f1.a(rcc.o)
                0x0000000008000864                rcc_clock_setup_in_hsi_out_64mhz
 .text.rcc_clock_setup_in_hsi_out_48mhz
                0x00000000080008d8       0x84 /Users/sl/projects/stm32-DS18x20/libopencm3/lib/libopencm3_stm32f1.a(rcc.o)
                0x00000000080008d8                rcc_clock_setup_in_hsi_out_48mhz
 .text.rcc_clock_setup_in_hsi_out_24mhz
                0x000000000800095c       0x70 /Users/sl/projects/stm32-DS18x20/libopencm3/lib/libopencm3_stm32f1.a(rcc.o)
                0x000000000800095c                rcc_clock_setup_in_hsi_out_24mhz
 .text.rcc_clock_setup_in_hse_8mhz_out_24mhz
                0x00000000080009cc       0x88 /Users/sl/projects/stm32-DS18x20/libopencm3/lib/libopencm3_stm32f1.a(rcc.o)
                0x00000000080009cc                rcc_clock_setup_in_hse_8mhz_out_24mhz
 .text.rcc_clock_setup_in_hse_8mhz_out_72mhz
                0x0000000008000a54       0x8c /Users/sl/projects/stm32-DS18x20/libopencm3/lib/libopencm3_stm32f1.a(rcc.o)
                0x0000000008000a54                rcc_clock_setup_in_hse_8mhz_out_72mhz
 .text.rcc_clock_setup_in_hse_12mhz_out_72mhz
                0x0000000008000ae0       0x8c /Users/sl/projects/stm32-DS18x20/libopencm3/lib/libopencm3_stm32f1.a(rcc.o)
                0x0000000008000ae0                rcc_clock_setup_in_hse_12mhz_out_72mhz
 .text.rcc_clock_setup_in_hse_16mhz_out_72mhz
                0x0000000008000b6c       0x8c /Users/sl/projects/stm32-DS18x20/libopencm3/lib/libopencm3_stm32f1.a(rcc.o)
                0x0000000008000b6c                rcc_clock_setup_in_hse_16mhz_out_72mhz
 .text.rcc_clock_setup_in_hse_25mhz_out_72mhz
                0x0000000008000bf8       0xac /Users/sl/projects/stm32-DS18x20/libopencm3/lib/libopencm3_stm32f1.a(rcc.o)
                0x0000000008000bf8                rcc_clock_setup_in_hse_25mhz_out_72mhz
 .text.rcc_backupdomain_reset
                0x0000000008000ca4       0x18 /Users/sl/projects/stm32-DS18x20/libopencm3/lib/libopencm3_stm32f1.a(rcc.o)
                0x0000000008000ca4                rcc_backupdomain_reset
 .text          0x0000000008000cbc        0x0 /Users/sl/projects/stm32-DS18x20/libopencm3/lib/libopencm3_stm32f1.a(gpio_common_all.o)
 .text.gpio_set
                0x0000000008000cbc        0x4 /Users/sl/projects/stm32-DS18x20/libopencm3/lib/libopencm3_stm32f1.a(gpio_common_all.o)
                0x0000000008000cbc                gpio_set
 .text.gpio_clear
                0x0000000008000cc0        0x6 /Users/sl/projects/stm32-DS18x20/libopencm3/lib/libopencm3_stm32f1.a(gpio_common_all.o)
                0x0000000008000cc0                gpio_clear
 .text.gpio_get
                0x0000000008000cc6        0x6 /Users/sl/projects/stm32-DS18x20/libopencm3/lib/libopencm3_stm32f1.a(gpio_common_all.o)
                0x0000000008000cc6                gpio_get
 .text.gpio_toggle
                0x0000000008000ccc       0x12 /Users/sl/projects/stm32-DS18x20/libopencm3/lib/libopencm3_stm32f1.a(gpio_common_all.o)
                0x0000000008000ccc                gpio_toggle
 .text.gpio_port_read
                0x0000000008000cde        0x6 /Users/sl/projects/stm32-DS18x20/libopencm3/lib/libopencm3_stm32f1.a(gpio_common_all.o)
                0x0000000008000cde                gpio_port_read
 .text.gpio_port_write
                0x0000000008000ce4        0x4 /Users/sl/projects/stm32-DS18x20/libopencm3/lib/libopencm3_stm32f1.a(gpio_common_all.o)
                0x0000000008000ce4                gpio_port_write
 .text.gpio_port_config_lock
                0x0000000008000ce8       0x10 /Users/sl/projects/stm32-DS18x20/libopencm3/lib/libopencm3_stm32f1.a(gpio_common_all.o)
                0x0000000008000ce8                gpio_port_config_lock
 .text          0x0000000008000cf8        0x0 /Users/sl/projects/stm32-DS18x20/libopencm3/lib/libopencm3_stm32f1.a(usart_common_all.o)
 .text.usart_set_baudrate
                0x0000000008000cf8       0x28 /Users/sl/projects/stm32-DS18x20/libopencm3/lib/libopencm3_stm32f1.a(usart_common_all.o)
                0x0000000008000cf8                usart_set_baudrate
 .text.usart_set_databits
                0x0000000008000d20       0x12 /Users/sl/projects/stm32-DS18x20/libopencm3/lib/libopencm3_stm32f1.a(usart_common_all.o)
                0x0000000008000d20                usart_set_databits
 .text.usart_set_stopbits
                0x0000000008000d32        0xc /Users/sl/projects/stm32-DS18x20/libopencm3/lib/libopencm3_stm32f1.a(usart_common_all.o)
                0x0000000008000d32                usart_set_stopbits
 .text.usart_set_parity
                0x0000000008000d3e        0xc /Users/sl/projects/stm32-DS18x20/libopencm3/lib/libopencm3_stm32f1.a(usart_common_all.o)
                0x0000000008000d3e                usart_set_parity
 .text.usart_set_mode
                0x0000000008000d4a        0xc /Users/sl/projects/stm32-DS18x20/libopencm3/lib/libopencm3_stm32f1.a(usart_common_all.o)
                0x0000000008000d4a                usart_set_mode
 .text.usart_set_flow_control
                0x0000000008000d56        0xc /Users/sl/projects/stm32-DS18x20/libopencm3/lib/libopencm3_stm32f1.a(usart_common_all.o)
                0x0000000008000d56                usart_set_flow_control
 .text.usart_enable
                0x0000000008000d62        0xa /Users/sl/projects/stm32-DS18x20/libopencm3/lib/libopencm3_stm32f1.a(usart_common_all.o)
                0x0000000008000d62                usart_enable
 .text.usart_disable
                0x0000000008000d6c        0xa /Users/sl/projects/stm32-DS18x20/libopencm3/lib/libopencm3_stm32f1.a(usart_common_all.o)
                0x0000000008000d6c                usart_disable
 .text.usart_send_blocking
                0x0000000008000d76       0x16 /Users/sl/projects/stm32-DS18x20/libopencm3/lib/libopencm3_stm32f1.a(usart_common_all.o)
                0x0000000008000d76                usart_send_blocking
 .text.usart_recv_blocking
                0x0000000008000d8c       0x12 /Users/sl/projects/stm32-DS18x20/libopencm3/lib/libopencm3_stm32f1.a(usart_common_all.o)
                0x0000000008000d8c                usart_recv_blocking
 .text.usart_enable_rx_dma
                0x0000000008000d9e        0xa /Users/sl/projects/stm32-DS18x20/libopencm3/lib/libopencm3_stm32f1.a(usart_common_all.o)
                0x0000000008000d9e                usart_enable_rx_dma
 .text.usart_disable_rx_dma
                0x0000000008000da8        0xa /Users/sl/projects/stm32-DS18x20/libopencm3/lib/libopencm3_stm32f1.a(usart_common_all.o)
                0x0000000008000da8                usart_disable_rx_dma
 .text.usart_enable_tx_dma
                0x0000000008000db2        0xa /Users/sl/projects/stm32-DS18x20/libopencm3/lib/libopencm3_stm32f1.a(usart_common_all.o)
                0x0000000008000db2                usart_enable_tx_dma
 .text.usart_disable_tx_dma
                0x0000000008000dbc        0xa /Users/sl/projects/stm32-DS18x20/libopencm3/lib/libopencm3_stm32f1.a(usart_common_all.o)
                0x0000000008000dbc                usart_disable_tx_dma
 .text.usart_enable_rx_interrupt
                0x0000000008000dc6        0xa /Users/sl/projects/stm32-DS18x20/libopencm3/lib/libopencm3_stm32f1.a(usart_common_all.o)
                0x0000000008000dc6                usart_enable_rx_interrupt
 .text.usart_disable_rx_interrupt
                0x0000000008000dd0        0xa /Users/sl/projects/stm32-DS18x20/libopencm3/lib/libopencm3_stm32f1.a(usart_common_all.o)
                0x0000000008000dd0                usart_disable_rx_interrupt
 .text.usart_enable_tx_interrupt
                0x0000000008000dda        0xa /Users/sl/projects/stm32-DS18x20/libopencm3/lib/libopencm3_stm32f1.a(usart_common_all.o)
                0x0000000008000dda                usart_enable_tx_interrupt
 .text.usart_disable_tx_interrupt
                0x0000000008000de4        0xa /Users/sl/projects/stm32-DS18x20/libopencm3/lib/libopencm3_stm32f1.a(usart_common_all.o)
                0x0000000008000de4                usart_disable_tx_interrupt
 .text.usart_enable_error_interrupt
                0x0000000008000dee        0xa /Users/sl/projects/stm32-DS18x20/libopencm3/lib/libopencm3_stm32f1.a(usart_common_all.o)
                0x0000000008000dee                usart_enable_error_interrupt
 .text.usart_disable_error_interrupt
                0x0000000008000df8        0xa /Users/sl/projects/stm32-DS18x20/libopencm3/lib/libopencm3_stm32f1.a(usart_common_all.o)
                0x0000000008000df8                usart_disable_error_interrupt
 .text          0x0000000008000e02        0x0 /Users/sl/projects/stm32-DS18x20/libopencm3/lib/libopencm3_stm32f1.a(usart_common_f124.o)
 .text.usart_send
                0x0000000008000e02        0x8 /Users/sl/projects/stm32-DS18x20/libopencm3/lib/libopencm3_stm32f1.a(usart_common_f124.o)
                0x0000000008000e02                usart_send
 .text.usart_recv
                0x0000000008000e0a        0x8 /Users/sl/projects/stm32-DS18x20/libopencm3/lib/libopencm3_stm32f1.a(usart_common_f124.o)
                0x0000000008000e0a                usart_recv
 .text.usart_wait_send_ready
                0x0000000008000e12        0x8 /Users/sl/projects/stm32-DS18x20/libopencm3/lib/libopencm3_stm32f1.a(usart_common_f124.o)
                0x0000000008000e12                usart_wait_send_ready
 .text.usart_wait_recv_ready
                0x0000000008000e1a        0x8 /Users/sl/projects/stm32-DS18x20/libopencm3/lib/libopencm3_stm32f1.a(usart_common_f124.o)
                0x0000000008000e1a                usart_wait_recv_ready
 .text.usart_get_flag
                0x0000000008000e22        0xc /Users/sl/projects/stm32-DS18x20/libopencm3/lib/libopencm3_stm32f1.a(usart_common_f124.o)
                0x0000000008000e22                usart_get_flag
 .text.usart_get_interrupt_source
                0x0000000008000e2e       0x30 /Users/sl/projects/stm32-DS18x20/libopencm3/lib/libopencm3_stm32f1.a(usart_common_f124.o)
                0x0000000008000e2e                usart_get_interrupt_source
 .text          0x0000000008000e5e        0x0 /Users/sl/projects/stm32-DS18x20/libopencm3/lib/libopencm3_stm32f1.a(rcc_common_all.o)
 .text.rcc_peripheral_enable_clock
                0x0000000008000e5e        0x8 /Users/sl/projects/stm32-DS18x20/libopencm3/lib/libopencm3_stm32f1.a(rcc_common_all.o)
                0x0000000008000e5e                rcc_peripheral_enable_clock
 .text.rcc_peripheral_disable_clock
                0x0000000008000e66        0xa /Users/sl/projects/stm32-DS18x20/libopencm3/lib/libopencm3_stm32f1.a(rcc_common_all.o)
                0x0000000008000e66                rcc_peripheral_disable_clock
 .text.rcc_peripheral_reset
                0x0000000008000e70        0x8 /Users/sl/projects/stm32-DS18x20/libopencm3/lib/libopencm3_stm32f1.a(rcc_common_all.o)
                0x0000000008000e70                rcc_peripheral_reset
 .text.rcc_peripheral_clear_reset
                0x0000000008000e78        0xa /Users/sl/projects/stm32-DS18x20/libopencm3/lib/libopencm3_stm32f1.a(rcc_common_all.o)
                0x0000000008000e78                rcc_peripheral_clear_reset
 .text.rcc_periph_clock_enable
                0x0000000008000e82       0x1c /Users/sl/projects/stm32-DS18x20/libopencm3/lib/libopencm3_stm32f1.a(rcc_common_all.o)
                0x0000000008000e82                rcc_periph_clock_enable
 .text.rcc_periph_clock_disable
                0x0000000008000e9e       0x1e /Users/sl/projects/stm32-DS18x20/libopencm3/lib/libopencm3_stm32f1.a(rcc_common_all.o)
                0x0000000008000e9e                rcc_periph_clock_disable
 .text.rcc_periph_reset_pulse
                0x0000000008000ebc       0x26 /Users/sl/projects/stm32-DS18x20/libopencm3/lib/libopencm3_stm32f1.a(rcc_common_all.o)
                0x0000000008000ebc                rcc_periph_reset_pulse
 .text.rcc_periph_reset_hold
                0x0000000008000ee2       0x1c /Users/sl/projects/stm32-DS18x20/libopencm3/lib/libopencm3_stm32f1.a(rcc_common_all.o)
                0x0000000008000ee2                rcc_periph_reset_hold
 .text.rcc_periph_reset_release
                0x0000000008000efe       0x1e /Users/sl/projects/stm32-DS18x20/libopencm3/lib/libopencm3_stm32f1.a(rcc_common_all.o)
                0x0000000008000efe                rcc_periph_reset_release
 .text.rcc_set_mco
                0x0000000008000f1c       0x14 /Users/sl/projects/stm32-DS18x20/libopencm3/lib/libopencm3_stm32f1.a(rcc_common_all.o)
                0x0000000008000f1c                rcc_set_mco
 .text          0x0000000008000f30        0x0 /Users/sl/projects/stm32-DS18x20/libopencm3/lib/libopencm3_stm32f1.a(flash_common_f01.o)
 .text.flash_prefetch_buffer_enable
                0x0000000008000f30       0x10 /Users/sl/projects/stm32-DS18x20/libopencm3/lib/libopencm3_stm32f1.a(flash_common_f01.o)
                0x0000000008000f30                flash_prefetch_buffer_enable
 .text.flash_prefetch_buffer_disable
                0x0000000008000f40       0x10 /Users/sl/projects/stm32-DS18x20/libopencm3/lib/libopencm3_stm32f1.a(flash_common_f01.o)
                0x0000000008000f40                flash_prefetch_buffer_disable
 .text.flash_set_ws
                0x0000000008000f50       0x14 /Users/sl/projects/stm32-DS18x20/libopencm3/lib/libopencm3_stm32f1.a(flash_common_f01.o)
                0x0000000008000f50                flash_set_ws
 .text.flash_unlock
                0x0000000008000f64       0x24 /Users/sl/projects/stm32-DS18x20/libopencm3/lib/libopencm3_stm32f1.a(flash_common_f01.o)
                0x0000000008000f64                flash_unlock
 .text.flash_lock
                0x0000000008000f88       0x10 /Users/sl/projects/stm32-DS18x20/libopencm3/lib/libopencm3_stm32f1.a(flash_common_f01.o)
                0x0000000008000f88                flash_lock
 .text.flash_clear_pgerr_flag
                0x0000000008000f98       0x10 /Users/sl/projects/stm32-DS18x20/libopencm3/lib/libopencm3_stm32f1.a(flash_common_f01.o)
                0x0000000008000f98                flash_clear_pgerr_flag
 .text.flash_clear_eop_flag
                0x0000000008000fa8       0x10 /Users/sl/projects/stm32-DS18x20/libopencm3/lib/libopencm3_stm32f1.a(flash_common_f01.o)
                0x0000000008000fa8                flash_clear_eop_flag
 .text.flash_clear_wrprterr_flag
                0x0000000008000fb8       0x10 /Users/sl/projects/stm32-DS18x20/libopencm3/lib/libopencm3_stm32f1.a(flash_common_f01.o)
                0x0000000008000fb8                flash_clear_wrprterr_flag
 .text.flash_clear_bsy_flag
                0x0000000008000fc8       0x10 /Users/sl/projects/stm32-DS18x20/libopencm3/lib/libopencm3_stm32f1.a(flash_common_f01.o)
                0x0000000008000fc8                flash_clear_bsy_flag
 .text.flash_wait_for_last_operation
                0x0000000008000fd8        0xc /Users/sl/projects/stm32-DS18x20/libopencm3/lib/libopencm3_stm32f1.a(flash_common_f01.o)
                0x0000000008000fd8                flash_wait_for_last_operation
 .text.flash_program_word
                0x0000000008000fe4       0x18 /Users/sl/projects/stm32-DS18x20/libopencm3/lib/libopencm3_stm32f1.a(flash_common_f01.o)
                0x0000000008000fe4                flash_program_word
 .text.flash_unlock_option_bytes
                0x0000000008000ffc       0x18 /Users/sl/projects/stm32-DS18x20/libopencm3/lib/libopencm3_stm32f1.a(flash_common_f01.o)
                0x0000000008000ffc                flash_unlock_option_bytes
 .text.flash_erase_option_bytes
                0x0000000008001014       0x34 /Users/sl/projects/stm32-DS18x20/libopencm3/lib/libopencm3_stm32f1.a(flash_common_f01.o)
                0x0000000008001014                flash_erase_option_bytes
 .text.flash_program_option_bytes
                0x0000000008001048       0x34 /Users/sl/projects/stm32-DS18x20/libopencm3/lib/libopencm3_stm32f1.a(flash_common_f01.o)
                0x0000000008001048                flash_program_option_bytes
 .text          0x000000000800107c        0x0 /Users/sl/projects/stm32-DS18x20/libopencm3/lib/libopencm3_stm32f1.a(vector.o)
 .text.blocking_handler
                0x000000000800107c        0x2 /Users/sl/projects/stm32-DS18x20/libopencm3/lib/libopencm3_stm32f1.a(vector.o)
                0x000000000800107c                exti0_isr
                0x000000000800107c                rtc_isr
                0x000000000800107c                tim7_isr
                0x000000000800107c                adc1_2_isr
                0x000000000800107c                tim1_trg_com_isr
                0x000000000800107c                usb_hp_can_tx_isr
                0x000000000800107c                tim6_isr
                0x000000000800107c                usb_wakeup_isr
                0x000000000800107c                blocking_handler
                0x000000000800107c                tim5_isr
                0x000000000800107c                otg_fs_isr
                0x000000000800107c                spi1_isr
                0x000000000800107c                exti2_isr
                0x000000000800107c                dma1_channel6_isr
                0x000000000800107c                can_rx1_isr
                0x000000000800107c                dma1_channel5_isr
                0x000000000800107c                dma2_channel5_isr
                0x000000000800107c                usart1_isr
                0x000000000800107c                usage_fault_handler
                0x000000000800107c                tim8_trg_com_isr
                0x000000000800107c                can2_rx0_isr
                0x000000000800107c                tim1_brk_isr
                0x000000000800107c                can2_rx1_isr
                0x000000000800107c                tim1_cc_isr
                0x000000000800107c                sdio_isr
                0x000000000800107c                eth_isr
                0x000000000800107c                dma1_channel4_isr
                0x000000000800107c                tim8_brk_isr
                0x000000000800107c                dma2_channel4_5_isr
                0x000000000800107c                pvd_isr
                0x000000000800107c                rcc_isr
                0x000000000800107c                flash_isr
                0x000000000800107c                uart4_isr
                0x000000000800107c                rtc_alarm_isr
                0x000000000800107c                exti15_10_isr
                0x000000000800107c                hard_fault_handler
                0x000000000800107c                exti1_isr
                0x000000000800107c                i2c1_ev_isr
                0x000000000800107c                dma2_channel1_isr
                0x000000000800107c                spi2_isr
                0x000000000800107c                tim8_up_isr
                0x000000000800107c                dma2_channel2_isr
                0x000000000800107c                exti3_isr
                0x000000000800107c                adc3_isr
                0x000000000800107c                tim3_isr
                0x000000000800107c                usart2_isr
                0x000000000800107c                usb_lp_can_rx0_isr
                0x000000000800107c                i2c2_er_isr
                0x000000000800107c                i2c2_ev_isr
                0x000000000800107c                uart5_isr
                0x000000000800107c                fsmc_isr
                0x000000000800107c                dma1_channel1_isr
                0x000000000800107c                exti4_isr
                0x000000000800107c                mem_manage_handler
                0x000000000800107c                can2_tx_isr
                0x000000000800107c                exti9_5_isr
                0x000000000800107c                dma2_channel3_isr
                0x000000000800107c                dma1_channel7_isr
                0x000000000800107c                tim1_up_isr
                0x000000000800107c                can2_sce_isr
                0x000000000800107c                tim4_isr
                0x000000000800107c                dma1_channel2_isr
                0x000000000800107c                i2c1_er_isr
                0x000000000800107c                can_sce_isr
                0x000000000800107c                tim8_cc_isr
                0x000000000800107c                tamper_isr
                0x000000000800107c                eth_wkup_isr
                0x000000000800107c                bus_fault_handler
                0x000000000800107c                wwdg_isr
                0x000000000800107c                dma1_channel3_isr
                0x000000000800107c                spi3_isr
                0x000000000800107c                tim2_isr
                0x000000000800107c                usart3_isr
 .text.null_handler
                0x000000000800107e        0x2 /Users/sl/projects/stm32-DS18x20/libopencm3/lib/libopencm3_stm32f1.a(vector.o)
                0x000000000800107e                null_handler
                0x000000000800107e                sv_call_handler
                0x000000000800107e                pend_sv_handler
                0x000000000800107e                debug_monitor_handler
                0x000000000800107e                sys_tick_handler
                0x000000000800107e                nmi_handler
 .text.reset_handler
                0x0000000008001080       0x90 /Users/sl/projects/stm32-DS18x20/libopencm3/lib/libopencm3_stm32f1.a(vector.o)
                0x0000000008001080                reset_handler
 .text          0x0000000008001110        0x0 /Users/sl/projects/stm32-DS18x20/libopencm3/lib/libopencm3_stm32f1.a(assert.o)
 .text.cm3_assert_failed
                0x0000000008001110        0x2 /Users/sl/projects/stm32-DS18x20/libopencm3/lib/libopencm3_stm32f1.a(assert.o)
                0x0000000008001110                cm3_assert_failed
 .text.cm3_assert_failed_verbose
                0x0000000008001112        0x6 /Users/sl/projects/stm32-DS18x20/libopencm3/lib/libopencm3_stm32f1.a(assert.o)
                0x0000000008001112                cm3_assert_failed_verbose
 .text          0x0000000008001118        0x0 /Users/sl/projects/stm32-DS18x20/libopencm3/lib/libopencm3_stm32f1.a(flash.o)
 .text.flash_halfcycle_enable
                0x0000000008001118       0x10 /Users/sl/projects/stm32-DS18x20/libopencm3/lib/libopencm3_stm32f1.a(flash.o)
                0x0000000008001118                flash_halfcycle_enable
 .text.flash_halfcycle_disable
                0x0000000008001128       0x10 /Users/sl/projects/stm32-DS18x20/libopencm3/lib/libopencm3_stm32f1.a(flash.o)
                0x0000000008001128                flash_halfcycle_disable
 .text.flash_unlock_upper
                0x0000000008001138       0x34 /Users/sl/projects/stm32-DS18x20/libopencm3/lib/libopencm3_stm32f1.a(flash.o)
                0x0000000008001138                flash_unlock_upper
 .text.flash_lock_upper
                0x000000000800116c       0x10 /Users/sl/projects/stm32-DS18x20/libopencm3/lib/libopencm3_stm32f1.a(flash.o)
                0x000000000800116c                flash_lock_upper
 .text.flash_clear_pgerr_flag_upper
                0x000000000800117c       0x20 /Users/sl/projects/stm32-DS18x20/libopencm3/lib/libopencm3_stm32f1.a(flash.o)
                0x000000000800117c                flash_clear_pgerr_flag_upper
 .text.flash_clear_eop_flag_upper
                0x000000000800119c       0x20 /Users/sl/projects/stm32-DS18x20/libopencm3/lib/libopencm3_stm32f1.a(flash.o)
                0x000000000800119c                flash_clear_eop_flag_upper
 .text.flash_clear_wrprterr_flag_upper
                0x00000000080011bc       0x20 /Users/sl/projects/stm32-DS18x20/libopencm3/lib/libopencm3_stm32f1.a(flash.o)
                0x00000000080011bc                flash_clear_wrprterr_flag_upper
 .text.flash_clear_bsy_flag_upper
                0x00000000080011dc       0x20 /Users/sl/projects/stm32-DS18x20/libopencm3/lib/libopencm3_stm32f1.a(flash.o)
                0x00000000080011dc                flash_clear_bsy_flag_upper
 .text.flash_clear_status_flags
                0x00000000080011fc       0x38 /Users/sl/projects/stm32-DS18x20/libopencm3/lib/libopencm3_stm32f1.a(flash.o)
                0x00000000080011fc                flash_clear_status_flags
 .text.flash_get_status_flags
                0x0000000008001234       0x28 /Users/sl/projects/stm32-DS18x20/libopencm3/lib/libopencm3_stm32f1.a(flash.o)
                0x0000000008001234                flash_get_status_flags
 .text.flash_program_half_word
                0x000000000800125c       0x64 /Users/sl/projects/stm32-DS18x20/libopencm3/lib/libopencm3_stm32f1.a(flash.o)
                0x000000000800125c                flash_program_half_word
 .text.flash_erase_page
                0x00000000080012c0       0x7c /Users/sl/projects/stm32-DS18x20/libopencm3/lib/libopencm3_stm32f1.a(flash.o)
                0x00000000080012c0                flash_erase_page
 .text.flash_erase_all_pages
                0x000000000800133c       0x48 /Users/sl/projects/stm32-DS18x20/libopencm3/lib/libopencm3_stm32f1.a(flash.o)
                0x000000000800133c                flash_erase_all_pages
                0x0000000008001384                . = ALIGN (0x4)
 *(.rodata*)
                0x0000000008001384                . = ALIGN (0x4)

.glue_7         0x0000000008001384        0x0
 .glue_7        0x0000000008001384        0x0 linker stubs

.glue_7t        0x0000000008001384        0x0
 .glue_7t       0x0000000008001384        0x0 linker stubs

.vfp11_veneer   0x0000000008001384        0x0
 .vfp11_veneer  0x0000000008001384        0x0 linker stubs

.v4_bx          0x0000000008001384        0x0
 .v4_bx         0x0000000008001384        0x0 linker stubs

.iplt           0x0000000008001384        0x0
 .iplt          0x0000000008001384        0x0 CMakeFiles/stm32-DS18x20.elf.dir/main.c.obj

.rel.dyn        0x0000000008001384        0x0
 .rel.iplt      0x0000000008001384        0x0 CMakeFiles/stm32-DS18x20.elf.dir/main.c.obj

.preinit_array  0x0000000008001384        0x0
                0x0000000008001384                . = ALIGN (0x4)
                0x0000000008001384                __preinit_array_start = .
 *(.preinit_array)
                0x0000000008001384                __preinit_array_end = .

.init_array     0x0000000008001384        0x0
                0x0000000008001384                . = ALIGN (0x4)
                0x0000000008001384                __init_array_start = .
 *(SORT(.init_array.*))
 *(.init_array)
                0x0000000008001384                __init_array_end = .

.fini_array     0x0000000008001384        0x0
                0x0000000008001384                . = ALIGN (0x4)
                0x0000000008001384                __fini_array_start = .
 *(.fini_array)
 *(SORT(.fini_array.*))
                0x0000000008001384                __fini_array_end = .

.ARM.extab
 *(.ARM.extab*)

.ARM.exidx      0x0000000008001384        0x0
                0x0000000008001384                __exidx_start = .
 *(.ARM.exidx*)
                0x0000000008001384                __exidx_end = .
                0x0000000008001384                . = ALIGN (0x4)
                0x0000000008001384                _etext = .

.data           0x0000000020000000        0xc load address 0x0000000008001384
                0x0000000020000000                _data = .
 *(.data*)
 .data          0x0000000020000000        0x0 CMakeFiles/stm32-DS18x20.elf.dir/main.c.obj
 .data          0x0000000020000000        0x0 /Users/sl/projects/stm32-DS18x20/libopencm3/lib/libopencm3_stm32f1.a(gpio.o)
 .data          0x0000000020000000        0x0 /Users/sl/projects/stm32-DS18x20/libopencm3/lib/libopencm3_stm32f1.a(rcc.o)
 .data.rcc_ahb_frequency
                0x0000000020000000        0x4 /Users/sl/projects/stm32-DS18x20/libopencm3/lib/libopencm3_stm32f1.a(rcc.o)
                0x0000000020000000                rcc_ahb_frequency
 .data.rcc_apb1_frequency
                0x0000000020000004        0x4 /Users/sl/projects/stm32-DS18x20/libopencm3/lib/libopencm3_stm32f1.a(rcc.o)
                0x0000000020000004                rcc_apb1_frequency
 .data.rcc_apb2_frequency
                0x0000000020000008        0x4 /Users/sl/projects/stm32-DS18x20/libopencm3/lib/libopencm3_stm32f1.a(rcc.o)
                0x0000000020000008                rcc_apb2_frequency
 .data          0x000000002000000c        0x0 /Users/sl/projects/stm32-DS18x20/libopencm3/lib/libopencm3_stm32f1.a(gpio_common_all.o)
 .data          0x000000002000000c        0x0 /Users/sl/projects/stm32-DS18x20/libopencm3/lib/libopencm3_stm32f1.a(usart_common_all.o)
 .data          0x000000002000000c        0x0 /Users/sl/projects/stm32-DS18x20/libopencm3/lib/libopencm3_stm32f1.a(usart_common_f124.o)
 .data          0x000000002000000c        0x0 /Users/sl/projects/stm32-DS18x20/libopencm3/lib/libopencm3_stm32f1.a(rcc_common_all.o)
 .data          0x000000002000000c        0x0 /Users/sl/projects/stm32-DS18x20/libopencm3/lib/libopencm3_stm32f1.a(flash_common_f01.o)
 .data          0x000000002000000c        0x0 /Users/sl/projects/stm32-DS18x20/libopencm3/lib/libopencm3_stm32f1.a(vector.o)
 .data          0x000000002000000c        0x0 /Users/sl/projects/stm32-DS18x20/libopencm3/lib/libopencm3_stm32f1.a(assert.o)
 .data          0x000000002000000c        0x0 /Users/sl/projects/stm32-DS18x20/libopencm3/lib/libopencm3_stm32f1.a(flash.o)
                0x000000002000000c                . = ALIGN (0x4)
                0x000000002000000c                _edata = .
                0x0000000008001384                _data_loadaddr = LOADADDR (.data)

.igot.plt       0x000000002000000c        0x0 load address 0x0000000008001390
 .igot.plt      0x000000002000000c        0x0 CMakeFiles/stm32-DS18x20.elf.dir/main.c.obj

.bss            0x000000002000000c        0x0 load address 0x0000000008001390
 *(.bss*)
 .bss           0x000000002000000c        0x0 CMakeFiles/stm32-DS18x20.elf.dir/main.c.obj
 .bss           0x000000002000000c        0x0 /Users/sl/projects/stm32-DS18x20/libopencm3/lib/libopencm3_stm32f1.a(gpio.o)
 .bss           0x000000002000000c        0x0 /Users/sl/projects/stm32-DS18x20/libopencm3/lib/libopencm3_stm32f1.a(rcc.o)
 .bss           0x000000002000000c        0x0 /Users/sl/projects/stm32-DS18x20/libopencm3/lib/libopencm3_stm32f1.a(gpio_common_all.o)
 .bss           0x000000002000000c        0x0 /Users/sl/projects/stm32-DS18x20/libopencm3/lib/libopencm3_stm32f1.a(usart_common_all.o)
 .bss           0x000000002000000c        0x0 /Users/sl/projects/stm32-DS18x20/libopencm3/lib/libopencm3_stm32f1.a(usart_common_f124.o)
 .bss           0x000000002000000c        0x0 /Users/sl/projects/stm32-DS18x20/libopencm3/lib/libopencm3_stm32f1.a(rcc_common_all.o)
 .bss           0x000000002000000c        0x0 /Users/sl/projects/stm32-DS18x20/libopencm3/lib/libopencm3_stm32f1.a(flash_common_f01.o)
 .bss           0x000000002000000c        0x0 /Users/sl/projects/stm32-DS18x20/libopencm3/lib/libopencm3_stm32f1.a(vector.o)
 .bss           0x000000002000000c        0x0 /Users/sl/projects/stm32-DS18x20/libopencm3/lib/libopencm3_stm32f1.a(assert.o)
 .bss           0x000000002000000c        0x0 /Users/sl/projects/stm32-DS18x20/libopencm3/lib/libopencm3_stm32f1.a(flash.o)
 *(COMMON)
                0x000000002000000c                . = ALIGN (0x4)
                0x000000002000000c                _ebss = .

/DISCARD/
 *(.eh_frame)
                0x000000002000000c                . = ALIGN (0x4)
                0x000000002000000c                end = .
                0x0000000020005000                PROVIDE (_stack, (ORIGIN (ram) + LENGTH (ram)))
OUTPUT(/Users/sl/projects/stm32-DS18x20/build/stm32-DS18x20.elf elf32-littlearm)

.debug_info     0x0000000000000000     0x2ccc
 .debug_info    0x0000000000000000      0x327 CMakeFiles/stm32-DS18x20.elf.dir/main.c.obj
 .debug_info    0x0000000000000327      0x1df /Users/sl/projects/stm32-DS18x20/libopencm3/lib/libopencm3_stm32f1.a(gpio.o)
 .debug_info    0x0000000000000506     0x116a /Users/sl/projects/stm32-DS18x20/libopencm3/lib/libopencm3_stm32f1.a(rcc.o)
 .debug_info    0x0000000000001670      0x22c /Users/sl/projects/stm32-DS18x20/libopencm3/lib/libopencm3_stm32f1.a(gpio_common_all.o)
 .debug_info    0x000000000000189c      0x4b2 /Users/sl/projects/stm32-DS18x20/libopencm3/lib/libopencm3_stm32f1.a(usart_common_all.o)
 .debug_info    0x0000000000001d4e      0x1bb /Users/sl/projects/stm32-DS18x20/libopencm3/lib/libopencm3_stm32f1.a(usart_common_f124.o)
 .debug_info    0x0000000000001f09      0x50a /Users/sl/projects/stm32-DS18x20/libopencm3/lib/libopencm3_stm32f1.a(rcc_common_all.o)
 .debug_info    0x0000000000002413      0x278 /Users/sl/projects/stm32-DS18x20/libopencm3/lib/libopencm3_stm32f1.a(flash_common_f01.o)
 .debug_info    0x000000000000268b      0x2a8 /Users/sl/projects/stm32-DS18x20/libopencm3/lib/libopencm3_stm32f1.a(vector.o)
 .debug_info    0x0000000000002933       0xee /Users/sl/projects/stm32-DS18x20/libopencm3/lib/libopencm3_stm32f1.a(assert.o)
 .debug_info    0x0000000000002a21      0x2ab /Users/sl/projects/stm32-DS18x20/libopencm3/lib/libopencm3_stm32f1.a(flash.o)

.debug_abbrev   0x0000000000000000      0xb7e
 .debug_abbrev  0x0000000000000000       0xc0 CMakeFiles/stm32-DS18x20.elf.dir/main.c.obj
 .debug_abbrev  0x00000000000000c0       0xb7 /Users/sl/projects/stm32-DS18x20/libopencm3/lib/libopencm3_stm32f1.a(gpio.o)
 .debug_abbrev  0x0000000000000177      0x272 /Users/sl/projects/stm32-DS18x20/libopencm3/lib/libopencm3_stm32f1.a(rcc.o)
 .debug_abbrev  0x00000000000003e9      0x10e /Users/sl/projects/stm32-DS18x20/libopencm3/lib/libopencm3_stm32f1.a(gpio_common_all.o)
 .debug_abbrev  0x00000000000004f7      0x10f /Users/sl/projects/stm32-DS18x20/libopencm3/lib/libopencm3_stm32f1.a(usart_common_all.o)
 .debug_abbrev  0x0000000000000606       0xb7 /Users/sl/projects/stm32-DS18x20/libopencm3/lib/libopencm3_stm32f1.a(usart_common_f124.o)
 .debug_abbrev  0x00000000000006bd      0x105 /Users/sl/projects/stm32-DS18x20/libopencm3/lib/libopencm3_stm32f1.a(rcc_common_all.o)
 .debug_abbrev  0x00000000000007c2       0xcd /Users/sl/projects/stm32-DS18x20/libopencm3/lib/libopencm3_stm32f1.a(flash_common_f01.o)
 .debug_abbrev  0x000000000000088f      0x146 /Users/sl/projects/stm32-DS18x20/libopencm3/lib/libopencm3_stm32f1.a(vector.o)
 .debug_abbrev  0x00000000000009d5       0x8f /Users/sl/projects/stm32-DS18x20/libopencm3/lib/libopencm3_stm32f1.a(assert.o)
 .debug_abbrev  0x0000000000000a64      0x11a /Users/sl/projects/stm32-DS18x20/libopencm3/lib/libopencm3_stm32f1.a(flash.o)

.debug_aranges  0x0000000000000000      0x4c8
 .debug_aranges
                0x0000000000000000       0x20 CMakeFiles/stm32-DS18x20.elf.dir/main.c.obj
 .debug_aranges
                0x0000000000000020       0x38 /Users/sl/projects/stm32-DS18x20/libopencm3/lib/libopencm3_stm32f1.a(gpio.o)
 .debug_aranges
                0x0000000000000058      0x168 /Users/sl/projects/stm32-DS18x20/libopencm3/lib/libopencm3_stm32f1.a(rcc.o)
 .debug_aranges
                0x00000000000001c0       0x50 /Users/sl/projects/stm32-DS18x20/libopencm3/lib/libopencm3_stm32f1.a(gpio_common_all.o)
 .debug_aranges
                0x0000000000000210       0xb8 /Users/sl/projects/stm32-DS18x20/libopencm3/lib/libopencm3_stm32f1.a(usart_common_all.o)
 .debug_aranges
                0x00000000000002c8       0x48 /Users/sl/projects/stm32-DS18x20/libopencm3/lib/libopencm3_stm32f1.a(usart_common_f124.o)
 .debug_aranges
                0x0000000000000310       0x58 /Users/sl/projects/stm32-DS18x20/libopencm3/lib/libopencm3_stm32f1.a(rcc_common_all.o)
 .debug_aranges
                0x0000000000000368       0x88 /Users/sl/projects/stm32-DS18x20/libopencm3/lib/libopencm3_stm32f1.a(flash_common_f01.o)
 .debug_aranges
                0x00000000000003f0       0x30 /Users/sl/projects/stm32-DS18x20/libopencm3/lib/libopencm3_stm32f1.a(vector.o)
 .debug_aranges
                0x0000000000000420       0x28 /Users/sl/projects/stm32-DS18x20/libopencm3/lib/libopencm3_stm32f1.a(assert.o)
 .debug_aranges
                0x0000000000000448       0x80 /Users/sl/projects/stm32-DS18x20/libopencm3/lib/libopencm3_stm32f1.a(flash.o)

.debug_line     0x0000000000000000     0x21c2
 .debug_line    0x0000000000000000      0x155 CMakeFiles/stm32-DS18x20.elf.dir/main.c.obj
 .debug_line    0x0000000000000155      0x28e /Users/sl/projects/stm32-DS18x20/libopencm3/lib/libopencm3_stm32f1.a(gpio.o)
 .debug_line    0x00000000000003e3      0x63c /Users/sl/projects/stm32-DS18x20/libopencm3/lib/libopencm3_stm32f1.a(rcc.o)
 .debug_line    0x0000000000000a1f      0x2c2 /Users/sl/projects/stm32-DS18x20/libopencm3/lib/libopencm3_stm32f1.a(gpio_common_all.o)
 .debug_line    0x0000000000000ce1      0x3f8 /Users/sl/projects/stm32-DS18x20/libopencm3/lib/libopencm3_stm32f1.a(usart_common_all.o)
 .debug_line    0x00000000000010d9      0x308 /Users/sl/projects/stm32-DS18x20/libopencm3/lib/libopencm3_stm32f1.a(usart_common_f124.o)
 .debug_line    0x00000000000013e1      0x2c7 /Users/sl/projects/stm32-DS18x20/libopencm3/lib/libopencm3_stm32f1.a(rcc_common_all.o)
 .debug_line    0x00000000000016a8      0x34d /Users/sl/projects/stm32-DS18x20/libopencm3/lib/libopencm3_stm32f1.a(flash_common_f01.o)
 .debug_line    0x00000000000019f5      0x2d4 /Users/sl/projects/stm32-DS18x20/libopencm3/lib/libopencm3_stm32f1.a(vector.o)
 .debug_line    0x0000000000001cc9      0x19f /Users/sl/projects/stm32-DS18x20/libopencm3/lib/libopencm3_stm32f1.a(assert.o)
 .debug_line    0x0000000000001e68      0x35a /Users/sl/projects/stm32-DS18x20/libopencm3/lib/libopencm3_stm32f1.a(flash.o)

.debug_str      0x0000000000000000     0xeb5c
 .debug_str     0x0000000000000000      0x3a2 CMakeFiles/stm32-DS18x20.elf.dir/main.c.obj
                                        0x453 (size before relaxing)
 .debug_str     0x00000000000003a2     0x7ad3 /Users/sl/projects/stm32-DS18x20/libopencm3/lib/libopencm3_stm32f1.a(gpio.o)
                                       0x7c58 (size before relaxing)
 .debug_str     0x0000000000007e75     0x3066 /Users/sl/projects/stm32-DS18x20/libopencm3/lib/libopencm3_stm32f1.a(rcc.o)
                                       0x74af (size before relaxing)
 .debug_str     0x000000000000aedb       0x7a /Users/sl/projects/stm32-DS18x20/libopencm3/lib/libopencm3_stm32f1.a(gpio_common_all.o)
                                       0x7c4c (size before relaxing)
 .debug_str     0x000000000000af55     0x1090 /Users/sl/projects/stm32-DS18x20/libopencm3/lib/libopencm3_stm32f1.a(usart_common_all.o)
                                       0x78d6 (size before relaxing)
 .debug_str     0x000000000000bfe5       0x51 /Users/sl/projects/stm32-DS18x20/libopencm3/lib/libopencm3_stm32f1.a(usart_common_f124.o)
                                       0x770e (size before relaxing)
 .debug_str     0x000000000000c036      0x30d /Users/sl/projects/stm32-DS18x20/libopencm3/lib/libopencm3_stm32f1.a(rcc_common_all.o)
                                       0x6d25 (size before relaxing)
 .debug_str     0x000000000000c343      0x179 /Users/sl/projects/stm32-DS18x20/libopencm3/lib/libopencm3_stm32f1.a(flash_common_f01.o)
                                       0x4cff (size before relaxing)
 .debug_str     0x000000000000c4bc     0x24f3 /Users/sl/projects/stm32-DS18x20/libopencm3/lib/libopencm3_stm32f1.a(vector.o)
                                       0x5daa (size before relaxing)
 .debug_str     0x000000000000e9af       0x48 /Users/sl/projects/stm32-DS18x20/libopencm3/lib/libopencm3_stm32f1.a(assert.o)
                                       0x3826 (size before relaxing)
 .debug_str     0x000000000000e9f7      0x165 /Users/sl/projects/stm32-DS18x20/libopencm3/lib/libopencm3_stm32f1.a(flash.o)
                                       0x4d8c (size before relaxing)

.comment        0x0000000000000000       0x6e
 .comment       0x0000000000000000       0x6e CMakeFiles/stm32-DS18x20.elf.dir/main.c.obj
                                         0x6f (size before relaxing)
 .comment       0x000000000000006e       0x6f /Users/sl/projects/stm32-DS18x20/libopencm3/lib/libopencm3_stm32f1.a(gpio.o)
 .comment       0x000000000000006e       0x6f /Users/sl/projects/stm32-DS18x20/libopencm3/lib/libopencm3_stm32f1.a(rcc.o)
 .comment       0x000000000000006e       0x6f /Users/sl/projects/stm32-DS18x20/libopencm3/lib/libopencm3_stm32f1.a(gpio_common_all.o)
 .comment       0x000000000000006e       0x6f /Users/sl/projects/stm32-DS18x20/libopencm3/lib/libopencm3_stm32f1.a(usart_common_all.o)
 .comment       0x000000000000006e       0x6f /Users/sl/projects/stm32-DS18x20/libopencm3/lib/libopencm3_stm32f1.a(usart_common_f124.o)
 .comment       0x000000000000006e       0x6f /Users/sl/projects/stm32-DS18x20/libopencm3/lib/libopencm3_stm32f1.a(rcc_common_all.o)
 .comment       0x000000000000006e       0x6f /Users/sl/projects/stm32-DS18x20/libopencm3/lib/libopencm3_stm32f1.a(flash_common_f01.o)
 .comment       0x000000000000006e       0x6f /Users/sl/projects/stm32-DS18x20/libopencm3/lib/libopencm3_stm32f1.a(vector.o)
 .comment       0x000000000000006e       0x6f /Users/sl/projects/stm32-DS18x20/libopencm3/lib/libopencm3_stm32f1.a(assert.o)
 .comment       0x000000000000006e       0x6f /Users/sl/projects/stm32-DS18x20/libopencm3/lib/libopencm3_stm32f1.a(flash.o)

.ARM.attributes
                0x0000000000000000       0x33
 .ARM.attributes
                0x0000000000000000       0x33 CMakeFiles/stm32-DS18x20.elf.dir/main.c.obj
 .ARM.attributes
                0x0000000000000033       0x33 /Users/sl/projects/stm32-DS18x20/libopencm3/lib/libopencm3_stm32f1.a(gpio.o)
 .ARM.attributes
                0x0000000000000066       0x33 /Users/sl/projects/stm32-DS18x20/libopencm3/lib/libopencm3_stm32f1.a(rcc.o)
 .ARM.attributes
                0x0000000000000099       0x33 /Users/sl/projects/stm32-DS18x20/libopencm3/lib/libopencm3_stm32f1.a(gpio_common_all.o)
 .ARM.attributes
                0x00000000000000cc       0x33 /Users/sl/projects/stm32-DS18x20/libopencm3/lib/libopencm3_stm32f1.a(usart_common_all.o)
 .ARM.attributes
                0x00000000000000ff       0x33 /Users/sl/projects/stm32-DS18x20/libopencm3/lib/libopencm3_stm32f1.a(usart_common_f124.o)
 .ARM.attributes
                0x0000000000000132       0x33 /Users/sl/projects/stm32-DS18x20/libopencm3/lib/libopencm3_stm32f1.a(rcc_common_all.o)
 .ARM.attributes
                0x0000000000000165       0x33 /Users/sl/projects/stm32-DS18x20/libopencm3/lib/libopencm3_stm32f1.a(flash_common_f01.o)
 .ARM.attributes
                0x0000000000000198       0x33 /Users/sl/projects/stm32-DS18x20/libopencm3/lib/libopencm3_stm32f1.a(vector.o)
 .ARM.attributes
                0x00000000000001cb       0x33 /Users/sl/projects/stm32-DS18x20/libopencm3/lib/libopencm3_stm32f1.a(assert.o)
 .ARM.attributes
                0x00000000000001fe       0x33 /Users/sl/projects/stm32-DS18x20/libopencm3/lib/libopencm3_stm32f1.a(flash.o)

.debug_frame    0x0000000000000000      0x9a4
 .debug_frame   0x0000000000000000       0x8c CMakeFiles/stm32-DS18x20.elf.dir/main.c.obj
 .debug_frame   0x000000000000008c       0x64 /Users/sl/projects/stm32-DS18x20/libopencm3/lib/libopencm3_stm32f1.a(gpio.o)
 .debug_frame   0x00000000000000f0      0x300 /Users/sl/projects/stm32-DS18x20/libopencm3/lib/libopencm3_stm32f1.a(rcc.o)
 .debug_frame   0x00000000000003f0       0x80 /Users/sl/projects/stm32-DS18x20/libopencm3/lib/libopencm3_stm32f1.a(gpio_common_all.o)
 .debug_frame   0x0000000000000470      0x170 /Users/sl/projects/stm32-DS18x20/libopencm3/lib/libopencm3_stm32f1.a(usart_common_all.o)
 .debug_frame   0x00000000000005e0       0x70 /Users/sl/projects/stm32-DS18x20/libopencm3/lib/libopencm3_stm32f1.a(usart_common_f124.o)
 .debug_frame   0x0000000000000650       0xb0 /Users/sl/projects/stm32-DS18x20/libopencm3/lib/libopencm3_stm32f1.a(rcc_common_all.o)
 .debug_frame   0x0000000000000700      0x120 /Users/sl/projects/stm32-DS18x20/libopencm3/lib/libopencm3_stm32f1.a(flash_common_f01.o)
 .debug_frame   0x0000000000000820       0x40 /Users/sl/projects/stm32-DS18x20/libopencm3/lib/libopencm3_stm32f1.a(vector.o)
 .debug_frame   0x0000000000000860       0x38 /Users/sl/projects/stm32-DS18x20/libopencm3/lib/libopencm3_stm32f1.a(assert.o)
 .debug_frame   0x0000000000000898      0x10c /Users/sl/projects/stm32-DS18x20/libopencm3/lib/libopencm3_stm32f1.a(flash.o)

.debug_loc      0x0000000000000000      0xd68
 .debug_loc     0x0000000000000000      0x19f /Users/sl/projects/stm32-DS18x20/libopencm3/lib/libopencm3_stm32f1.a(gpio.o)
 .debug_loc     0x000000000000019f      0x4ba /Users/sl/projects/stm32-DS18x20/libopencm3/lib/libopencm3_stm32f1.a(rcc.o)
 .debug_loc     0x0000000000000659       0x97 /Users/sl/projects/stm32-DS18x20/libopencm3/lib/libopencm3_stm32f1.a(gpio_common_all.o)
 .debug_loc     0x00000000000006f0      0x1ca /Users/sl/projects/stm32-DS18x20/libopencm3/lib/libopencm3_stm32f1.a(usart_common_all.o)
 .debug_loc     0x00000000000008ba       0xd4 /Users/sl/projects/stm32-DS18x20/libopencm3/lib/libopencm3_stm32f1.a(usart_common_f124.o)
 .debug_loc     0x000000000000098e      0x108 /Users/sl/projects/stm32-DS18x20/libopencm3/lib/libopencm3_stm32f1.a(rcc_common_all.o)
 .debug_loc     0x0000000000000a96       0xd3 /Users/sl/projects/stm32-DS18x20/libopencm3/lib/libopencm3_stm32f1.a(flash_common_f01.o)
 .debug_loc     0x0000000000000b69       0xdf /Users/sl/projects/stm32-DS18x20/libopencm3/lib/libopencm3_stm32f1.a(vector.o)
 .debug_loc     0x0000000000000c48       0x84 /Users/sl/projects/stm32-DS18x20/libopencm3/lib/libopencm3_stm32f1.a(assert.o)
 .debug_loc     0x0000000000000ccc       0x9c /Users/sl/projects/stm32-DS18x20/libopencm3/lib/libopencm3_stm32f1.a(flash.o)

.debug_ranges   0x0000000000000000      0x468
 .debug_ranges  0x0000000000000000       0x28 /Users/sl/projects/stm32-DS18x20/libopencm3/lib/libopencm3_stm32f1.a(gpio.o)
 .debug_ranges  0x0000000000000028      0x1b8 /Users/sl/projects/stm32-DS18x20/libopencm3/lib/libopencm3_stm32f1.a(rcc.o)
 .debug_ranges  0x00000000000001e0       0x40 /Users/sl/projects/stm32-DS18x20/libopencm3/lib/libopencm3_stm32f1.a(gpio_common_all.o)
 .debug_ranges  0x0000000000000220       0xa8 /Users/sl/projects/stm32-DS18x20/libopencm3/lib/libopencm3_stm32f1.a(usart_common_all.o)
 .debug_ranges  0x00000000000002c8       0x38 /Users/sl/projects/stm32-DS18x20/libopencm3/lib/libopencm3_stm32f1.a(usart_common_f124.o)
 .debug_ranges  0x0000000000000300       0x48 /Users/sl/projects/stm32-DS18x20/libopencm3/lib/libopencm3_stm32f1.a(rcc_common_all.o)
 .debug_ranges  0x0000000000000348       0x78 /Users/sl/projects/stm32-DS18x20/libopencm3/lib/libopencm3_stm32f1.a(flash_common_f01.o)
 .debug_ranges  0x00000000000003c0       0x20 /Users/sl/projects/stm32-DS18x20/libopencm3/lib/libopencm3_stm32f1.a(vector.o)
 .debug_ranges  0x00000000000003e0       0x18 /Users/sl/projects/stm32-DS18x20/libopencm3/lib/libopencm3_stm32f1.a(assert.o)
 .debug_ranges  0x00000000000003f8       0x70 /Users/sl/projects/stm32-DS18x20/libopencm3/lib/libopencm3_stm32f1.a(flash.o)

.debug_macro    0x0000000000000000     0x3830
 .debug_macro   0x0000000000000000       0xb9 /Users/sl/projects/stm32-DS18x20/libopencm3/lib/libopencm3_stm32f1.a(gpio.o)
 .debug_macro   0x00000000000000b9      0x874 /Users/sl/projects/stm32-DS18x20/libopencm3/lib/libopencm3_stm32f1.a(gpio.o)
 .debug_macro   0x000000000000092d       0x22 /Users/sl/projects/stm32-DS18x20/libopencm3/lib/libopencm3_stm32f1.a(gpio.o)
 .debug_macro   0x000000000000094f       0x87 /Users/sl/projects/stm32-DS18x20/libopencm3/lib/libopencm3_stm32f1.a(gpio.o)
 .debug_macro   0x00000000000009d6       0x44 /Users/sl/projects/stm32-DS18x20/libopencm3/lib/libopencm3_stm32f1.a(gpio.o)
 .debug_macro   0x0000000000000a1a       0xfd /Users/sl/projects/stm32-DS18x20/libopencm3/lib/libopencm3_stm32f1.a(gpio.o)
 .debug_macro   0x0000000000000b17       0x5e /Users/sl/projects/stm32-DS18x20/libopencm3/lib/libopencm3_stm32f1.a(gpio.o)
 .debug_macro   0x0000000000000b75      0x1df /Users/sl/projects/stm32-DS18x20/libopencm3/lib/libopencm3_stm32f1.a(gpio.o)
 .debug_macro   0x0000000000000d54       0x22 /Users/sl/projects/stm32-DS18x20/libopencm3/lib/libopencm3_stm32f1.a(gpio.o)
 .debug_macro   0x0000000000000d76       0xfa /Users/sl/projects/stm32-DS18x20/libopencm3/lib/libopencm3_stm32f1.a(gpio.o)
 .debug_macro   0x0000000000000e70       0x58 /Users/sl/projects/stm32-DS18x20/libopencm3/lib/libopencm3_stm32f1.a(gpio.o)
 .debug_macro   0x0000000000000ec8      0x1b4 /Users/sl/projects/stm32-DS18x20/libopencm3/lib/libopencm3_stm32f1.a(gpio.o)
 .debug_macro   0x000000000000107c       0x76 /Users/sl/projects/stm32-DS18x20/libopencm3/lib/libopencm3_stm32f1.a(gpio.o)
 .debug_macro   0x00000000000010f2      0xdfd /Users/sl/projects/stm32-DS18x20/libopencm3/lib/libopencm3_stm32f1.a(gpio.o)
 .debug_macro   0x0000000000001eef       0xe0 /Users/sl/projects/stm32-DS18x20/libopencm3/lib/libopencm3_stm32f1.a(rcc.o)
 .debug_macro   0x0000000000001fcf       0x16 /Users/sl/projects/stm32-DS18x20/libopencm3/lib/libopencm3_stm32f1.a(rcc.o)
 .debug_macro   0x0000000000001fe5      0x825 /Users/sl/projects/stm32-DS18x20/libopencm3/lib/libopencm3_stm32f1.a(rcc.o)
 .debug_macro   0x000000000000280a       0xdc /Users/sl/projects/stm32-DS18x20/libopencm3/lib/libopencm3_stm32f1.a(rcc.o)
 .debug_macro   0x00000000000028e6       0x82 /Users/sl/projects/stm32-DS18x20/libopencm3/lib/libopencm3_stm32f1.a(rcc.o)
 .debug_macro   0x0000000000002968       0xb9 /Users/sl/projects/stm32-DS18x20/libopencm3/lib/libopencm3_stm32f1.a(gpio_common_all.o)
 .debug_macro   0x0000000000002a21       0xdb /Users/sl/projects/stm32-DS18x20/libopencm3/lib/libopencm3_stm32f1.a(usart_common_all.o)
 .debug_macro   0x0000000000002afc       0x8e /Users/sl/projects/stm32-DS18x20/libopencm3/lib/libopencm3_stm32f1.a(usart_common_all.o)
 .debug_macro   0x0000000000002b8a      0x273 /Users/sl/projects/stm32-DS18x20/libopencm3/lib/libopencm3_stm32f1.a(usart_common_all.o)
 .debug_macro   0x0000000000002dfd       0xdb /Users/sl/projects/stm32-DS18x20/libopencm3/lib/libopencm3_stm32f1.a(usart_common_f124.o)
 .debug_macro   0x0000000000002ed8       0xcf /Users/sl/projects/stm32-DS18x20/libopencm3/lib/libopencm3_stm32f1.a(rcc_common_all.o)
 .debug_macro   0x0000000000002fa7       0xb9 /Users/sl/projects/stm32-DS18x20/libopencm3/lib/libopencm3_stm32f1.a(flash_common_f01.o)
 .debug_macro   0x0000000000003060       0xd0 /Users/sl/projects/stm32-DS18x20/libopencm3/lib/libopencm3_stm32f1.a(vector.o)
 .debug_macro   0x0000000000003130      0x3a1 /Users/sl/projects/stm32-DS18x20/libopencm3/lib/libopencm3_stm32f1.a(vector.o)
 .debug_macro   0x00000000000034d1       0x6a /Users/sl/projects/stm32-DS18x20/libopencm3/lib/libopencm3_stm32f1.a(vector.o)
 .debug_macro   0x000000000000353b      0x1a2 /Users/sl/projects/stm32-DS18x20/libopencm3/lib/libopencm3_stm32f1.a(vector.o)
 .debug_macro   0x00000000000036dd       0x8a /Users/sl/projects/stm32-DS18x20/libopencm3/lib/libopencm3_stm32f1.a(assert.o)
 .debug_macro   0x0000000000003767       0xc9 /Users/sl/projects/stm32-DS18x20/libopencm3/lib/libopencm3_stm32f1.a(flash.o)
