Archive member included to satisfy reference by file (symbol)

/Users/sl/projects/stm32-DS18x20/libopencm3/lib/libopencm3_stm32f1.a(gpio.o)
                              CMakeFiles/stm32-DS18x20.elf.dir/main.c.obj (gpio_set_mode)
/Users/sl/projects/stm32-DS18x20/libopencm3/lib/libopencm3_stm32f1.a(rcc.o)
                              CMakeFiles/stm32-DS18x20.elf.dir/main.c.obj (rcc_clock_setup_in_hse_8mhz_out_72mhz)
/Users/sl/projects/stm32-DS18x20/libopencm3/lib/libopencm3_stm32f1.a(gpio_common_all.o)
                              CMakeFiles/stm32-DS18x20.elf.dir/main.c.obj (gpio_clear)
/Users/sl/projects/stm32-DS18x20/libopencm3/lib/libopencm3_stm32f1.a(usart_common_all.o)
                              CMakeFiles/stm32-DS18x20.elf.dir/main.c.obj (usart_set_baudrate)
/Users/sl/projects/stm32-DS18x20/libopencm3/lib/libopencm3_stm32f1.a(usart_common_f124.o)
                              /Users/sl/projects/stm32-DS18x20/libopencm3/lib/libopencm3_stm32f1.a(usart_common_all.o) (usart_send)
/Users/sl/projects/stm32-DS18x20/libopencm3/lib/libopencm3_stm32f1.a(rcc_common_all.o)
                              CMakeFiles/stm32-DS18x20.elf.dir/main.c.obj (rcc_periph_clock_enable)
/Users/sl/projects/stm32-DS18x20/libopencm3/lib/libopencm3_stm32f1.a(flash_common_f01.o)
                              /Users/sl/projects/stm32-DS18x20/libopencm3/lib/libopencm3_stm32f1.a(rcc.o) (flash_set_ws)
/Users/sl/projects/stm32-DS18x20/libopencm3/lib/libopencm3_stm32f1.a(vector.o)
                              (reset_handler)
/Users/sl/projects/stm32-DS18x20/libopencm3/lib/libopencm3_stm32f1.a(assert.o)
                              /Users/sl/projects/stm32-DS18x20/libopencm3/lib/libopencm3_stm32f1.a(rcc.o) (cm3_assert_failed)
/Users/sl/projects/stm32-DS18x20/libopencm3/lib/libopencm3_stm32f1.a(flash.o)
                              /Users/sl/projects/stm32-DS18x20/libopencm3/lib/libopencm3_stm32f1.a(flash_common_f01.o) (flash_get_status_flags)

Discarded input sections

 .group         0x0000000000000000        0x8 /Users/sl/projects/stm32-DS18x20/libopencm3/lib/libopencm3_stm32f1.a(gpio.o)
 .group         0x0000000000000000        0x8 /Users/sl/projects/stm32-DS18x20/libopencm3/lib/libopencm3_stm32f1.a(gpio.o)
 .group         0x0000000000000000        0x8 /Users/sl/projects/stm32-DS18x20/libopencm3/lib/libopencm3_stm32f1.a(gpio.o)
 .group         0x0000000000000000        0x8 /Users/sl/projects/stm32-DS18x20/libopencm3/lib/libopencm3_stm32f1.a(gpio.o)
 .group         0x0000000000000000        0x8 /Users/sl/projects/stm32-DS18x20/libopencm3/lib/libopencm3_stm32f1.a(gpio.o)
 .group         0x0000000000000000        0x8 /Users/sl/projects/stm32-DS18x20/libopencm3/lib/libopencm3_stm32f1.a(gpio.o)
 .group         0x0000000000000000        0x8 /Users/sl/projects/stm32-DS18x20/libopencm3/lib/libopencm3_stm32f1.a(gpio.o)
 .group         0x0000000000000000        0x8 /Users/sl/projects/stm32-DS18x20/libopencm3/lib/libopencm3_stm32f1.a(gpio.o)
 .group         0x0000000000000000        0x8 /Users/sl/projects/stm32-DS18x20/libopencm3/lib/libopencm3_stm32f1.a(gpio.o)
 .group         0x0000000000000000        0x8 /Users/sl/projects/stm32-DS18x20/libopencm3/lib/libopencm3_stm32f1.a(gpio.o)
 .group         0x0000000000000000        0x8 /Users/sl/projects/stm32-DS18x20/libopencm3/lib/libopencm3_stm32f1.a(gpio.o)
 .group         0x0000000000000000        0x8 /Users/sl/projects/stm32-DS18x20/libopencm3/lib/libopencm3_stm32f1.a(gpio.o)
 .group         0x0000000000000000        0x8 /Users/sl/projects/stm32-DS18x20/libopencm3/lib/libopencm3_stm32f1.a(gpio.o)
 .group         0x0000000000000000        0x8 /Users/sl/projects/stm32-DS18x20/libopencm3/lib/libopencm3_stm32f1.a(rcc.o)
 .group         0x0000000000000000        0x8 /Users/sl/projects/stm32-DS18x20/libopencm3/lib/libopencm3_stm32f1.a(rcc.o)
 .group         0x0000000000000000        0x8 /Users/sl/projects/stm32-DS18x20/libopencm3/lib/libopencm3_stm32f1.a(rcc.o)
 .group         0x0000000000000000        0x8 /Users/sl/projects/stm32-DS18x20/libopencm3/lib/libopencm3_stm32f1.a(rcc.o)
 .group         0x0000000000000000        0x8 /Users/sl/projects/stm32-DS18x20/libopencm3/lib/libopencm3_stm32f1.a(rcc.o)
 .group         0x0000000000000000        0x8 /Users/sl/projects/stm32-DS18x20/libopencm3/lib/libopencm3_stm32f1.a(rcc.o)
 .group         0x0000000000000000        0x8 /Users/sl/projects/stm32-DS18x20/libopencm3/lib/libopencm3_stm32f1.a(rcc.o)
 .group         0x0000000000000000        0x8 /Users/sl/projects/stm32-DS18x20/libopencm3/lib/libopencm3_stm32f1.a(rcc.o)
 .group         0x0000000000000000        0x8 /Users/sl/projects/stm32-DS18x20/libopencm3/lib/libopencm3_stm32f1.a(rcc.o)
 .group         0x0000000000000000        0x8 /Users/sl/projects/stm32-DS18x20/libopencm3/lib/libopencm3_stm32f1.a(rcc.o)
 .group         0x0000000000000000        0x8 /Users/sl/projects/stm32-DS18x20/libopencm3/lib/libopencm3_stm32f1.a(rcc.o)
 .group         0x0000000000000000        0x8 /Users/sl/projects/stm32-DS18x20/libopencm3/lib/libopencm3_stm32f1.a(rcc.o)
 .group         0x0000000000000000        0x8 /Users/sl/projects/stm32-DS18x20/libopencm3/lib/libopencm3_stm32f1.a(rcc.o)
 .group         0x0000000000000000        0x8 /Users/sl/projects/stm32-DS18x20/libopencm3/lib/libopencm3_stm32f1.a(rcc.o)
 .group         0x0000000000000000        0x8 /Users/sl/projects/stm32-DS18x20/libopencm3/lib/libopencm3_stm32f1.a(rcc.o)
 .debug_macro   0x0000000000000000      0x874 /Users/sl/projects/stm32-DS18x20/libopencm3/lib/libopencm3_stm32f1.a(rcc.o)
 .debug_macro   0x0000000000000000       0x22 /Users/sl/projects/stm32-DS18x20/libopencm3/lib/libopencm3_stm32f1.a(rcc.o)
 .debug_macro   0x0000000000000000       0x87 /Users/sl/projects/stm32-DS18x20/libopencm3/lib/libopencm3_stm32f1.a(rcc.o)
 .debug_macro   0x0000000000000000       0x44 /Users/sl/projects/stm32-DS18x20/libopencm3/lib/libopencm3_stm32f1.a(rcc.o)
 .debug_macro   0x0000000000000000       0xfd /Users/sl/projects/stm32-DS18x20/libopencm3/lib/libopencm3_stm32f1.a(rcc.o)
 .debug_macro   0x0000000000000000       0x5e /Users/sl/projects/stm32-DS18x20/libopencm3/lib/libopencm3_stm32f1.a(rcc.o)
 .debug_macro   0x0000000000000000      0x1df /Users/sl/projects/stm32-DS18x20/libopencm3/lib/libopencm3_stm32f1.a(rcc.o)
 .debug_macro   0x0000000000000000       0x22 /Users/sl/projects/stm32-DS18x20/libopencm3/lib/libopencm3_stm32f1.a(rcc.o)
 .debug_macro   0x0000000000000000       0xfa /Users/sl/projects/stm32-DS18x20/libopencm3/lib/libopencm3_stm32f1.a(rcc.o)
 .debug_macro   0x0000000000000000       0x58 /Users/sl/projects/stm32-DS18x20/libopencm3/lib/libopencm3_stm32f1.a(rcc.o)
 .debug_macro   0x0000000000000000      0x1b4 /Users/sl/projects/stm32-DS18x20/libopencm3/lib/libopencm3_stm32f1.a(rcc.o)
 .group         0x0000000000000000        0x8 /Users/sl/projects/stm32-DS18x20/libopencm3/lib/libopencm3_stm32f1.a(gpio_common_all.o)
 .group         0x0000000000000000        0x8 /Users/sl/projects/stm32-DS18x20/libopencm3/lib/libopencm3_stm32f1.a(gpio_common_all.o)
 .group         0x0000000000000000        0x8 /Users/sl/projects/stm32-DS18x20/libopencm3/lib/libopencm3_stm32f1.a(gpio_common_all.o)
 .group         0x0000000000000000        0x8 /Users/sl/projects/stm32-DS18x20/libopencm3/lib/libopencm3_stm32f1.a(gpio_common_all.o)
 .group         0x0000000000000000        0x8 /Users/sl/projects/stm32-DS18x20/libopencm3/lib/libopencm3_stm32f1.a(gpio_common_all.o)
 .group         0x0000000000000000        0x8 /Users/sl/projects/stm32-DS18x20/libopencm3/lib/libopencm3_stm32f1.a(gpio_common_all.o)
 .group         0x0000000000000000        0x8 /Users/sl/projects/stm32-DS18x20/libopencm3/lib/libopencm3_stm32f1.a(gpio_common_all.o)
 .group         0x0000000000000000        0x8 /Users/sl/projects/stm32-DS18x20/libopencm3/lib/libopencm3_stm32f1.a(gpio_common_all.o)
 .group         0x0000000000000000        0x8 /Users/sl/projects/stm32-DS18x20/libopencm3/lib/libopencm3_stm32f1.a(gpio_common_all.o)
 .group         0x0000000000000000        0x8 /Users/sl/projects/stm32-DS18x20/libopencm3/lib/libopencm3_stm32f1.a(gpio_common_all.o)
 .group         0x0000000000000000        0x8 /Users/sl/projects/stm32-DS18x20/libopencm3/lib/libopencm3_stm32f1.a(gpio_common_all.o)
 .group         0x0000000000000000        0x8 /Users/sl/projects/stm32-DS18x20/libopencm3/lib/libopencm3_stm32f1.a(gpio_common_all.o)
 .group         0x0000000000000000        0x8 /Users/sl/projects/stm32-DS18x20/libopencm3/lib/libopencm3_stm32f1.a(gpio_common_all.o)
 .debug_macro   0x0000000000000000      0x874 /Users/sl/projects/stm32-DS18x20/libopencm3/lib/libopencm3_stm32f1.a(gpio_common_all.o)
 .debug_macro   0x0000000000000000       0x22 /Users/sl/projects/stm32-DS18x20/libopencm3/lib/libopencm3_stm32f1.a(gpio_common_all.o)
 .debug_macro   0x0000000000000000       0x87 /Users/sl/projects/stm32-DS18x20/libopencm3/lib/libopencm3_stm32f1.a(gpio_common_all.o)
 .debug_macro   0x0000000000000000       0x44 /Users/sl/projects/stm32-DS18x20/libopencm3/lib/libopencm3_stm32f1.a(gpio_common_all.o)
 .debug_macro   0x0000000000000000       0xfd /Users/sl/projects/stm32-DS18x20/libopencm3/lib/libopencm3_stm32f1.a(gpio_common_all.o)
 .debug_macro   0x0000000000000000       0x5e /Users/sl/projects/stm32-DS18x20/libopencm3/lib/libopencm3_stm32f1.a(gpio_common_all.o)
 .debug_macro   0x0000000000000000      0x1df /Users/sl/projects/stm32-DS18x20/libopencm3/lib/libopencm3_stm32f1.a(gpio_common_all.o)
 .debug_macro   0x0000000000000000       0x22 /Users/sl/projects/stm32-DS18x20/libopencm3/lib/libopencm3_stm32f1.a(gpio_common_all.o)
 .debug_macro   0x0000000000000000       0xfa /Users/sl/projects/stm32-DS18x20/libopencm3/lib/libopencm3_stm32f1.a(gpio_common_all.o)
 .debug_macro   0x0000000000000000       0x58 /Users/sl/projects/stm32-DS18x20/libopencm3/lib/libopencm3_stm32f1.a(gpio_common_all.o)
 .debug_macro   0x0000000000000000      0x1b4 /Users/sl/projects/stm32-DS18x20/libopencm3/lib/libopencm3_stm32f1.a(gpio_common_all.o)
 .debug_macro   0x0000000000000000       0x76 /Users/sl/projects/stm32-DS18x20/libopencm3/lib/libopencm3_stm32f1.a(gpio_common_all.o)
 .debug_macro   0x0000000000000000      0xdfd /Users/sl/projects/stm32-DS18x20/libopencm3/lib/libopencm3_stm32f1.a(gpio_common_all.o)
 .group         0x0000000000000000        0x8 /Users/sl/projects/stm32-DS18x20/libopencm3/lib/libopencm3_stm32f1.a(usart_common_all.o)
 .group         0x0000000000000000        0x8 /Users/sl/projects/stm32-DS18x20/libopencm3/lib/libopencm3_stm32f1.a(usart_common_all.o)
 .group         0x0000000000000000        0x8 /Users/sl/projects/stm32-DS18x20/libopencm3/lib/libopencm3_stm32f1.a(usart_common_all.o)
 .group         0x0000000000000000        0x8 /Users/sl/projects/stm32-DS18x20/libopencm3/lib/libopencm3_stm32f1.a(usart_common_all.o)
 .group         0x0000000000000000        0x8 /Users/sl/projects/stm32-DS18x20/libopencm3/lib/libopencm3_stm32f1.a(usart_common_all.o)
 .group         0x0000000000000000        0x8 /Users/sl/projects/stm32-DS18x20/libopencm3/lib/libopencm3_stm32f1.a(usart_common_all.o)
 .group         0x0000000000000000        0x8 /Users/sl/projects/stm32-DS18x20/libopencm3/lib/libopencm3_stm32f1.a(usart_common_all.o)
 .group         0x0000000000000000        0x8 /Users/sl/projects/stm32-DS18x20/libopencm3/lib/libopencm3_stm32f1.a(usart_common_all.o)
 .group         0x0000000000000000        0x8 /Users/sl/projects/stm32-DS18x20/libopencm3/lib/libopencm3_stm32f1.a(usart_common_all.o)
 .group         0x0000000000000000        0x8 /Users/sl/projects/stm32-DS18x20/libopencm3/lib/libopencm3_stm32f1.a(usart_common_all.o)
 .group         0x0000000000000000        0x8 /Users/sl/projects/stm32-DS18x20/libopencm3/lib/libopencm3_stm32f1.a(usart_common_all.o)
 .group         0x0000000000000000        0x8 /Users/sl/projects/stm32-DS18x20/libopencm3/lib/libopencm3_stm32f1.a(usart_common_all.o)
 .group         0x0000000000000000        0x8 /Users/sl/projects/stm32-DS18x20/libopencm3/lib/libopencm3_stm32f1.a(usart_common_all.o)
 .group         0x0000000000000000        0x8 /Users/sl/projects/stm32-DS18x20/libopencm3/lib/libopencm3_stm32f1.a(usart_common_all.o)
 .debug_macro   0x0000000000000000      0x874 /Users/sl/projects/stm32-DS18x20/libopencm3/lib/libopencm3_stm32f1.a(usart_common_all.o)
 .debug_macro   0x0000000000000000       0x22 /Users/sl/projects/stm32-DS18x20/libopencm3/lib/libopencm3_stm32f1.a(usart_common_all.o)
 .debug_macro   0x0000000000000000       0x87 /Users/sl/projects/stm32-DS18x20/libopencm3/lib/libopencm3_stm32f1.a(usart_common_all.o)
 .debug_macro   0x0000000000000000       0x44 /Users/sl/projects/stm32-DS18x20/libopencm3/lib/libopencm3_stm32f1.a(usart_common_all.o)
 .debug_macro   0x0000000000000000       0xfd /Users/sl/projects/stm32-DS18x20/libopencm3/lib/libopencm3_stm32f1.a(usart_common_all.o)
 .debug_macro   0x0000000000000000       0x5e /Users/sl/projects/stm32-DS18x20/libopencm3/lib/libopencm3_stm32f1.a(usart_common_all.o)
 .debug_macro   0x0000000000000000      0x1df /Users/sl/projects/stm32-DS18x20/libopencm3/lib/libopencm3_stm32f1.a(usart_common_all.o)
 .debug_macro   0x0000000000000000       0x22 /Users/sl/projects/stm32-DS18x20/libopencm3/lib/libopencm3_stm32f1.a(usart_common_all.o)
 .debug_macro   0x0000000000000000       0xfa /Users/sl/projects/stm32-DS18x20/libopencm3/lib/libopencm3_stm32f1.a(usart_common_all.o)
 .debug_macro   0x0000000000000000       0x58 /Users/sl/projects/stm32-DS18x20/libopencm3/lib/libopencm3_stm32f1.a(usart_common_all.o)
 .debug_macro   0x0000000000000000      0x1b4 /Users/sl/projects/stm32-DS18x20/libopencm3/lib/libopencm3_stm32f1.a(usart_common_all.o)
 .debug_macro   0x0000000000000000      0x825 /Users/sl/projects/stm32-DS18x20/libopencm3/lib/libopencm3_stm32f1.a(usart_common_all.o)
 .group         0x0000000000000000        0x8 /Users/sl/projects/stm32-DS18x20/libopencm3/lib/libopencm3_stm32f1.a(usart_common_f124.o)
 .group         0x0000000000000000        0x8 /Users/sl/projects/stm32-DS18x20/libopencm3/lib/libopencm3_stm32f1.a(usart_common_f124.o)
 .group         0x0000000000000000        0x8 /Users/sl/projects/stm32-DS18x20/libopencm3/lib/libopencm3_stm32f1.a(usart_common_f124.o)
 .group         0x0000000000000000        0x8 /Users/sl/projects/stm32-DS18x20/libopencm3/lib/libopencm3_stm32f1.a(usart_common_f124.o)
 .group         0x0000000000000000        0x8 /Users/sl/projects/stm32-DS18x20/libopencm3/lib/libopencm3_stm32f1.a(usart_common_f124.o)
 .group         0x0000000000000000        0x8 /Users/sl/projects/stm32-DS18x20/libopencm3/lib/libopencm3_stm32f1.a(usart_common_f124.o)
 .group         0x0000000000000000        0x8 /Users/sl/projects/stm32-DS18x20/libopencm3/lib/libopencm3_stm32f1.a(usart_common_f124.o)
 .group         0x0000000000000000        0x8 /Users/sl/projects/stm32-DS18x20/libopencm3/lib/libopencm3_stm32f1.a(usart_common_f124.o)
 .group         0x0000000000000000        0x8 /Users/sl/projects/stm32-DS18x20/libopencm3/lib/libopencm3_stm32f1.a(usart_common_f124.o)
 .group         0x0000000000000000        0x8 /Users/sl/projects/stm32-DS18x20/libopencm3/lib/libopencm3_stm32f1.a(usart_common_f124.o)
 .group         0x0000000000000000        0x8 /Users/sl/projects/stm32-DS18x20/libopencm3/lib/libopencm3_stm32f1.a(usart_common_f124.o)
 .group         0x0000000000000000        0x8 /Users/sl/projects/stm32-DS18x20/libopencm3/lib/libopencm3_stm32f1.a(usart_common_f124.o)
 .group         0x0000000000000000        0x8 /Users/sl/projects/stm32-DS18x20/libopencm3/lib/libopencm3_stm32f1.a(usart_common_f124.o)
 .group         0x0000000000000000        0x8 /Users/sl/projects/stm32-DS18x20/libopencm3/lib/libopencm3_stm32f1.a(usart_common_f124.o)
 .debug_macro   0x0000000000000000      0x874 /Users/sl/projects/stm32-DS18x20/libopencm3/lib/libopencm3_stm32f1.a(usart_common_f124.o)
 .debug_macro   0x0000000000000000       0x22 /Users/sl/projects/stm32-DS18x20/libopencm3/lib/libopencm3_stm32f1.a(usart_common_f124.o)
 .debug_macro   0x0000000000000000       0x87 /Users/sl/projects/stm32-DS18x20/libopencm3/lib/libopencm3_stm32f1.a(usart_common_f124.o)
 .debug_macro   0x0000000000000000       0x44 /Users/sl/projects/stm32-DS18x20/libopencm3/lib/libopencm3_stm32f1.a(usart_common_f124.o)
 .debug_macro   0x0000000000000000       0xfd /Users/sl/projects/stm32-DS18x20/libopencm3/lib/libopencm3_stm32f1.a(usart_common_f124.o)
 .debug_macro   0x0000000000000000       0x5e /Users/sl/projects/stm32-DS18x20/libopencm3/lib/libopencm3_stm32f1.a(usart_common_f124.o)
 .debug_macro   0x0000000000000000      0x1df /Users/sl/projects/stm32-DS18x20/libopencm3/lib/libopencm3_stm32f1.a(usart_common_f124.o)
 .debug_macro   0x0000000000000000       0x22 /Users/sl/projects/stm32-DS18x20/libopencm3/lib/libopencm3_stm32f1.a(usart_common_f124.o)
 .debug_macro   0x0000000000000000       0xfa /Users/sl/projects/stm32-DS18x20/libopencm3/lib/libopencm3_stm32f1.a(usart_common_f124.o)
 .debug_macro   0x0000000000000000       0x58 /Users/sl/projects/stm32-DS18x20/libopencm3/lib/libopencm3_stm32f1.a(usart_common_f124.o)
 .debug_macro   0x0000000000000000      0x1b4 /Users/sl/projects/stm32-DS18x20/libopencm3/lib/libopencm3_stm32f1.a(usart_common_f124.o)
 .debug_macro   0x0000000000000000       0x8e /Users/sl/projects/stm32-DS18x20/libopencm3/lib/libopencm3_stm32f1.a(usart_common_f124.o)
 .debug_macro   0x0000000000000000      0x273 /Users/sl/projects/stm32-DS18x20/libopencm3/lib/libopencm3_stm32f1.a(usart_common_f124.o)
 .debug_macro   0x0000000000000000      0x825 /Users/sl/projects/stm32-DS18x20/libopencm3/lib/libopencm3_stm32f1.a(usart_common_f124.o)
 .group         0x0000000000000000        0x8 /Users/sl/projects/stm32-DS18x20/libopencm3/lib/libopencm3_stm32f1.a(rcc_common_all.o)
 .group         0x0000000000000000        0x8 /Users/sl/projects/stm32-DS18x20/libopencm3/lib/libopencm3_stm32f1.a(rcc_common_all.o)
 .group         0x0000000000000000        0x8 /Users/sl/projects/stm32-DS18x20/libopencm3/lib/libopencm3_stm32f1.a(rcc_common_all.o)
 .group         0x0000000000000000        0x8 /Users/sl/projects/stm32-DS18x20/libopencm3/lib/libopencm3_stm32f1.a(rcc_common_all.o)
 .group         0x0000000000000000        0x8 /Users/sl/projects/stm32-DS18x20/libopencm3/lib/libopencm3_stm32f1.a(rcc_common_all.o)
 .group         0x0000000000000000        0x8 /Users/sl/projects/stm32-DS18x20/libopencm3/lib/libopencm3_stm32f1.a(rcc_common_all.o)
 .group         0x0000000000000000        0x8 /Users/sl/projects/stm32-DS18x20/libopencm3/lib/libopencm3_stm32f1.a(rcc_common_all.o)
 .group         0x0000000000000000        0x8 /Users/sl/projects/stm32-DS18x20/libopencm3/lib/libopencm3_stm32f1.a(rcc_common_all.o)
 .group         0x0000000000000000        0x8 /Users/sl/projects/stm32-DS18x20/libopencm3/lib/libopencm3_stm32f1.a(rcc_common_all.o)
 .group         0x0000000000000000        0x8 /Users/sl/projects/stm32-DS18x20/libopencm3/lib/libopencm3_stm32f1.a(rcc_common_all.o)
 .group         0x0000000000000000        0x8 /Users/sl/projects/stm32-DS18x20/libopencm3/lib/libopencm3_stm32f1.a(rcc_common_all.o)
 .group         0x0000000000000000        0x8 /Users/sl/projects/stm32-DS18x20/libopencm3/lib/libopencm3_stm32f1.a(rcc_common_all.o)
 .debug_macro   0x0000000000000000      0x874 /Users/sl/projects/stm32-DS18x20/libopencm3/lib/libopencm3_stm32f1.a(rcc_common_all.o)
 .debug_macro   0x0000000000000000       0x22 /Users/sl/projects/stm32-DS18x20/libopencm3/lib/libopencm3_stm32f1.a(rcc_common_all.o)
 .debug_macro   0x0000000000000000       0x87 /Users/sl/projects/stm32-DS18x20/libopencm3/lib/libopencm3_stm32f1.a(rcc_common_all.o)
 .debug_macro   0x0000000000000000       0x44 /Users/sl/projects/stm32-DS18x20/libopencm3/lib/libopencm3_stm32f1.a(rcc_common_all.o)
 .debug_macro   0x0000000000000000       0xfd /Users/sl/projects/stm32-DS18x20/libopencm3/lib/libopencm3_stm32f1.a(rcc_common_all.o)
 .debug_macro   0x0000000000000000       0x5e /Users/sl/projects/stm32-DS18x20/libopencm3/lib/libopencm3_stm32f1.a(rcc_common_all.o)
 .debug_macro   0x0000000000000000      0x1df /Users/sl/projects/stm32-DS18x20/libopencm3/lib/libopencm3_stm32f1.a(rcc_common_all.o)
 .debug_macro   0x0000000000000000       0x22 /Users/sl/projects/stm32-DS18x20/libopencm3/lib/libopencm3_stm32f1.a(rcc_common_all.o)
 .debug_macro   0x0000000000000000       0xfa /Users/sl/projects/stm32-DS18x20/libopencm3/lib/libopencm3_stm32f1.a(rcc_common_all.o)
 .debug_macro   0x0000000000000000       0x58 /Users/sl/projects/stm32-DS18x20/libopencm3/lib/libopencm3_stm32f1.a(rcc_common_all.o)
 .debug_macro   0x0000000000000000      0x1b4 /Users/sl/projects/stm32-DS18x20/libopencm3/lib/libopencm3_stm32f1.a(rcc_common_all.o)
 .debug_macro   0x0000000000000000      0x825 /Users/sl/projects/stm32-DS18x20/libopencm3/lib/libopencm3_stm32f1.a(rcc_common_all.o)
 .group         0x0000000000000000        0x8 /Users/sl/projects/stm32-DS18x20/libopencm3/lib/libopencm3_stm32f1.a(flash_common_f01.o)
 .group         0x0000000000000000        0x8 /Users/sl/projects/stm32-DS18x20/libopencm3/lib/libopencm3_stm32f1.a(flash_common_f01.o)
 .group         0x0000000000000000        0x8 /Users/sl/projects/stm32-DS18x20/libopencm3/lib/libopencm3_stm32f1.a(flash_common_f01.o)
 .group         0x0000000000000000        0x8 /Users/sl/projects/stm32-DS18x20/libopencm3/lib/libopencm3_stm32f1.a(flash_common_f01.o)
 .group         0x0000000000000000        0x8 /Users/sl/projects/stm32-DS18x20/libopencm3/lib/libopencm3_stm32f1.a(flash_common_f01.o)
 .group         0x0000000000000000        0x8 /Users/sl/projects/stm32-DS18x20/libopencm3/lib/libopencm3_stm32f1.a(flash_common_f01.o)
 .group         0x0000000000000000        0x8 /Users/sl/projects/stm32-DS18x20/libopencm3/lib/libopencm3_stm32f1.a(flash_common_f01.o)
 .group         0x0000000000000000        0x8 /Users/sl/projects/stm32-DS18x20/libopencm3/lib/libopencm3_stm32f1.a(flash_common_f01.o)
 .group         0x0000000000000000        0x8 /Users/sl/projects/stm32-DS18x20/libopencm3/lib/libopencm3_stm32f1.a(flash_common_f01.o)
 .group         0x0000000000000000        0x8 /Users/sl/projects/stm32-DS18x20/libopencm3/lib/libopencm3_stm32f1.a(flash_common_f01.o)
 .group         0x0000000000000000        0x8 /Users/sl/projects/stm32-DS18x20/libopencm3/lib/libopencm3_stm32f1.a(flash_common_f01.o)
 .group         0x0000000000000000        0x8 /Users/sl/projects/stm32-DS18x20/libopencm3/lib/libopencm3_stm32f1.a(flash_common_f01.o)
 .group         0x0000000000000000        0x8 /Users/sl/projects/stm32-DS18x20/libopencm3/lib/libopencm3_stm32f1.a(flash_common_f01.o)
 .debug_macro   0x0000000000000000      0x874 /Users/sl/projects/stm32-DS18x20/libopencm3/lib/libopencm3_stm32f1.a(flash_common_f01.o)
 .debug_macro   0x0000000000000000       0x22 /Users/sl/projects/stm32-DS18x20/libopencm3/lib/libopencm3_stm32f1.a(flash_common_f01.o)
 .debug_macro   0x0000000000000000       0x87 /Users/sl/projects/stm32-DS18x20/libopencm3/lib/libopencm3_stm32f1.a(flash_common_f01.o)
 .debug_macro   0x0000000000000000       0x44 /Users/sl/projects/stm32-DS18x20/libopencm3/lib/libopencm3_stm32f1.a(flash_common_f01.o)
 .debug_macro   0x0000000000000000       0xfd /Users/sl/projects/stm32-DS18x20/libopencm3/lib/libopencm3_stm32f1.a(flash_common_f01.o)
 .debug_macro   0x0000000000000000       0x5e /Users/sl/projects/stm32-DS18x20/libopencm3/lib/libopencm3_stm32f1.a(flash_common_f01.o)
 .debug_macro   0x0000000000000000      0x1df /Users/sl/projects/stm32-DS18x20/libopencm3/lib/libopencm3_stm32f1.a(flash_common_f01.o)
 .debug_macro   0x0000000000000000       0x22 /Users/sl/projects/stm32-DS18x20/libopencm3/lib/libopencm3_stm32f1.a(flash_common_f01.o)
 .debug_macro   0x0000000000000000       0xfa /Users/sl/projects/stm32-DS18x20/libopencm3/lib/libopencm3_stm32f1.a(flash_common_f01.o)
 .debug_macro   0x0000000000000000       0x58 /Users/sl/projects/stm32-DS18x20/libopencm3/lib/libopencm3_stm32f1.a(flash_common_f01.o)
 .debug_macro   0x0000000000000000      0x1b4 /Users/sl/projects/stm32-DS18x20/libopencm3/lib/libopencm3_stm32f1.a(flash_common_f01.o)
 .debug_macro   0x0000000000000000       0xdc /Users/sl/projects/stm32-DS18x20/libopencm3/lib/libopencm3_stm32f1.a(flash_common_f01.o)
 .debug_macro   0x0000000000000000       0x82 /Users/sl/projects/stm32-DS18x20/libopencm3/lib/libopencm3_stm32f1.a(flash_common_f01.o)
 .group         0x0000000000000000        0x8 /Users/sl/projects/stm32-DS18x20/libopencm3/lib/libopencm3_stm32f1.a(vector.o)
 .group         0x0000000000000000        0x8 /Users/sl/projects/stm32-DS18x20/libopencm3/lib/libopencm3_stm32f1.a(vector.o)
 .group         0x0000000000000000        0x8 /Users/sl/projects/stm32-DS18x20/libopencm3/lib/libopencm3_stm32f1.a(vector.o)
 .group         0x0000000000000000        0x8 /Users/sl/projects/stm32-DS18x20/libopencm3/lib/libopencm3_stm32f1.a(vector.o)
 .group         0x0000000000000000        0x8 /Users/sl/projects/stm32-DS18x20/libopencm3/lib/libopencm3_stm32f1.a(vector.o)
 .group         0x0000000000000000        0x8 /Users/sl/projects/stm32-DS18x20/libopencm3/lib/libopencm3_stm32f1.a(vector.o)
 .group         0x0000000000000000        0x8 /Users/sl/projects/stm32-DS18x20/libopencm3/lib/libopencm3_stm32f1.a(vector.o)
 .group         0x0000000000000000        0x8 /Users/sl/projects/stm32-DS18x20/libopencm3/lib/libopencm3_stm32f1.a(vector.o)
 .group         0x0000000000000000        0x8 /Users/sl/projects/stm32-DS18x20/libopencm3/lib/libopencm3_stm32f1.a(vector.o)
 .group         0x0000000000000000        0x8 /Users/sl/projects/stm32-DS18x20/libopencm3/lib/libopencm3_stm32f1.a(vector.o)
 .group         0x0000000000000000        0x8 /Users/sl/projects/stm32-DS18x20/libopencm3/lib/libopencm3_stm32f1.a(vector.o)
 .group         0x0000000000000000        0x8 /Users/sl/projects/stm32-DS18x20/libopencm3/lib/libopencm3_stm32f1.a(vector.o)
 .group         0x0000000000000000        0x8 /Users/sl/projects/stm32-DS18x20/libopencm3/lib/libopencm3_stm32f1.a(vector.o)
 .debug_macro   0x0000000000000000      0x874 /Users/sl/projects/stm32-DS18x20/libopencm3/lib/libopencm3_stm32f1.a(vector.o)
 .debug_macro   0x0000000000000000       0x58 /Users/sl/projects/stm32-DS18x20/libopencm3/lib/libopencm3_stm32f1.a(vector.o)
 .debug_macro   0x0000000000000000       0x22 /Users/sl/projects/stm32-DS18x20/libopencm3/lib/libopencm3_stm32f1.a(vector.o)
 .debug_macro   0x0000000000000000       0x87 /Users/sl/projects/stm32-DS18x20/libopencm3/lib/libopencm3_stm32f1.a(vector.o)
 .debug_macro   0x0000000000000000       0x44 /Users/sl/projects/stm32-DS18x20/libopencm3/lib/libopencm3_stm32f1.a(vector.o)
 .debug_macro   0x0000000000000000       0xfd /Users/sl/projects/stm32-DS18x20/libopencm3/lib/libopencm3_stm32f1.a(vector.o)
 .debug_macro   0x0000000000000000       0x5e /Users/sl/projects/stm32-DS18x20/libopencm3/lib/libopencm3_stm32f1.a(vector.o)
 .debug_macro   0x0000000000000000      0x1df /Users/sl/projects/stm32-DS18x20/libopencm3/lib/libopencm3_stm32f1.a(vector.o)
 .debug_macro   0x0000000000000000       0x22 /Users/sl/projects/stm32-DS18x20/libopencm3/lib/libopencm3_stm32f1.a(vector.o)
 .debug_macro   0x0000000000000000       0xfa /Users/sl/projects/stm32-DS18x20/libopencm3/lib/libopencm3_stm32f1.a(vector.o)
 .group         0x0000000000000000        0x8 /Users/sl/projects/stm32-DS18x20/libopencm3/lib/libopencm3_stm32f1.a(assert.o)
 .group         0x0000000000000000        0x8 /Users/sl/projects/stm32-DS18x20/libopencm3/lib/libopencm3_stm32f1.a(assert.o)
 .group         0x0000000000000000        0x8 /Users/sl/projects/stm32-DS18x20/libopencm3/lib/libopencm3_stm32f1.a(assert.o)
 .group         0x0000000000000000        0x8 /Users/sl/projects/stm32-DS18x20/libopencm3/lib/libopencm3_stm32f1.a(assert.o)
 .group         0x0000000000000000        0x8 /Users/sl/projects/stm32-DS18x20/libopencm3/lib/libopencm3_stm32f1.a(assert.o)
 .group         0x0000000000000000        0x8 /Users/sl/projects/stm32-DS18x20/libopencm3/lib/libopencm3_stm32f1.a(assert.o)
 .group         0x0000000000000000        0x8 /Users/sl/projects/stm32-DS18x20/libopencm3/lib/libopencm3_stm32f1.a(assert.o)
 .group         0x0000000000000000        0x8 /Users/sl/projects/stm32-DS18x20/libopencm3/lib/libopencm3_stm32f1.a(assert.o)
 .group         0x0000000000000000        0x8 /Users/sl/projects/stm32-DS18x20/libopencm3/lib/libopencm3_stm32f1.a(assert.o)
 .group         0x0000000000000000        0x8 /Users/sl/projects/stm32-DS18x20/libopencm3/lib/libopencm3_stm32f1.a(assert.o)
 .debug_macro   0x0000000000000000      0x874 /Users/sl/projects/stm32-DS18x20/libopencm3/lib/libopencm3_stm32f1.a(assert.o)
 .debug_macro   0x0000000000000000       0x22 /Users/sl/projects/stm32-DS18x20/libopencm3/lib/libopencm3_stm32f1.a(assert.o)
 .debug_macro   0x0000000000000000       0x87 /Users/sl/projects/stm32-DS18x20/libopencm3/lib/libopencm3_stm32f1.a(assert.o)
 .debug_macro   0x0000000000000000       0x44 /Users/sl/projects/stm32-DS18x20/libopencm3/lib/libopencm3_stm32f1.a(assert.o)
 .debug_macro   0x0000000000000000       0xfd /Users/sl/projects/stm32-DS18x20/libopencm3/lib/libopencm3_stm32f1.a(assert.o)
 .debug_macro   0x0000000000000000       0x5e /Users/sl/projects/stm32-DS18x20/libopencm3/lib/libopencm3_stm32f1.a(assert.o)
 .debug_macro   0x0000000000000000      0x1df /Users/sl/projects/stm32-DS18x20/libopencm3/lib/libopencm3_stm32f1.a(assert.o)
 .debug_macro   0x0000000000000000       0x22 /Users/sl/projects/stm32-DS18x20/libopencm3/lib/libopencm3_stm32f1.a(assert.o)
 .debug_macro   0x0000000000000000       0xfa /Users/sl/projects/stm32-DS18x20/libopencm3/lib/libopencm3_stm32f1.a(assert.o)
 .debug_macro   0x0000000000000000       0x16 /Users/sl/projects/stm32-DS18x20/libopencm3/lib/libopencm3_stm32f1.a(assert.o)
 .group         0x0000000000000000        0x8 /Users/sl/projects/stm32-DS18x20/libopencm3/lib/libopencm3_stm32f1.a(flash.o)
 .group         0x0000000000000000        0x8 /Users/sl/projects/stm32-DS18x20/libopencm3/lib/libopencm3_stm32f1.a(flash.o)
 .group         0x0000000000000000        0x8 /Users/sl/projects/stm32-DS18x20/libopencm3/lib/libopencm3_stm32f1.a(flash.o)
 .group         0x0000000000000000        0x8 /Users/sl/projects/stm32-DS18x20/libopencm3/lib/libopencm3_stm32f1.a(flash.o)
 .group         0x0000000000000000        0x8 /Users/sl/projects/stm32-DS18x20/libopencm3/lib/libopencm3_stm32f1.a(flash.o)
 .group         0x0000000000000000        0x8 /Users/sl/projects/stm32-DS18x20/libopencm3/lib/libopencm3_stm32f1.a(flash.o)
 .group         0x0000000000000000        0x8 /Users/sl/projects/stm32-DS18x20/libopencm3/lib/libopencm3_stm32f1.a(flash.o)
 .group         0x0000000000000000        0x8 /Users/sl/projects/stm32-DS18x20/libopencm3/lib/libopencm3_stm32f1.a(flash.o)
 .group         0x0000000000000000        0x8 /Users/sl/projects/stm32-DS18x20/libopencm3/lib/libopencm3_stm32f1.a(flash.o)
 .group         0x0000000000000000        0x8 /Users/sl/projects/stm32-DS18x20/libopencm3/lib/libopencm3_stm32f1.a(flash.o)
 .group         0x0000000000000000        0x8 /Users/sl/projects/stm32-DS18x20/libopencm3/lib/libopencm3_stm32f1.a(flash.o)
 .group         0x0000000000000000        0x8 /Users/sl/projects/stm32-DS18x20/libopencm3/lib/libopencm3_stm32f1.a(flash.o)
 .group         0x0000000000000000        0x8 /Users/sl/projects/stm32-DS18x20/libopencm3/lib/libopencm3_stm32f1.a(flash.o)
 .debug_macro   0x0000000000000000      0x874 /Users/sl/projects/stm32-DS18x20/libopencm3/lib/libopencm3_stm32f1.a(flash.o)
 .debug_macro   0x0000000000000000       0x22 /Users/sl/projects/stm32-DS18x20/libopencm3/lib/libopencm3_stm32f1.a(flash.o)
 .debug_macro   0x0000000000000000       0x87 /Users/sl/projects/stm32-DS18x20/libopencm3/lib/libopencm3_stm32f1.a(flash.o)
 .debug_macro   0x0000000000000000       0x44 /Users/sl/projects/stm32-DS18x20/libopencm3/lib/libopencm3_stm32f1.a(flash.o)
 .debug_macro   0x0000000000000000       0xfd /Users/sl/projects/stm32-DS18x20/libopencm3/lib/libopencm3_stm32f1.a(flash.o)
 .debug_macro   0x0000000000000000       0x5e /Users/sl/projects/stm32-DS18x20/libopencm3/lib/libopencm3_stm32f1.a(flash.o)
 .debug_macro   0x0000000000000000      0x1df /Users/sl/projects/stm32-DS18x20/libopencm3/lib/libopencm3_stm32f1.a(flash.o)
 .debug_macro   0x0000000000000000       0x22 /Users/sl/projects/stm32-DS18x20/libopencm3/lib/libopencm3_stm32f1.a(flash.o)
 .debug_macro   0x0000000000000000       0xfa /Users/sl/projects/stm32-DS18x20/libopencm3/lib/libopencm3_stm32f1.a(flash.o)
 .debug_macro   0x0000000000000000       0x58 /Users/sl/projects/stm32-DS18x20/libopencm3/lib/libopencm3_stm32f1.a(flash.o)
 .debug_macro   0x0000000000000000      0x1b4 /Users/sl/projects/stm32-DS18x20/libopencm3/lib/libopencm3_stm32f1.a(flash.o)
 .debug_macro   0x0000000000000000       0xdc /Users/sl/projects/stm32-DS18x20/libopencm3/lib/libopencm3_stm32f1.a(flash.o)
 .debug_macro   0x0000000000000000       0x82 /Users/sl/projects/stm32-DS18x20/libopencm3/lib/libopencm3_stm32f1.a(flash.o)

Memory Configuration

Name             Origin             Length             Attributes
rom              0x0000000008000000 0x0000000000010000 xr
ram              0x0000000020000000 0x0000000000005000 xrw
*default*        0x0000000000000000 0xffffffffffffffff

Linker script and memory map

LOAD CMakeFiles/stm32-DS18x20.elf.dir/main.c.obj
LOAD /Users/sl/projects/stm32-DS18x20/libopencm3/lib/libopencm3_stm32f1.a
START GROUP
LOAD /usr/local/bin/../lib/gcc/arm-none-eabi/5.4.1/armv7-m/libgcc.a
LOAD /usr/local/bin/../lib/gcc/arm-none-eabi/5.4.1/../../../../arm-none-eabi/lib/armv7-m/libg.a
LOAD /usr/local/bin/../lib/gcc/arm-none-eabi/5.4.1/../../../../arm-none-eabi/lib/armv7-m/libc.a
END GROUP
START GROUP
LOAD /usr/local/bin/../lib/gcc/arm-none-eabi/5.4.1/armv7-m/libgcc.a
LOAD /usr/local/bin/../lib/gcc/arm-none-eabi/5.4.1/../../../../arm-none-eabi/lib/armv7-m/libc.a
LOAD /usr/local/bin/../lib/gcc/arm-none-eabi/5.4.1/../../../../arm-none-eabi/lib/armv7-m/librdimon.a
END GROUP

.text           0x0000000008000000     0x13e4
 *(.vectors)
 .vectors       0x0000000008000000      0x150 /Users/sl/projects/stm32-DS18x20/libopencm3/lib/libopencm3_stm32f1.a(vector.o)
                0x0000000008000000                vector_table
 *(.text*)
 .text          0x0000000008000150      0x1dc CMakeFiles/stm32-DS18x20.elf.dir/main.c.obj
                0x000000000800017c                usart_enable_halfduplex
                0x000000000800024c                oneWireReset
                0x00000000080002c8                main
 .text          0x000000000800032c        0x0 /Users/sl/projects/stm32-DS18x20/libopencm3/lib/libopencm3_stm32f1.a(gpio.o)
 .text.gpio_set_mode
                0x000000000800032c       0x64 /Users/sl/projects/stm32-DS18x20/libopencm3/lib/libopencm3_stm32f1.a(gpio.o)
                0x000000000800032c                gpio_set_mode
 .text.gpio_set_eventout
                0x0000000008000390       0x10 /Users/sl/projects/stm32-DS18x20/libopencm3/lib/libopencm3_stm32f1.a(gpio.o)
                0x0000000008000390                gpio_set_eventout
 .text.gpio_primary_remap
                0x00000000080003a0       0x14 /Users/sl/projects/stm32-DS18x20/libopencm3/lib/libopencm3_stm32f1.a(gpio.o)
                0x00000000080003a0                gpio_primary_remap
 .text.gpio_secondary_remap
                0x00000000080003b4       0x10 /Users/sl/projects/stm32-DS18x20/libopencm3/lib/libopencm3_stm32f1.a(gpio.o)
                0x00000000080003b4                gpio_secondary_remap
 .text          0x00000000080003c4        0x0 /Users/sl/projects/stm32-DS18x20/libopencm3/lib/libopencm3_stm32f1.a(rcc.o)
 .text.rcc_osc_on.part.1
                0x00000000080003c4       0x10 /Users/sl/projects/stm32-DS18x20/libopencm3/lib/libopencm3_stm32f1.a(rcc.o)
 .text.rcc_osc_ready_int_clear
                0x00000000080003d4       0x5c /Users/sl/projects/stm32-DS18x20/libopencm3/lib/libopencm3_stm32f1.a(rcc.o)
                0x00000000080003d4                rcc_osc_ready_int_clear
 .text.rcc_osc_ready_int_enable
                0x0000000008000430       0x5c /Users/sl/projects/stm32-DS18x20/libopencm3/lib/libopencm3_stm32f1.a(rcc.o)
                0x0000000008000430                rcc_osc_ready_int_enable
 .text.rcc_osc_ready_int_disable
                0x000000000800048c       0x5c /Users/sl/projects/stm32-DS18x20/libopencm3/lib/libopencm3_stm32f1.a(rcc.o)
                0x000000000800048c                rcc_osc_ready_int_disable
 .text.rcc_osc_ready_int_flag
                0x00000000080004e8       0x54 /Users/sl/projects/stm32-DS18x20/libopencm3/lib/libopencm3_stm32f1.a(rcc.o)
                0x00000000080004e8                rcc_osc_ready_int_flag
 .text.rcc_css_int_clear
                0x000000000800053c       0x10 /Users/sl/projects/stm32-DS18x20/libopencm3/lib/libopencm3_stm32f1.a(rcc.o)
                0x000000000800053c                rcc_css_int_clear
 .text.rcc_css_int_flag
                0x000000000800054c       0x10 /Users/sl/projects/stm32-DS18x20/libopencm3/lib/libopencm3_stm32f1.a(rcc.o)
                0x000000000800054c                rcc_css_int_flag
 .text.rcc_is_osc_ready
                0x000000000800055c       0x5c /Users/sl/projects/stm32-DS18x20/libopencm3/lib/libopencm3_stm32f1.a(rcc.o)
                0x000000000800055c                rcc_is_osc_ready
 .text.rcc_wait_for_osc_ready
                0x00000000080005b8       0x10 /Users/sl/projects/stm32-DS18x20/libopencm3/lib/libopencm3_stm32f1.a(rcc.o)
                0x00000000080005b8                rcc_wait_for_osc_ready
 .text.rcc_osc_on
                0x00000000080005c8       0x54 /Users/sl/projects/stm32-DS18x20/libopencm3/lib/libopencm3_stm32f1.a(rcc.o)
                0x00000000080005c8                rcc_osc_on
 .text.rcc_osc_off
                0x000000000800061c       0x58 /Users/sl/projects/stm32-DS18x20/libopencm3/lib/libopencm3_stm32f1.a(rcc.o)
                0x000000000800061c                rcc_osc_off
 .text.rcc_css_enable
                0x0000000008000674       0x10 /Users/sl/projects/stm32-DS18x20/libopencm3/lib/libopencm3_stm32f1.a(rcc.o)
                0x0000000008000674                rcc_css_enable
 .text.rcc_css_disable
                0x0000000008000684       0x10 /Users/sl/projects/stm32-DS18x20/libopencm3/lib/libopencm3_stm32f1.a(rcc.o)
                0x0000000008000684                rcc_css_disable
 .text.rcc_osc_bypass_enable
                0x0000000008000694       0x28 /Users/sl/projects/stm32-DS18x20/libopencm3/lib/libopencm3_stm32f1.a(rcc.o)
                0x0000000008000694                rcc_osc_bypass_enable
 .text.rcc_osc_bypass_disable
                0x00000000080006bc       0x28 /Users/sl/projects/stm32-DS18x20/libopencm3/lib/libopencm3_stm32f1.a(rcc.o)
                0x00000000080006bc                rcc_osc_bypass_disable
 .text.rcc_set_sysclk_source
                0x00000000080006e4       0x14 /Users/sl/projects/stm32-DS18x20/libopencm3/lib/libopencm3_stm32f1.a(rcc.o)
                0x00000000080006e4                rcc_set_sysclk_source
 .text.rcc_set_pll_multiplication_factor
                0x00000000080006f8       0x14 /Users/sl/projects/stm32-DS18x20/libopencm3/lib/libopencm3_stm32f1.a(rcc.o)
                0x00000000080006f8                rcc_set_pll_multiplication_factor
 .text.rcc_set_pll2_multiplication_factor
                0x000000000800070c       0x14 /Users/sl/projects/stm32-DS18x20/libopencm3/lib/libopencm3_stm32f1.a(rcc.o)
                0x000000000800070c                rcc_set_pll2_multiplication_factor
 .text.rcc_set_pll3_multiplication_factor
                0x0000000008000720       0x14 /Users/sl/projects/stm32-DS18x20/libopencm3/lib/libopencm3_stm32f1.a(rcc.o)
                0x0000000008000720                rcc_set_pll3_multiplication_factor
 .text.rcc_set_pll_source
                0x0000000008000734       0x14 /Users/sl/projects/stm32-DS18x20/libopencm3/lib/libopencm3_stm32f1.a(rcc.o)
                0x0000000008000734                rcc_set_pll_source
 .text.rcc_set_pllxtpre
                0x0000000008000748       0x14 /Users/sl/projects/stm32-DS18x20/libopencm3/lib/libopencm3_stm32f1.a(rcc.o)
                0x0000000008000748                rcc_set_pllxtpre
 .text.rcc_rtc_clock_enabled_flag
                0x000000000800075c       0x10 /Users/sl/projects/stm32-DS18x20/libopencm3/lib/libopencm3_stm32f1.a(rcc.o)
                0x000000000800075c                rcc_rtc_clock_enabled_flag
 .text.rcc_enable_rtc_clock
                0x000000000800076c       0x10 /Users/sl/projects/stm32-DS18x20/libopencm3/lib/libopencm3_stm32f1.a(rcc.o)
                0x000000000800076c                rcc_enable_rtc_clock
 .text.rcc_set_rtc_clock_source
                0x000000000800077c       0x90 /Users/sl/projects/stm32-DS18x20/libopencm3/lib/libopencm3_stm32f1.a(rcc.o)
                0x000000000800077c                rcc_set_rtc_clock_source
 .text.rcc_set_adcpre
                0x000000000800080c       0x14 /Users/sl/projects/stm32-DS18x20/libopencm3/lib/libopencm3_stm32f1.a(rcc.o)
                0x000000000800080c                rcc_set_adcpre
 .text.rcc_set_ppre2
                0x0000000008000820       0x14 /Users/sl/projects/stm32-DS18x20/libopencm3/lib/libopencm3_stm32f1.a(rcc.o)
                0x0000000008000820                rcc_set_ppre2
 .text.rcc_set_ppre1
                0x0000000008000834       0x14 /Users/sl/projects/stm32-DS18x20/libopencm3/lib/libopencm3_stm32f1.a(rcc.o)
                0x0000000008000834                rcc_set_ppre1
 .text.rcc_set_hpre
                0x0000000008000848       0x14 /Users/sl/projects/stm32-DS18x20/libopencm3/lib/libopencm3_stm32f1.a(rcc.o)
                0x0000000008000848                rcc_set_hpre
 .text.rcc_set_usbpre
                0x000000000800085c       0x18 /Users/sl/projects/stm32-DS18x20/libopencm3/lib/libopencm3_stm32f1.a(rcc.o)
                0x000000000800085c                rcc_set_usbpre
 .text.rcc_set_prediv1
                0x0000000008000874       0x14 /Users/sl/projects/stm32-DS18x20/libopencm3/lib/libopencm3_stm32f1.a(rcc.o)
                0x0000000008000874                rcc_set_prediv1
 .text.rcc_set_prediv2
                0x0000000008000888       0x14 /Users/sl/projects/stm32-DS18x20/libopencm3/lib/libopencm3_stm32f1.a(rcc.o)
                0x0000000008000888                rcc_set_prediv2
 .text.rcc_set_prediv1_source
                0x000000000800089c       0x18 /Users/sl/projects/stm32-DS18x20/libopencm3/lib/libopencm3_stm32f1.a(rcc.o)
                0x000000000800089c                rcc_set_prediv1_source
 .text.rcc_system_clock_source
                0x00000000080008b4       0x10 /Users/sl/projects/stm32-DS18x20/libopencm3/lib/libopencm3_stm32f1.a(rcc.o)
                0x00000000080008b4                rcc_system_clock_source
 .text.rcc_clock_setup_in_hsi_out_64mhz
                0x00000000080008c4       0x74 /Users/sl/projects/stm32-DS18x20/libopencm3/lib/libopencm3_stm32f1.a(rcc.o)
                0x00000000080008c4                rcc_clock_setup_in_hsi_out_64mhz
 .text.rcc_clock_setup_in_hsi_out_48mhz
                0x0000000008000938       0x84 /Users/sl/projects/stm32-DS18x20/libopencm3/lib/libopencm3_stm32f1.a(rcc.o)
                0x0000000008000938                rcc_clock_setup_in_hsi_out_48mhz
 .text.rcc_clock_setup_in_hsi_out_24mhz
                0x00000000080009bc       0x70 /Users/sl/projects/stm32-DS18x20/libopencm3/lib/libopencm3_stm32f1.a(rcc.o)
                0x00000000080009bc                rcc_clock_setup_in_hsi_out_24mhz
 .text.rcc_clock_setup_in_hse_8mhz_out_24mhz
                0x0000000008000a2c       0x88 /Users/sl/projects/stm32-DS18x20/libopencm3/lib/libopencm3_stm32f1.a(rcc.o)
                0x0000000008000a2c                rcc_clock_setup_in_hse_8mhz_out_24mhz
 .text.rcc_clock_setup_in_hse_8mhz_out_72mhz
                0x0000000008000ab4       0x8c /Users/sl/projects/stm32-DS18x20/libopencm3/lib/libopencm3_stm32f1.a(rcc.o)
                0x0000000008000ab4                rcc_clock_setup_in_hse_8mhz_out_72mhz
 .text.rcc_clock_setup_in_hse_12mhz_out_72mhz
                0x0000000008000b40       0x8c /Users/sl/projects/stm32-DS18x20/libopencm3/lib/libopencm3_stm32f1.a(rcc.o)
                0x0000000008000b40                rcc_clock_setup_in_hse_12mhz_out_72mhz
 .text.rcc_clock_setup_in_hse_16mhz_out_72mhz
                0x0000000008000bcc       0x8c /Users/sl/projects/stm32-DS18x20/libopencm3/lib/libopencm3_stm32f1.a(rcc.o)
                0x0000000008000bcc                rcc_clock_setup_in_hse_16mhz_out_72mhz
 .text.rcc_clock_setup_in_hse_25mhz_out_72mhz
                0x0000000008000c58       0xac /Users/sl/projects/stm32-DS18x20/libopencm3/lib/libopencm3_stm32f1.a(rcc.o)
                0x0000000008000c58                rcc_clock_setup_in_hse_25mhz_out_72mhz
 .text.rcc_backupdomain_reset
                0x0000000008000d04       0x18 /Users/sl/projects/stm32-DS18x20/libopencm3/lib/libopencm3_stm32f1.a(rcc.o)
                0x0000000008000d04                rcc_backupdomain_reset
 .text          0x0000000008000d1c        0x0 /Users/sl/projects/stm32-DS18x20/libopencm3/lib/libopencm3_stm32f1.a(gpio_common_all.o)
 .text.gpio_set
                0x0000000008000d1c        0x4 /Users/sl/projects/stm32-DS18x20/libopencm3/lib/libopencm3_stm32f1.a(gpio_common_all.o)
                0x0000000008000d1c                gpio_set
 .text.gpio_clear
                0x0000000008000d20        0x6 /Users/sl/projects/stm32-DS18x20/libopencm3/lib/libopencm3_stm32f1.a(gpio_common_all.o)
                0x0000000008000d20                gpio_clear
 .text.gpio_get
                0x0000000008000d26        0x6 /Users/sl/projects/stm32-DS18x20/libopencm3/lib/libopencm3_stm32f1.a(gpio_common_all.o)
                0x0000000008000d26                gpio_get
 .text.gpio_toggle
                0x0000000008000d2c       0x12 /Users/sl/projects/stm32-DS18x20/libopencm3/lib/libopencm3_stm32f1.a(gpio_common_all.o)
                0x0000000008000d2c                gpio_toggle
 .text.gpio_port_read
                0x0000000008000d3e        0x6 /Users/sl/projects/stm32-DS18x20/libopencm3/lib/libopencm3_stm32f1.a(gpio_common_all.o)
                0x0000000008000d3e                gpio_port_read
 .text.gpio_port_write
                0x0000000008000d44        0x4 /Users/sl/projects/stm32-DS18x20/libopencm3/lib/libopencm3_stm32f1.a(gpio_common_all.o)
                0x0000000008000d44                gpio_port_write
 .text.gpio_port_config_lock
                0x0000000008000d48       0x10 /Users/sl/projects/stm32-DS18x20/libopencm3/lib/libopencm3_stm32f1.a(gpio_common_all.o)
                0x0000000008000d48                gpio_port_config_lock
 .text          0x0000000008000d58        0x0 /Users/sl/projects/stm32-DS18x20/libopencm3/lib/libopencm3_stm32f1.a(usart_common_all.o)
 .text.usart_set_baudrate
                0x0000000008000d58       0x28 /Users/sl/projects/stm32-DS18x20/libopencm3/lib/libopencm3_stm32f1.a(usart_common_all.o)
                0x0000000008000d58                usart_set_baudrate
 .text.usart_set_databits
                0x0000000008000d80       0x12 /Users/sl/projects/stm32-DS18x20/libopencm3/lib/libopencm3_stm32f1.a(usart_common_all.o)
                0x0000000008000d80                usart_set_databits
 .text.usart_set_stopbits
                0x0000000008000d92        0xc /Users/sl/projects/stm32-DS18x20/libopencm3/lib/libopencm3_stm32f1.a(usart_common_all.o)
                0x0000000008000d92                usart_set_stopbits
 .text.usart_set_parity
                0x0000000008000d9e        0xc /Users/sl/projects/stm32-DS18x20/libopencm3/lib/libopencm3_stm32f1.a(usart_common_all.o)
                0x0000000008000d9e                usart_set_parity
 .text.usart_set_mode
                0x0000000008000daa        0xc /Users/sl/projects/stm32-DS18x20/libopencm3/lib/libopencm3_stm32f1.a(usart_common_all.o)
                0x0000000008000daa                usart_set_mode
 .text.usart_set_flow_control
                0x0000000008000db6        0xc /Users/sl/projects/stm32-DS18x20/libopencm3/lib/libopencm3_stm32f1.a(usart_common_all.o)
                0x0000000008000db6                usart_set_flow_control
 .text.usart_enable
                0x0000000008000dc2        0xa /Users/sl/projects/stm32-DS18x20/libopencm3/lib/libopencm3_stm32f1.a(usart_common_all.o)
                0x0000000008000dc2                usart_enable
 .text.usart_disable
                0x0000000008000dcc        0xa /Users/sl/projects/stm32-DS18x20/libopencm3/lib/libopencm3_stm32f1.a(usart_common_all.o)
                0x0000000008000dcc                usart_disable
 .text.usart_send_blocking
                0x0000000008000dd6       0x16 /Users/sl/projects/stm32-DS18x20/libopencm3/lib/libopencm3_stm32f1.a(usart_common_all.o)
                0x0000000008000dd6                usart_send_blocking
 .text.usart_recv_blocking
                0x0000000008000dec       0x12 /Users/sl/projects/stm32-DS18x20/libopencm3/lib/libopencm3_stm32f1.a(usart_common_all.o)
                0x0000000008000dec                usart_recv_blocking
 .text.usart_enable_rx_dma
                0x0000000008000dfe        0xa /Users/sl/projects/stm32-DS18x20/libopencm3/lib/libopencm3_stm32f1.a(usart_common_all.o)
                0x0000000008000dfe                usart_enable_rx_dma
 .text.usart_disable_rx_dma
                0x0000000008000e08        0xa /Users/sl/projects/stm32-DS18x20/libopencm3/lib/libopencm3_stm32f1.a(usart_common_all.o)
                0x0000000008000e08                usart_disable_rx_dma
 .text.usart_enable_tx_dma
                0x0000000008000e12        0xa /Users/sl/projects/stm32-DS18x20/libopencm3/lib/libopencm3_stm32f1.a(usart_common_all.o)
                0x0000000008000e12                usart_enable_tx_dma
 .text.usart_disable_tx_dma
                0x0000000008000e1c        0xa /Users/sl/projects/stm32-DS18x20/libopencm3/lib/libopencm3_stm32f1.a(usart_common_all.o)
                0x0000000008000e1c                usart_disable_tx_dma
 .text.usart_enable_rx_interrupt
                0x0000000008000e26        0xa /Users/sl/projects/stm32-DS18x20/libopencm3/lib/libopencm3_stm32f1.a(usart_common_all.o)
                0x0000000008000e26                usart_enable_rx_interrupt
 .text.usart_disable_rx_interrupt
                0x0000000008000e30        0xa /Users/sl/projects/stm32-DS18x20/libopencm3/lib/libopencm3_stm32f1.a(usart_common_all.o)
                0x0000000008000e30                usart_disable_rx_interrupt
 .text.usart_enable_tx_interrupt
                0x0000000008000e3a        0xa /Users/sl/projects/stm32-DS18x20/libopencm3/lib/libopencm3_stm32f1.a(usart_common_all.o)
                0x0000000008000e3a                usart_enable_tx_interrupt
 .text.usart_disable_tx_interrupt
                0x0000000008000e44        0xa /Users/sl/projects/stm32-DS18x20/libopencm3/lib/libopencm3_stm32f1.a(usart_common_all.o)
                0x0000000008000e44                usart_disable_tx_interrupt
 .text.usart_enable_error_interrupt
                0x0000000008000e4e        0xa /Users/sl/projects/stm32-DS18x20/libopencm3/lib/libopencm3_stm32f1.a(usart_common_all.o)
                0x0000000008000e4e                usart_enable_error_interrupt
 .text.usart_disable_error_interrupt
                0x0000000008000e58        0xa /Users/sl/projects/stm32-DS18x20/libopencm3/lib/libopencm3_stm32f1.a(usart_common_all.o)
                0x0000000008000e58                usart_disable_error_interrupt
 .text          0x0000000008000e62        0x0 /Users/sl/projects/stm32-DS18x20/libopencm3/lib/libopencm3_stm32f1.a(usart_common_f124.o)
 .text.usart_send
                0x0000000008000e62        0x8 /Users/sl/projects/stm32-DS18x20/libopencm3/lib/libopencm3_stm32f1.a(usart_common_f124.o)
                0x0000000008000e62                usart_send
 .text.usart_recv
                0x0000000008000e6a        0x8 /Users/sl/projects/stm32-DS18x20/libopencm3/lib/libopencm3_stm32f1.a(usart_common_f124.o)
                0x0000000008000e6a                usart_recv
 .text.usart_wait_send_ready
                0x0000000008000e72        0x8 /Users/sl/projects/stm32-DS18x20/libopencm3/lib/libopencm3_stm32f1.a(usart_common_f124.o)
                0x0000000008000e72                usart_wait_send_ready
 .text.usart_wait_recv_ready
                0x0000000008000e7a        0x8 /Users/sl/projects/stm32-DS18x20/libopencm3/lib/libopencm3_stm32f1.a(usart_common_f124.o)
                0x0000000008000e7a                usart_wait_recv_ready
 .text.usart_get_flag
                0x0000000008000e82        0xc /Users/sl/projects/stm32-DS18x20/libopencm3/lib/libopencm3_stm32f1.a(usart_common_f124.o)
                0x0000000008000e82                usart_get_flag
 .text.usart_get_interrupt_source
                0x0000000008000e8e       0x30 /Users/sl/projects/stm32-DS18x20/libopencm3/lib/libopencm3_stm32f1.a(usart_common_f124.o)
                0x0000000008000e8e                usart_get_interrupt_source
 .text          0x0000000008000ebe        0x0 /Users/sl/projects/stm32-DS18x20/libopencm3/lib/libopencm3_stm32f1.a(rcc_common_all.o)
 .text.rcc_peripheral_enable_clock
                0x0000000008000ebe        0x8 /Users/sl/projects/stm32-DS18x20/libopencm3/lib/libopencm3_stm32f1.a(rcc_common_all.o)
                0x0000000008000ebe                rcc_peripheral_enable_clock
 .text.rcc_peripheral_disable_clock
                0x0000000008000ec6        0xa /Users/sl/projects/stm32-DS18x20/libopencm3/lib/libopencm3_stm32f1.a(rcc_common_all.o)
                0x0000000008000ec6                rcc_peripheral_disable_clock
 .text.rcc_peripheral_reset
                0x0000000008000ed0        0x8 /Users/sl/projects/stm32-DS18x20/libopencm3/lib/libopencm3_stm32f1.a(rcc_common_all.o)
                0x0000000008000ed0                rcc_peripheral_reset
 .text.rcc_peripheral_clear_reset
                0x0000000008000ed8        0xa /Users/sl/projects/stm32-DS18x20/libopencm3/lib/libopencm3_stm32f1.a(rcc_common_all.o)
                0x0000000008000ed8                rcc_peripheral_clear_reset
 .text.rcc_periph_clock_enable
                0x0000000008000ee2       0x1c /Users/sl/projects/stm32-DS18x20/libopencm3/lib/libopencm3_stm32f1.a(rcc_common_all.o)
                0x0000000008000ee2                rcc_periph_clock_enable
 .text.rcc_periph_clock_disable
                0x0000000008000efe       0x1e /Users/sl/projects/stm32-DS18x20/libopencm3/lib/libopencm3_stm32f1.a(rcc_common_all.o)
                0x0000000008000efe                rcc_periph_clock_disable
 .text.rcc_periph_reset_pulse
                0x0000000008000f1c       0x26 /Users/sl/projects/stm32-DS18x20/libopencm3/lib/libopencm3_stm32f1.a(rcc_common_all.o)
                0x0000000008000f1c                rcc_periph_reset_pulse
 .text.rcc_periph_reset_hold
                0x0000000008000f42       0x1c /Users/sl/projects/stm32-DS18x20/libopencm3/lib/libopencm3_stm32f1.a(rcc_common_all.o)
                0x0000000008000f42                rcc_periph_reset_hold
 .text.rcc_periph_reset_release
                0x0000000008000f5e       0x1e /Users/sl/projects/stm32-DS18x20/libopencm3/lib/libopencm3_stm32f1.a(rcc_common_all.o)
                0x0000000008000f5e                rcc_periph_reset_release
 .text.rcc_set_mco
                0x0000000008000f7c       0x14 /Users/sl/projects/stm32-DS18x20/libopencm3/lib/libopencm3_stm32f1.a(rcc_common_all.o)
                0x0000000008000f7c                rcc_set_mco
 .text          0x0000000008000f90        0x0 /Users/sl/projects/stm32-DS18x20/libopencm3/lib/libopencm3_stm32f1.a(flash_common_f01.o)
 .text.flash_prefetch_buffer_enable
                0x0000000008000f90       0x10 /Users/sl/projects/stm32-DS18x20/libopencm3/lib/libopencm3_stm32f1.a(flash_common_f01.o)
                0x0000000008000f90                flash_prefetch_buffer_enable
 .text.flash_prefetch_buffer_disable
                0x0000000008000fa0       0x10 /Users/sl/projects/stm32-DS18x20/libopencm3/lib/libopencm3_stm32f1.a(flash_common_f01.o)
                0x0000000008000fa0                flash_prefetch_buffer_disable
 .text.flash_set_ws
                0x0000000008000fb0       0x14 /Users/sl/projects/stm32-DS18x20/libopencm3/lib/libopencm3_stm32f1.a(flash_common_f01.o)
                0x0000000008000fb0                flash_set_ws
 .text.flash_unlock
                0x0000000008000fc4       0x24 /Users/sl/projects/stm32-DS18x20/libopencm3/lib/libopencm3_stm32f1.a(flash_common_f01.o)
                0x0000000008000fc4                flash_unlock
 .text.flash_lock
                0x0000000008000fe8       0x10 /Users/sl/projects/stm32-DS18x20/libopencm3/lib/libopencm3_stm32f1.a(flash_common_f01.o)
                0x0000000008000fe8                flash_lock
 .text.flash_clear_pgerr_flag
                0x0000000008000ff8       0x10 /Users/sl/projects/stm32-DS18x20/libopencm3/lib/libopencm3_stm32f1.a(flash_common_f01.o)
                0x0000000008000ff8                flash_clear_pgerr_flag
 .text.flash_clear_eop_flag
                0x0000000008001008       0x10 /Users/sl/projects/stm32-DS18x20/libopencm3/lib/libopencm3_stm32f1.a(flash_common_f01.o)
                0x0000000008001008                flash_clear_eop_flag
 .text.flash_clear_wrprterr_flag
                0x0000000008001018       0x10 /Users/sl/projects/stm32-DS18x20/libopencm3/lib/libopencm3_stm32f1.a(flash_common_f01.o)
                0x0000000008001018                flash_clear_wrprterr_flag
 .text.flash_clear_bsy_flag
                0x0000000008001028       0x10 /Users/sl/projects/stm32-DS18x20/libopencm3/lib/libopencm3_stm32f1.a(flash_common_f01.o)
                0x0000000008001028                flash_clear_bsy_flag
 .text.flash_wait_for_last_operation
                0x0000000008001038        0xc /Users/sl/projects/stm32-DS18x20/libopencm3/lib/libopencm3_stm32f1.a(flash_common_f01.o)
                0x0000000008001038                flash_wait_for_last_operation
 .text.flash_program_word
                0x0000000008001044       0x18 /Users/sl/projects/stm32-DS18x20/libopencm3/lib/libopencm3_stm32f1.a(flash_common_f01.o)
                0x0000000008001044                flash_program_word
 .text.flash_unlock_option_bytes
                0x000000000800105c       0x18 /Users/sl/projects/stm32-DS18x20/libopencm3/lib/libopencm3_stm32f1.a(flash_common_f01.o)
                0x000000000800105c                flash_unlock_option_bytes
 .text.flash_erase_option_bytes
                0x0000000008001074       0x34 /Users/sl/projects/stm32-DS18x20/libopencm3/lib/libopencm3_stm32f1.a(flash_common_f01.o)
                0x0000000008001074                flash_erase_option_bytes
 .text.flash_program_option_bytes
                0x00000000080010a8       0x34 /Users/sl/projects/stm32-DS18x20/libopencm3/lib/libopencm3_stm32f1.a(flash_common_f01.o)
                0x00000000080010a8                flash_program_option_bytes
 .text          0x00000000080010dc        0x0 /Users/sl/projects/stm32-DS18x20/libopencm3/lib/libopencm3_stm32f1.a(vector.o)
 .text.blocking_handler
                0x00000000080010dc        0x2 /Users/sl/projects/stm32-DS18x20/libopencm3/lib/libopencm3_stm32f1.a(vector.o)
                0x00000000080010dc                exti0_isr
                0x00000000080010dc                rtc_isr
                0x00000000080010dc                tim7_isr
                0x00000000080010dc                adc1_2_isr
                0x00000000080010dc                tim1_trg_com_isr
                0x00000000080010dc                usb_hp_can_tx_isr
                0x00000000080010dc                tim6_isr
                0x00000000080010dc                usb_wakeup_isr
                0x00000000080010dc                blocking_handler
                0x00000000080010dc                tim5_isr
                0x00000000080010dc                otg_fs_isr
                0x00000000080010dc                spi1_isr
                0x00000000080010dc                exti2_isr
                0x00000000080010dc                dma1_channel6_isr
                0x00000000080010dc                can_rx1_isr
                0x00000000080010dc                dma1_channel5_isr
                0x00000000080010dc                dma2_channel5_isr
                0x00000000080010dc                usart1_isr
                0x00000000080010dc                usage_fault_handler
                0x00000000080010dc                tim8_trg_com_isr
                0x00000000080010dc                can2_rx0_isr
                0x00000000080010dc                tim1_brk_isr
                0x00000000080010dc                can2_rx1_isr
                0x00000000080010dc                tim1_cc_isr
                0x00000000080010dc                sdio_isr
                0x00000000080010dc                eth_isr
                0x00000000080010dc                dma1_channel4_isr
                0x00000000080010dc                tim8_brk_isr
                0x00000000080010dc                dma2_channel4_5_isr
                0x00000000080010dc                pvd_isr
                0x00000000080010dc                rcc_isr
                0x00000000080010dc                flash_isr
                0x00000000080010dc                uart4_isr
                0x00000000080010dc                rtc_alarm_isr
                0x00000000080010dc                exti15_10_isr
                0x00000000080010dc                hard_fault_handler
                0x00000000080010dc                exti1_isr
                0x00000000080010dc                i2c1_ev_isr
                0x00000000080010dc                dma2_channel1_isr
                0x00000000080010dc                spi2_isr
                0x00000000080010dc                tim8_up_isr
                0x00000000080010dc                dma2_channel2_isr
                0x00000000080010dc                exti3_isr
                0x00000000080010dc                adc3_isr
                0x00000000080010dc                tim3_isr
                0x00000000080010dc                usart2_isr
                0x00000000080010dc                usb_lp_can_rx0_isr
                0x00000000080010dc                i2c2_er_isr
                0x00000000080010dc                i2c2_ev_isr
                0x00000000080010dc                uart5_isr
                0x00000000080010dc                fsmc_isr
                0x00000000080010dc                dma1_channel1_isr
                0x00000000080010dc                exti4_isr
                0x00000000080010dc                mem_manage_handler
                0x00000000080010dc                can2_tx_isr
                0x00000000080010dc                exti9_5_isr
                0x00000000080010dc                dma2_channel3_isr
                0x00000000080010dc                dma1_channel7_isr
                0x00000000080010dc                tim1_up_isr
                0x00000000080010dc                can2_sce_isr
                0x00000000080010dc                tim4_isr
                0x00000000080010dc                dma1_channel2_isr
                0x00000000080010dc                i2c1_er_isr
                0x00000000080010dc                can_sce_isr
                0x00000000080010dc                tim8_cc_isr
                0x00000000080010dc                tamper_isr
                0x00000000080010dc                eth_wkup_isr
                0x00000000080010dc                bus_fault_handler
                0x00000000080010dc                wwdg_isr
                0x00000000080010dc                dma1_channel3_isr
                0x00000000080010dc                spi3_isr
                0x00000000080010dc                tim2_isr
                0x00000000080010dc                usart3_isr
 .text.null_handler
                0x00000000080010de        0x2 /Users/sl/projects/stm32-DS18x20/libopencm3/lib/libopencm3_stm32f1.a(vector.o)
                0x00000000080010de                null_handler
                0x00000000080010de                sv_call_handler
                0x00000000080010de                pend_sv_handler
                0x00000000080010de                debug_monitor_handler
                0x00000000080010de                sys_tick_handler
                0x00000000080010de                nmi_handler
 .text.reset_handler
                0x00000000080010e0       0x90 /Users/sl/projects/stm32-DS18x20/libopencm3/lib/libopencm3_stm32f1.a(vector.o)
                0x00000000080010e0                reset_handler
 .text          0x0000000008001170        0x0 /Users/sl/projects/stm32-DS18x20/libopencm3/lib/libopencm3_stm32f1.a(assert.o)
 .text.cm3_assert_failed
                0x0000000008001170        0x2 /Users/sl/projects/stm32-DS18x20/libopencm3/lib/libopencm3_stm32f1.a(assert.o)
                0x0000000008001170                cm3_assert_failed
 .text.cm3_assert_failed_verbose
                0x0000000008001172        0x6 /Users/sl/projects/stm32-DS18x20/libopencm3/lib/libopencm3_stm32f1.a(assert.o)
                0x0000000008001172                cm3_assert_failed_verbose
 .text          0x0000000008001178        0x0 /Users/sl/projects/stm32-DS18x20/libopencm3/lib/libopencm3_stm32f1.a(flash.o)
 .text.flash_halfcycle_enable
                0x0000000008001178       0x10 /Users/sl/projects/stm32-DS18x20/libopencm3/lib/libopencm3_stm32f1.a(flash.o)
                0x0000000008001178                flash_halfcycle_enable
 .text.flash_halfcycle_disable
                0x0000000008001188       0x10 /Users/sl/projects/stm32-DS18x20/libopencm3/lib/libopencm3_stm32f1.a(flash.o)
                0x0000000008001188                flash_halfcycle_disable
 .text.flash_unlock_upper
                0x0000000008001198       0x34 /Users/sl/projects/stm32-DS18x20/libopencm3/lib/libopencm3_stm32f1.a(flash.o)
                0x0000000008001198                flash_unlock_upper
 .text.flash_lock_upper
                0x00000000080011cc       0x10 /Users/sl/projects/stm32-DS18x20/libopencm3/lib/libopencm3_stm32f1.a(flash.o)
                0x00000000080011cc                flash_lock_upper
 .text.flash_clear_pgerr_flag_upper
                0x00000000080011dc       0x20 /Users/sl/projects/stm32-DS18x20/libopencm3/lib/libopencm3_stm32f1.a(flash.o)
                0x00000000080011dc                flash_clear_pgerr_flag_upper
 .text.flash_clear_eop_flag_upper
                0x00000000080011fc       0x20 /Users/sl/projects/stm32-DS18x20/libopencm3/lib/libopencm3_stm32f1.a(flash.o)
                0x00000000080011fc                flash_clear_eop_flag_upper
 .text.flash_clear_wrprterr_flag_upper
                0x000000000800121c       0x20 /Users/sl/projects/stm32-DS18x20/libopencm3/lib/libopencm3_stm32f1.a(flash.o)
                0x000000000800121c                flash_clear_wrprterr_flag_upper
 .text.flash_clear_bsy_flag_upper
                0x000000000800123c       0x20 /Users/sl/projects/stm32-DS18x20/libopencm3/lib/libopencm3_stm32f1.a(flash.o)
                0x000000000800123c                flash_clear_bsy_flag_upper
 .text.flash_clear_status_flags
                0x000000000800125c       0x38 /Users/sl/projects/stm32-DS18x20/libopencm3/lib/libopencm3_stm32f1.a(flash.o)
                0x000000000800125c                flash_clear_status_flags
 .text.flash_get_status_flags
                0x0000000008001294       0x28 /Users/sl/projects/stm32-DS18x20/libopencm3/lib/libopencm3_stm32f1.a(flash.o)
                0x0000000008001294                flash_get_status_flags
 .text.flash_program_half_word
                0x00000000080012bc       0x64 /Users/sl/projects/stm32-DS18x20/libopencm3/lib/libopencm3_stm32f1.a(flash.o)
                0x00000000080012bc                flash_program_half_word
 .text.flash_erase_page
                0x0000000008001320       0x7c /Users/sl/projects/stm32-DS18x20/libopencm3/lib/libopencm3_stm32f1.a(flash.o)
                0x0000000008001320                flash_erase_page
 .text.flash_erase_all_pages
                0x000000000800139c       0x48 /Users/sl/projects/stm32-DS18x20/libopencm3/lib/libopencm3_stm32f1.a(flash.o)
                0x000000000800139c                flash_erase_all_pages
                0x00000000080013e4                . = ALIGN (0x4)
 *(.rodata*)
                0x00000000080013e4                . = ALIGN (0x4)

.glue_7         0x00000000080013e4        0x0
 .glue_7        0x00000000080013e4        0x0 linker stubs

.glue_7t        0x00000000080013e4        0x0
 .glue_7t       0x00000000080013e4        0x0 linker stubs

.vfp11_veneer   0x00000000080013e4        0x0
 .vfp11_veneer  0x00000000080013e4        0x0 linker stubs

.v4_bx          0x00000000080013e4        0x0
 .v4_bx         0x00000000080013e4        0x0 linker stubs

.iplt           0x00000000080013e4        0x0
 .iplt          0x00000000080013e4        0x0 CMakeFiles/stm32-DS18x20.elf.dir/main.c.obj

.rel.dyn        0x00000000080013e4        0x0
 .rel.iplt      0x00000000080013e4        0x0 CMakeFiles/stm32-DS18x20.elf.dir/main.c.obj

.preinit_array  0x00000000080013e4        0x0
                0x00000000080013e4                . = ALIGN (0x4)
                0x00000000080013e4                __preinit_array_start = .
 *(.preinit_array)
                0x00000000080013e4                __preinit_array_end = .

.init_array     0x00000000080013e4        0x0
                0x00000000080013e4                . = ALIGN (0x4)
                0x00000000080013e4                __init_array_start = .
 *(SORT(.init_array.*))
 *(.init_array)
                0x00000000080013e4                __init_array_end = .

.fini_array     0x00000000080013e4        0x0
                0x00000000080013e4                . = ALIGN (0x4)
                0x00000000080013e4                __fini_array_start = .
 *(.fini_array)
 *(SORT(.fini_array.*))
                0x00000000080013e4                __fini_array_end = .

.ARM.extab
 *(.ARM.extab*)

.ARM.exidx      0x00000000080013e4        0x0
                0x00000000080013e4                __exidx_start = .
 *(.ARM.exidx*)
                0x00000000080013e4                __exidx_end = .
                0x00000000080013e4                . = ALIGN (0x4)
                0x00000000080013e4                _etext = .

.data           0x0000000020000000        0xc load address 0x00000000080013e4
                0x0000000020000000                _data = .
 *(.data*)
 .data          0x0000000020000000        0x0 CMakeFiles/stm32-DS18x20.elf.dir/main.c.obj
 .data          0x0000000020000000        0x0 /Users/sl/projects/stm32-DS18x20/libopencm3/lib/libopencm3_stm32f1.a(gpio.o)
 .data          0x0000000020000000        0x0 /Users/sl/projects/stm32-DS18x20/libopencm3/lib/libopencm3_stm32f1.a(rcc.o)
 .data.rcc_ahb_frequency
                0x0000000020000000        0x4 /Users/sl/projects/stm32-DS18x20/libopencm3/lib/libopencm3_stm32f1.a(rcc.o)
                0x0000000020000000                rcc_ahb_frequency
 .data.rcc_apb1_frequency
                0x0000000020000004        0x4 /Users/sl/projects/stm32-DS18x20/libopencm3/lib/libopencm3_stm32f1.a(rcc.o)
                0x0000000020000004                rcc_apb1_frequency
 .data.rcc_apb2_frequency
                0x0000000020000008        0x4 /Users/sl/projects/stm32-DS18x20/libopencm3/lib/libopencm3_stm32f1.a(rcc.o)
                0x0000000020000008                rcc_apb2_frequency
 .data          0x000000002000000c        0x0 /Users/sl/projects/stm32-DS18x20/libopencm3/lib/libopencm3_stm32f1.a(gpio_common_all.o)
 .data          0x000000002000000c        0x0 /Users/sl/projects/stm32-DS18x20/libopencm3/lib/libopencm3_stm32f1.a(usart_common_all.o)
 .data          0x000000002000000c        0x0 /Users/sl/projects/stm32-DS18x20/libopencm3/lib/libopencm3_stm32f1.a(usart_common_f124.o)
 .data          0x000000002000000c        0x0 /Users/sl/projects/stm32-DS18x20/libopencm3/lib/libopencm3_stm32f1.a(rcc_common_all.o)
 .data          0x000000002000000c        0x0 /Users/sl/projects/stm32-DS18x20/libopencm3/lib/libopencm3_stm32f1.a(flash_common_f01.o)
 .data          0x000000002000000c        0x0 /Users/sl/projects/stm32-DS18x20/libopencm3/lib/libopencm3_stm32f1.a(vector.o)
 .data          0x000000002000000c        0x0 /Users/sl/projects/stm32-DS18x20/libopencm3/lib/libopencm3_stm32f1.a(assert.o)
 .data          0x000000002000000c        0x0 /Users/sl/projects/stm32-DS18x20/libopencm3/lib/libopencm3_stm32f1.a(flash.o)
                0x000000002000000c                . = ALIGN (0x4)
                0x000000002000000c                _edata = .
                0x00000000080013e4                _data_loadaddr = LOADADDR (.data)

.igot.plt       0x000000002000000c        0x0 load address 0x00000000080013f0
 .igot.plt      0x000000002000000c        0x0 CMakeFiles/stm32-DS18x20.elf.dir/main.c.obj

.bss            0x000000002000000c        0x0 load address 0x00000000080013f0
 *(.bss*)
 .bss           0x000000002000000c        0x0 CMakeFiles/stm32-DS18x20.elf.dir/main.c.obj
 .bss           0x000000002000000c        0x0 /Users/sl/projects/stm32-DS18x20/libopencm3/lib/libopencm3_stm32f1.a(gpio.o)
 .bss           0x000000002000000c        0x0 /Users/sl/projects/stm32-DS18x20/libopencm3/lib/libopencm3_stm32f1.a(rcc.o)
 .bss           0x000000002000000c        0x0 /Users/sl/projects/stm32-DS18x20/libopencm3/lib/libopencm3_stm32f1.a(gpio_common_all.o)
 .bss           0x000000002000000c        0x0 /Users/sl/projects/stm32-DS18x20/libopencm3/lib/libopencm3_stm32f1.a(usart_common_all.o)
 .bss           0x000000002000000c        0x0 /Users/sl/projects/stm32-DS18x20/libopencm3/lib/libopencm3_stm32f1.a(usart_common_f124.o)
 .bss           0x000000002000000c        0x0 /Users/sl/projects/stm32-DS18x20/libopencm3/lib/libopencm3_stm32f1.a(rcc_common_all.o)
 .bss           0x000000002000000c        0x0 /Users/sl/projects/stm32-DS18x20/libopencm3/lib/libopencm3_stm32f1.a(flash_common_f01.o)
 .bss           0x000000002000000c        0x0 /Users/sl/projects/stm32-DS18x20/libopencm3/lib/libopencm3_stm32f1.a(vector.o)
 .bss           0x000000002000000c        0x0 /Users/sl/projects/stm32-DS18x20/libopencm3/lib/libopencm3_stm32f1.a(assert.o)
 .bss           0x000000002000000c        0x0 /Users/sl/projects/stm32-DS18x20/libopencm3/lib/libopencm3_stm32f1.a(flash.o)
 *(COMMON)
                0x000000002000000c                . = ALIGN (0x4)
                0x000000002000000c                _ebss = .

/DISCARD/
 *(.eh_frame)
                0x000000002000000c                . = ALIGN (0x4)
                0x000000002000000c                end = .
                0x0000000020005000                PROVIDE (_stack, (ORIGIN (ram) + LENGTH (ram)))
OUTPUT(/Users/sl/projects/stm32-DS18x20/build/stm32-DS18x20.elf elf32-littlearm)

.debug_info     0x0000000000000000     0x2d1b
 .debug_info    0x0000000000000000      0x376 CMakeFiles/stm32-DS18x20.elf.dir/main.c.obj
 .debug_info    0x0000000000000376      0x1df /Users/sl/projects/stm32-DS18x20/libopencm3/lib/libopencm3_stm32f1.a(gpio.o)
 .debug_info    0x0000000000000555     0x116a /Users/sl/projects/stm32-DS18x20/libopencm3/lib/libopencm3_stm32f1.a(rcc.o)
 .debug_info    0x00000000000016bf      0x22c /Users/sl/projects/stm32-DS18x20/libopencm3/lib/libopencm3_stm32f1.a(gpio_common_all.o)
 .debug_info    0x00000000000018eb      0x4b2 /Users/sl/projects/stm32-DS18x20/libopencm3/lib/libopencm3_stm32f1.a(usart_common_all.o)
 .debug_info    0x0000000000001d9d      0x1bb /Users/sl/projects/stm32-DS18x20/libopencm3/lib/libopencm3_stm32f1.a(usart_common_f124.o)
 .debug_info    0x0000000000001f58      0x50a /Users/sl/projects/stm32-DS18x20/libopencm3/lib/libopencm3_stm32f1.a(rcc_common_all.o)
 .debug_info    0x0000000000002462      0x278 /Users/sl/projects/stm32-DS18x20/libopencm3/lib/libopencm3_stm32f1.a(flash_common_f01.o)
 .debug_info    0x00000000000026da      0x2a8 /Users/sl/projects/stm32-DS18x20/libopencm3/lib/libopencm3_stm32f1.a(vector.o)
 .debug_info    0x0000000000002982       0xee /Users/sl/projects/stm32-DS18x20/libopencm3/lib/libopencm3_stm32f1.a(assert.o)
 .debug_info    0x0000000000002a70      0x2ab /Users/sl/projects/stm32-DS18x20/libopencm3/lib/libopencm3_stm32f1.a(flash.o)

.debug_abbrev   0x0000000000000000      0xbc1
 .debug_abbrev  0x0000000000000000      0x103 CMakeFiles/stm32-DS18x20.elf.dir/main.c.obj
 .debug_abbrev  0x0000000000000103       0xb7 /Users/sl/projects/stm32-DS18x20/libopencm3/lib/libopencm3_stm32f1.a(gpio.o)
 .debug_abbrev  0x00000000000001ba      0x272 /Users/sl/projects/stm32-DS18x20/libopencm3/lib/libopencm3_stm32f1.a(rcc.o)
 .debug_abbrev  0x000000000000042c      0x10e /Users/sl/projects/stm32-DS18x20/libopencm3/lib/libopencm3_stm32f1.a(gpio_common_all.o)
 .debug_abbrev  0x000000000000053a      0x10f /Users/sl/projects/stm32-DS18x20/libopencm3/lib/libopencm3_stm32f1.a(usart_common_all.o)
 .debug_abbrev  0x0000000000000649       0xb7 /Users/sl/projects/stm32-DS18x20/libopencm3/lib/libopencm3_stm32f1.a(usart_common_f124.o)
 .debug_abbrev  0x0000000000000700      0x105 /Users/sl/projects/stm32-DS18x20/libopencm3/lib/libopencm3_stm32f1.a(rcc_common_all.o)
 .debug_abbrev  0x0000000000000805       0xcd /Users/sl/projects/stm32-DS18x20/libopencm3/lib/libopencm3_stm32f1.a(flash_common_f01.o)
 .debug_abbrev  0x00000000000008d2      0x146 /Users/sl/projects/stm32-DS18x20/libopencm3/lib/libopencm3_stm32f1.a(vector.o)
 .debug_abbrev  0x0000000000000a18       0x8f /Users/sl/projects/stm32-DS18x20/libopencm3/lib/libopencm3_stm32f1.a(assert.o)
 .debug_abbrev  0x0000000000000aa7      0x11a /Users/sl/projects/stm32-DS18x20/libopencm3/lib/libopencm3_stm32f1.a(flash.o)

.debug_aranges  0x0000000000000000      0x4c8
 .debug_aranges
                0x0000000000000000       0x20 CMakeFiles/stm32-DS18x20.elf.dir/main.c.obj
 .debug_aranges
                0x0000000000000020       0x38 /Users/sl/projects/stm32-DS18x20/libopencm3/lib/libopencm3_stm32f1.a(gpio.o)
 .debug_aranges
                0x0000000000000058      0x168 /Users/sl/projects/stm32-DS18x20/libopencm3/lib/libopencm3_stm32f1.a(rcc.o)
 .debug_aranges
                0x00000000000001c0       0x50 /Users/sl/projects/stm32-DS18x20/libopencm3/lib/libopencm3_stm32f1.a(gpio_common_all.o)
 .debug_aranges
                0x0000000000000210       0xb8 /Users/sl/projects/stm32-DS18x20/libopencm3/lib/libopencm3_stm32f1.a(usart_common_all.o)
 .debug_aranges
                0x00000000000002c8       0x48 /Users/sl/projects/stm32-DS18x20/libopencm3/lib/libopencm3_stm32f1.a(usart_common_f124.o)
 .debug_aranges
                0x0000000000000310       0x58 /Users/sl/projects/stm32-DS18x20/libopencm3/lib/libopencm3_stm32f1.a(rcc_common_all.o)
 .debug_aranges
                0x0000000000000368       0x88 /Users/sl/projects/stm32-DS18x20/libopencm3/lib/libopencm3_stm32f1.a(flash_common_f01.o)
 .debug_aranges
                0x00000000000003f0       0x30 /Users/sl/projects/stm32-DS18x20/libopencm3/lib/libopencm3_stm32f1.a(vector.o)
 .debug_aranges
                0x0000000000000420       0x28 /Users/sl/projects/stm32-DS18x20/libopencm3/lib/libopencm3_stm32f1.a(assert.o)
 .debug_aranges
                0x0000000000000448       0x80 /Users/sl/projects/stm32-DS18x20/libopencm3/lib/libopencm3_stm32f1.a(flash.o)

.debug_line     0x0000000000000000     0x21ce
 .debug_line    0x0000000000000000      0x161 CMakeFiles/stm32-DS18x20.elf.dir/main.c.obj
 .debug_line    0x0000000000000161      0x28e /Users/sl/projects/stm32-DS18x20/libopencm3/lib/libopencm3_stm32f1.a(gpio.o)
 .debug_line    0x00000000000003ef      0x63c /Users/sl/projects/stm32-DS18x20/libopencm3/lib/libopencm3_stm32f1.a(rcc.o)
 .debug_line    0x0000000000000a2b      0x2c2 /Users/sl/projects/stm32-DS18x20/libopencm3/lib/libopencm3_stm32f1.a(gpio_common_all.o)
 .debug_line    0x0000000000000ced      0x3f8 /Users/sl/projects/stm32-DS18x20/libopencm3/lib/libopencm3_stm32f1.a(usart_common_all.o)
 .debug_line    0x00000000000010e5      0x308 /Users/sl/projects/stm32-DS18x20/libopencm3/lib/libopencm3_stm32f1.a(usart_common_f124.o)
 .debug_line    0x00000000000013ed      0x2c7 /Users/sl/projects/stm32-DS18x20/libopencm3/lib/libopencm3_stm32f1.a(rcc_common_all.o)
 .debug_line    0x00000000000016b4      0x34d /Users/sl/projects/stm32-DS18x20/libopencm3/lib/libopencm3_stm32f1.a(flash_common_f01.o)
 .debug_line    0x0000000000001a01      0x2d4 /Users/sl/projects/stm32-DS18x20/libopencm3/lib/libopencm3_stm32f1.a(vector.o)
 .debug_line    0x0000000000001cd5      0x19f /Users/sl/projects/stm32-DS18x20/libopencm3/lib/libopencm3_stm32f1.a(assert.o)
 .debug_line    0x0000000000001e74      0x35a /Users/sl/projects/stm32-DS18x20/libopencm3/lib/libopencm3_stm32f1.a(flash.o)

.debug_str      0x0000000000000000     0xeb2d
 .debug_str     0x0000000000000000      0x368 CMakeFiles/stm32-DS18x20.elf.dir/main.c.obj
                                        0x414 (size before relaxing)
 .debug_str     0x0000000000000368     0x7ad5 /Users/sl/projects/stm32-DS18x20/libopencm3/lib/libopencm3_stm32f1.a(gpio.o)
                                       0x7c5a (size before relaxing)
 .debug_str     0x0000000000007e3d     0x3066 /Users/sl/projects/stm32-DS18x20/libopencm3/lib/libopencm3_stm32f1.a(rcc.o)
                                       0x74b1 (size before relaxing)
 .debug_str     0x000000000000aea3       0x7a /Users/sl/projects/stm32-DS18x20/libopencm3/lib/libopencm3_stm32f1.a(gpio_common_all.o)
                                       0x7c4e (size before relaxing)
 .debug_str     0x000000000000af1d     0x1090 /Users/sl/projects/stm32-DS18x20/libopencm3/lib/libopencm3_stm32f1.a(usart_common_all.o)
                                       0x78d8 (size before relaxing)
 .debug_str     0x000000000000bfad       0x51 /Users/sl/projects/stm32-DS18x20/libopencm3/lib/libopencm3_stm32f1.a(usart_common_f124.o)
                                       0x7710 (size before relaxing)
 .debug_str     0x000000000000bffe      0x30d /Users/sl/projects/stm32-DS18x20/libopencm3/lib/libopencm3_stm32f1.a(rcc_common_all.o)
                                       0x6d27 (size before relaxing)
 .debug_str     0x000000000000c30b      0x179 /Users/sl/projects/stm32-DS18x20/libopencm3/lib/libopencm3_stm32f1.a(flash_common_f01.o)
                                       0x4d01 (size before relaxing)
 .debug_str     0x000000000000c484     0x24fc /Users/sl/projects/stm32-DS18x20/libopencm3/lib/libopencm3_stm32f1.a(vector.o)
                                       0x5dac (size before relaxing)
 .debug_str     0x000000000000e980       0x48 /Users/sl/projects/stm32-DS18x20/libopencm3/lib/libopencm3_stm32f1.a(assert.o)
                                       0x3828 (size before relaxing)
 .debug_str     0x000000000000e9c8      0x165 /Users/sl/projects/stm32-DS18x20/libopencm3/lib/libopencm3_stm32f1.a(flash.o)
                                       0x4d8e (size before relaxing)

.comment        0x0000000000000000       0x6e
 .comment       0x0000000000000000       0x6e CMakeFiles/stm32-DS18x20.elf.dir/main.c.obj
                                         0x6f (size before relaxing)
 .comment       0x000000000000006e       0x6f /Users/sl/projects/stm32-DS18x20/libopencm3/lib/libopencm3_stm32f1.a(gpio.o)
 .comment       0x000000000000006e       0x6f /Users/sl/projects/stm32-DS18x20/libopencm3/lib/libopencm3_stm32f1.a(rcc.o)
 .comment       0x000000000000006e       0x6f /Users/sl/projects/stm32-DS18x20/libopencm3/lib/libopencm3_stm32f1.a(gpio_common_all.o)
 .comment       0x000000000000006e       0x6f /Users/sl/projects/stm32-DS18x20/libopencm3/lib/libopencm3_stm32f1.a(usart_common_all.o)
 .comment       0x000000000000006e       0x6f /Users/sl/projects/stm32-DS18x20/libopencm3/lib/libopencm3_stm32f1.a(usart_common_f124.o)
 .comment       0x000000000000006e       0x6f /Users/sl/projects/stm32-DS18x20/libopencm3/lib/libopencm3_stm32f1.a(rcc_common_all.o)
 .comment       0x000000000000006e       0x6f /Users/sl/projects/stm32-DS18x20/libopencm3/lib/libopencm3_stm32f1.a(flash_common_f01.o)
 .comment       0x000000000000006e       0x6f /Users/sl/projects/stm32-DS18x20/libopencm3/lib/libopencm3_stm32f1.a(vector.o)
 .comment       0x000000000000006e       0x6f /Users/sl/projects/stm32-DS18x20/libopencm3/lib/libopencm3_stm32f1.a(assert.o)
 .comment       0x000000000000006e       0x6f /Users/sl/projects/stm32-DS18x20/libopencm3/lib/libopencm3_stm32f1.a(flash.o)

.ARM.attributes
                0x0000000000000000       0x33
 .ARM.attributes
                0x0000000000000000       0x33 CMakeFiles/stm32-DS18x20.elf.dir/main.c.obj
 .ARM.attributes
                0x0000000000000033       0x33 /Users/sl/projects/stm32-DS18x20/libopencm3/lib/libopencm3_stm32f1.a(gpio.o)
 .ARM.attributes
                0x0000000000000066       0x33 /Users/sl/projects/stm32-DS18x20/libopencm3/lib/libopencm3_stm32f1.a(rcc.o)
 .ARM.attributes
                0x0000000000000099       0x33 /Users/sl/projects/stm32-DS18x20/libopencm3/lib/libopencm3_stm32f1.a(gpio_common_all.o)
 .ARM.attributes
                0x00000000000000cc       0x33 /Users/sl/projects/stm32-DS18x20/libopencm3/lib/libopencm3_stm32f1.a(usart_common_all.o)
 .ARM.attributes
                0x00000000000000ff       0x33 /Users/sl/projects/stm32-DS18x20/libopencm3/lib/libopencm3_stm32f1.a(usart_common_f124.o)
 .ARM.attributes
                0x0000000000000132       0x33 /Users/sl/projects/stm32-DS18x20/libopencm3/lib/libopencm3_stm32f1.a(rcc_common_all.o)
 .ARM.attributes
                0x0000000000000165       0x33 /Users/sl/projects/stm32-DS18x20/libopencm3/lib/libopencm3_stm32f1.a(flash_common_f01.o)
 .ARM.attributes
                0x0000000000000198       0x33 /Users/sl/projects/stm32-DS18x20/libopencm3/lib/libopencm3_stm32f1.a(vector.o)
 .ARM.attributes
                0x00000000000001cb       0x33 /Users/sl/projects/stm32-DS18x20/libopencm3/lib/libopencm3_stm32f1.a(assert.o)
 .ARM.attributes
                0x00000000000001fe       0x33 /Users/sl/projects/stm32-DS18x20/libopencm3/lib/libopencm3_stm32f1.a(flash.o)

.debug_frame    0x0000000000000000      0x9f0
 .debug_frame   0x0000000000000000       0xd8 CMakeFiles/stm32-DS18x20.elf.dir/main.c.obj
 .debug_frame   0x00000000000000d8       0x64 /Users/sl/projects/stm32-DS18x20/libopencm3/lib/libopencm3_stm32f1.a(gpio.o)
 .debug_frame   0x000000000000013c      0x300 /Users/sl/projects/stm32-DS18x20/libopencm3/lib/libopencm3_stm32f1.a(rcc.o)
 .debug_frame   0x000000000000043c       0x80 /Users/sl/projects/stm32-DS18x20/libopencm3/lib/libopencm3_stm32f1.a(gpio_common_all.o)
 .debug_frame   0x00000000000004bc      0x170 /Users/sl/projects/stm32-DS18x20/libopencm3/lib/libopencm3_stm32f1.a(usart_common_all.o)
 .debug_frame   0x000000000000062c       0x70 /Users/sl/projects/stm32-DS18x20/libopencm3/lib/libopencm3_stm32f1.a(usart_common_f124.o)
 .debug_frame   0x000000000000069c       0xb0 /Users/sl/projects/stm32-DS18x20/libopencm3/lib/libopencm3_stm32f1.a(rcc_common_all.o)
 .debug_frame   0x000000000000074c      0x120 /Users/sl/projects/stm32-DS18x20/libopencm3/lib/libopencm3_stm32f1.a(flash_common_f01.o)
 .debug_frame   0x000000000000086c       0x40 /Users/sl/projects/stm32-DS18x20/libopencm3/lib/libopencm3_stm32f1.a(vector.o)
 .debug_frame   0x00000000000008ac       0x38 /Users/sl/projects/stm32-DS18x20/libopencm3/lib/libopencm3_stm32f1.a(assert.o)
 .debug_frame   0x00000000000008e4      0x10c /Users/sl/projects/stm32-DS18x20/libopencm3/lib/libopencm3_stm32f1.a(flash.o)

.debug_loc      0x0000000000000000      0xd68
 .debug_loc     0x0000000000000000      0x19f /Users/sl/projects/stm32-DS18x20/libopencm3/lib/libopencm3_stm32f1.a(gpio.o)
 .debug_loc     0x000000000000019f      0x4ba /Users/sl/projects/stm32-DS18x20/libopencm3/lib/libopencm3_stm32f1.a(rcc.o)
 .debug_loc     0x0000000000000659       0x97 /Users/sl/projects/stm32-DS18x20/libopencm3/lib/libopencm3_stm32f1.a(gpio_common_all.o)
 .debug_loc     0x00000000000006f0      0x1ca /Users/sl/projects/stm32-DS18x20/libopencm3/lib/libopencm3_stm32f1.a(usart_common_all.o)
 .debug_loc     0x00000000000008ba       0xd4 /Users/sl/projects/stm32-DS18x20/libopencm3/lib/libopencm3_stm32f1.a(usart_common_f124.o)
 .debug_loc     0x000000000000098e      0x108 /Users/sl/projects/stm32-DS18x20/libopencm3/lib/libopencm3_stm32f1.a(rcc_common_all.o)
 .debug_loc     0x0000000000000a96       0xd3 /Users/sl/projects/stm32-DS18x20/libopencm3/lib/libopencm3_stm32f1.a(flash_common_f01.o)
 .debug_loc     0x0000000000000b69       0xdf /Users/sl/projects/stm32-DS18x20/libopencm3/lib/libopencm3_stm32f1.a(vector.o)
 .debug_loc     0x0000000000000c48       0x84 /Users/sl/projects/stm32-DS18x20/libopencm3/lib/libopencm3_stm32f1.a(assert.o)
 .debug_loc     0x0000000000000ccc       0x9c /Users/sl/projects/stm32-DS18x20/libopencm3/lib/libopencm3_stm32f1.a(flash.o)

.debug_ranges   0x0000000000000000      0x468
 .debug_ranges  0x0000000000000000       0x28 /Users/sl/projects/stm32-DS18x20/libopencm3/lib/libopencm3_stm32f1.a(gpio.o)
 .debug_ranges  0x0000000000000028      0x1b8 /Users/sl/projects/stm32-DS18x20/libopencm3/lib/libopencm3_stm32f1.a(rcc.o)
 .debug_ranges  0x00000000000001e0       0x40 /Users/sl/projects/stm32-DS18x20/libopencm3/lib/libopencm3_stm32f1.a(gpio_common_all.o)
 .debug_ranges  0x0000000000000220       0xa8 /Users/sl/projects/stm32-DS18x20/libopencm3/lib/libopencm3_stm32f1.a(usart_common_all.o)
 .debug_ranges  0x00000000000002c8       0x38 /Users/sl/projects/stm32-DS18x20/libopencm3/lib/libopencm3_stm32f1.a(usart_common_f124.o)
 .debug_ranges  0x0000000000000300       0x48 /Users/sl/projects/stm32-DS18x20/libopencm3/lib/libopencm3_stm32f1.a(rcc_common_all.o)
 .debug_ranges  0x0000000000000348       0x78 /Users/sl/projects/stm32-DS18x20/libopencm3/lib/libopencm3_stm32f1.a(flash_common_f01.o)
 .debug_ranges  0x00000000000003c0       0x20 /Users/sl/projects/stm32-DS18x20/libopencm3/lib/libopencm3_stm32f1.a(vector.o)
 .debug_ranges  0x00000000000003e0       0x18 /Users/sl/projects/stm32-DS18x20/libopencm3/lib/libopencm3_stm32f1.a(assert.o)
 .debug_ranges  0x00000000000003f8       0x70 /Users/sl/projects/stm32-DS18x20/libopencm3/lib/libopencm3_stm32f1.a(flash.o)

.debug_macro    0x0000000000000000     0x3830
 .debug_macro   0x0000000000000000       0xb9 /Users/sl/projects/stm32-DS18x20/libopencm3/lib/libopencm3_stm32f1.a(gpio.o)
 .debug_macro   0x00000000000000b9      0x874 /Users/sl/projects/stm32-DS18x20/libopencm3/lib/libopencm3_stm32f1.a(gpio.o)
 .debug_macro   0x000000000000092d       0x22 /Users/sl/projects/stm32-DS18x20/libopencm3/lib/libopencm3_stm32f1.a(gpio.o)
 .debug_macro   0x000000000000094f       0x87 /Users/sl/projects/stm32-DS18x20/libopencm3/lib/libopencm3_stm32f1.a(gpio.o)
 .debug_macro   0x00000000000009d6       0x44 /Users/sl/projects/stm32-DS18x20/libopencm3/lib/libopencm3_stm32f1.a(gpio.o)
 .debug_macro   0x0000000000000a1a       0xfd /Users/sl/projects/stm32-DS18x20/libopencm3/lib/libopencm3_stm32f1.a(gpio.o)
 .debug_macro   0x0000000000000b17       0x5e /Users/sl/projects/stm32-DS18x20/libopencm3/lib/libopencm3_stm32f1.a(gpio.o)
 .debug_macro   0x0000000000000b75      0x1df /Users/sl/projects/stm32-DS18x20/libopencm3/lib/libopencm3_stm32f1.a(gpio.o)
 .debug_macro   0x0000000000000d54       0x22 /Users/sl/projects/stm32-DS18x20/libopencm3/lib/libopencm3_stm32f1.a(gpio.o)
 .debug_macro   0x0000000000000d76       0xfa /Users/sl/projects/stm32-DS18x20/libopencm3/lib/libopencm3_stm32f1.a(gpio.o)
 .debug_macro   0x0000000000000e70       0x58 /Users/sl/projects/stm32-DS18x20/libopencm3/lib/libopencm3_stm32f1.a(gpio.o)
 .debug_macro   0x0000000000000ec8      0x1b4 /Users/sl/projects/stm32-DS18x20/libopencm3/lib/libopencm3_stm32f1.a(gpio.o)
 .debug_macro   0x000000000000107c       0x76 /Users/sl/projects/stm32-DS18x20/libopencm3/lib/libopencm3_stm32f1.a(gpio.o)
 .debug_macro   0x00000000000010f2      0xdfd /Users/sl/projects/stm32-DS18x20/libopencm3/lib/libopencm3_stm32f1.a(gpio.o)
 .debug_macro   0x0000000000001eef       0xe0 /Users/sl/projects/stm32-DS18x20/libopencm3/lib/libopencm3_stm32f1.a(rcc.o)
 .debug_macro   0x0000000000001fcf       0x16 /Users/sl/projects/stm32-DS18x20/libopencm3/lib/libopencm3_stm32f1.a(rcc.o)
 .debug_macro   0x0000000000001fe5      0x825 /Users/sl/projects/stm32-DS18x20/libopencm3/lib/libopencm3_stm32f1.a(rcc.o)
 .debug_macro   0x000000000000280a       0xdc /Users/sl/projects/stm32-DS18x20/libopencm3/lib/libopencm3_stm32f1.a(rcc.o)
 .debug_macro   0x00000000000028e6       0x82 /Users/sl/projects/stm32-DS18x20/libopencm3/lib/libopencm3_stm32f1.a(rcc.o)
 .debug_macro   0x0000000000002968       0xb9 /Users/sl/projects/stm32-DS18x20/libopencm3/lib/libopencm3_stm32f1.a(gpio_common_all.o)
 .debug_macro   0x0000000000002a21       0xdb /Users/sl/projects/stm32-DS18x20/libopencm3/lib/libopencm3_stm32f1.a(usart_common_all.o)
 .debug_macro   0x0000000000002afc       0x8e /Users/sl/projects/stm32-DS18x20/libopencm3/lib/libopencm3_stm32f1.a(usart_common_all.o)
 .debug_macro   0x0000000000002b8a      0x273 /Users/sl/projects/stm32-DS18x20/libopencm3/lib/libopencm3_stm32f1.a(usart_common_all.o)
 .debug_macro   0x0000000000002dfd       0xdb /Users/sl/projects/stm32-DS18x20/libopencm3/lib/libopencm3_stm32f1.a(usart_common_f124.o)
 .debug_macro   0x0000000000002ed8       0xcf /Users/sl/projects/stm32-DS18x20/libopencm3/lib/libopencm3_stm32f1.a(rcc_common_all.o)
 .debug_macro   0x0000000000002fa7       0xb9 /Users/sl/projects/stm32-DS18x20/libopencm3/lib/libopencm3_stm32f1.a(flash_common_f01.o)
 .debug_macro   0x0000000000003060       0xd0 /Users/sl/projects/stm32-DS18x20/libopencm3/lib/libopencm3_stm32f1.a(vector.o)
 .debug_macro   0x0000000000003130      0x3a1 /Users/sl/projects/stm32-DS18x20/libopencm3/lib/libopencm3_stm32f1.a(vector.o)
 .debug_macro   0x00000000000034d1       0x6a /Users/sl/projects/stm32-DS18x20/libopencm3/lib/libopencm3_stm32f1.a(vector.o)
 .debug_macro   0x000000000000353b      0x1a2 /Users/sl/projects/stm32-DS18x20/libopencm3/lib/libopencm3_stm32f1.a(vector.o)
 .debug_macro   0x00000000000036dd       0x8a /Users/sl/projects/stm32-DS18x20/libopencm3/lib/libopencm3_stm32f1.a(assert.o)
 .debug_macro   0x0000000000003767       0xc9 /Users/sl/projects/stm32-DS18x20/libopencm3/lib/libopencm3_stm32f1.a(flash.o)
